=== Computing metrics from saved activations ===
--- pythia-14m ---
All 58 steps already have metrics in results/results_pythia-14m.npy
--- pythia-31m ---
Computing metrics for 58/58 steps using 18 workers...
check0
check1
check2
check3
check4
check0
check1
check2
check3
check4
check0
check1
check2
check3
check4
check0
check1
check2
check3
check4
check0
check1
check2
check3
check4
check0
check1
check2
check3
check4
check0
check1
check2
check3
check4
check0
check1
check2
check3
check4
check0
check1
check2
check3
check4
check0
check1
check2
check3
check4
check0
check1
check2
check3
check4
check0
check1
check2
check3
check4
check0
check1
check2
check3
check4
check0
check1
check2
check3
check4
check0
check1
check2
check3
check4
check0
check1
check2
check3
check4
check0
check1
check2
check3
check4
check0
check1
check2
check3
check4
check0
check1
check2
check3
check4
check0
check1
check2
check3
check4
check0
check1
check2
check3
check4
check0
check1
check2
check3
check4
check0
check1
check2
check3
check4
check0
check1
check2
check3
check4
check0
check1
check2
check3
check4
check0
check1
check2
check3
check4
check0
check1
check2
check3
check4
check0
check1
check2
check3
check4
check0
check1
check2
check3
check4
check0
check1
check2
check3
check4
check0
check1
check2
check3
check4
check0
check1
check2
check3
check4
check0
check1
check2
check3
check4
check0
check1
check2
check3
check4
check0
check1
check2
check3
check4
check0
check1
check2
check3
check4
check0
check1
check2
check3
check4
check0
check1
check2
check3
check4
check0
check1
check2
check3
check4
check0
check1
check2
check3
check4
check0
check1
check2
check3
check4
check0
check1
check2
check3
check4
check0
check1
check2
check3
check4
check0
check1
check2
check3
check4
check0
check1
check2
check3
check4
check0
check1
check2
check3
check4
check0
check1
check2
check3
check4
check0
check1
check2
check3
check4
check0
check1
check2
check3
check4
check0
check1
check2
check3
check4
check0
check1
check2
check3
check4
check0
check1
check2
check3
check4
check0
check1
check2
check3
check4
check0
check1
check2
check3
check4
check0
check1
check2
check3
check4
check0
check1
check2
check3
check4
check0
check1
check2
check3
check4
check0
check1
check2
check3
check4
test
  Step 3000: rankme=97.181, alpha=0.798, r2_100=0.999
  Step 128: rankme=6.568, alpha=1.309, r2_100=0.989
  Step 76000: rankme=103.472, alpha=0.760, r2_100=0.999
  Step 64000: rankme=85.460, alpha=0.848, r2_100=0.999
  Step 131000: rankme=121.877, alpha=0.667, r2_100=0.999
  Step 16: rankme=52.464, alpha=1.098, r2_100=0.971
  Step 6000: rankme=107.793, alpha=0.784, r2_100=0.999
  Step 125000: rankme=126.758, alpha=0.674, r2_100=0.999
  Step 87000: rankme=128.764, alpha=0.690, r2_100=0.999
  Step 256: rankme=12.385, alpha=1.589, r2_100=0.998
  Step 70000: rankme=81.905, alpha=0.865, r2_100=0.999
  Step 96000: rankme=132.015, alpha=0.661, r2_100=0.999
  Step 0: rankme=50.335, alpha=1.095, r2_100=0.971
  Step 41000: rankme=100.799, alpha=0.761, r2_100=0.999
  Step 99000: rankme=133.558, alpha=0.646, r2_100=0.999
  Step 32000: rankme=108.814, alpha=0.756, r2_100=0.999
  Step 119000: rankme=125.235, alpha=0.653, r2_100=0.998
  Step 82000: rankme=120.210, alpha=0.715, r2_100=0.999
  Step 90000: rankme=129.888, alpha=0.675, r2_100=0.998
  Step 58000: rankme=84.062, alpha=0.833, r2_100=0.998
  Step 64: rankme=9.572, alpha=0.994, r2_100=0.963
  Step 85000: rankme=126.306, alpha=0.695, r2_100=0.998
  Step 73000: rankme=82.452, alpha=0.868, r2_100=0.999
  Step 116000: rankme=131.102, alpha=0.659, r2_100=0.999
  Step 140000: rankme=122.950, alpha=0.679, r2_100=0.999
  Step 12000: rankme=110.504, alpha=0.763, r2_100=0.999
  Step 122000: rankme=126.247, alpha=0.666, r2_100=0.999
  Step 61000: rankme=84.637, alpha=0.829, r2_100=0.999
  Step 143000: rankme=127.057, alpha=0.675, r2_100=0.999
  Step 111000: rankme=125.937, alpha=0.671, r2_100=0.999
  Step 114000: rankme=133.288, alpha=0.669, r2_100=0.999
  Step 128000: rankme=127.927, alpha=0.664, r2_100=0.999
  Step 47000: rankme=88.366, alpha=0.807, r2_100=0.999
  Step 44000: rankme=89.355, alpha=0.787, r2_100=0.999
  Step 79000: rankme=112.405, alpha=0.734, r2_100=0.999
  Step 35000: rankme=101.873, alpha=0.778, r2_100=1.000
  Step 29000: rankme=106.448, alpha=0.743, r2_100=0.999
  Step 93000: rankme=131.943, alpha=0.668, r2_100=0.998
  Step 32: rankme=55.493, alpha=1.092, r2_100=0.968
  Step 38000: rankme=102.200, alpha=0.772, r2_100=0.999
  Step 50000: rankme=89.189, alpha=0.795, r2_100=0.999
  Step 8: rankme=50.724, alpha=1.096, r2_100=0.971
  Step 53000: rankme=85.333, alpha=0.816, r2_100=0.999
  Step 15000: rankme=114.536, alpha=0.732, r2_100=0.999
  Step 24000: rankme=109.399, alpha=0.753, r2_100=0.999
  Step 134000: rankme=121.478, alpha=0.675, r2_100=0.999
  Step 27000: rankme=110.164, alpha=0.729, r2_100=0.999
  Step 137000: rankme=122.336, alpha=0.674, r2_100=0.999
  Step 512: rankme=37.377, alpha=1.372, r2_100=0.993
  Step 102000: rankme=133.014, alpha=0.644, r2_100=0.999
  Step 18000: rankme=113.937, alpha=0.732, r2_100=0.999
  Step 108000: rankme=127.393, alpha=0.669, r2_100=0.999
  Step 21000: rankme=113.323, alpha=0.737, r2_100=0.999
  Step 9000: rankme=111.953, alpha=0.751, r2_100=0.999
  Step 1000: rankme=69.510, alpha=0.983, r2_100=0.993
  Step 105000: rankme=134.448, alpha=0.653, r2_100=0.999
  Step 56000: rankme=84.051, alpha=0.830, r2_100=0.999
  Step 67000: rankme=82.063, alpha=0.850, r2_100=0.999
Saved 58 results to results/results_pythia-31m.npy
--- pythia-70m ---
All 58 steps already have metrics in results/results_pythia-70m.npy
--- pythia-160m ---
All 58 steps already have metrics in results/results_pythia-160m.npy
--- pythia-160m-deduped ---
All 58 steps already have metrics in results/results_pythia-160m-deduped.npy
--- pythia-410m ---
Computing metrics for 58/58 steps using 18 workers...
check0
check1
check2
check3
check4
check0
check1
check2
check3
check4
check0
check1
check2
check3
check4
check0
check1
check2
check3
check4
check0
check1
check2
check3
check4
check0
check1
check2
check3
check4
check0
check1
check2
check3
check4
check0
check1
check2
check3
check4
check0
check1
check2
check3
check4
check0
check1
check2
check3
check4
check0
check1
check2
check3
check4
check0
check1
check2
check3
check4
check0
check1
check2
check3
check4
check0
check1
check2
check3
check4
check0
check1
check2
check3
check4
check0
check1
check2
check3
check4
check0
check1
check2
check3
check4
check0
check1
check2
check3
check4
check0
check1
check2
check3
check4
check0
check1
check2
check3
check4
check0
check1
check2
check3
check4
check0
check1
check2
check3
check4
check0
check1
check2
check3
check4
check0
check1
check2
check3
check4
check0
check1
check2
check3
check4
check0
check1
check2
check3
check4
check0
check1
check2
check3
check4
check0
check1
check2
check3
check4
check0
check1
check2
check3
check4
check0
check1
check2
check3
check4
check0
check1
check2
check3
check4
check0
check1
check2
check3
check4
check0
check1
check2
check3
check4
check0
check1
check2
check3
check4
check0
check1
check2
check3
check4
check0
check1
check2
check3
check4
check0
check1
check2
check3
check4
check0
check1
check2
check3
check4
check0
check1
check2
check3
check4
check0
check1
check2
check3
check4
check0
check1
check2
check3
check4
check0
check1
check2
check3
check4
check0
check1
check2
check3
check4
check0
check1
check2
check3
check4
check0
check1
check2
check3
check4
check0
check1
check2
check3
check4
check0
check1
check2
check3
check4
check0
check1
check2
check3
check4
check0
check1
check2
check3
check4
check0
check1
check2
check3
check4
check0
check1
check2
check3
check4
check0
check1
check2
check3
check4
check0
check1
check2
check3
check4
check0
check1
check2
check3
check4
check0
check1
check2
check3
check4
check0
check1
check2
check3
check4
check0
check1
check2
check3
check4
check0
check1
check2
check3
check4
test
  Step 96000: rankme=201.610, alpha=0.861, r2_100=0.998
  Step 82000: rankme=220.768, alpha=0.833, r2_100=0.997
  Step 128: rankme=13.854, alpha=1.638, r2_100=0.994
  Step 16: rankme=100.022, alpha=0.708, r2_100=0.995
  Step 0: rankme=131.744, alpha=0.708, r2_100=0.993
  Step 32000: rankme=316.598, alpha=0.760, r2_100=0.999
  Step 70000: rankme=239.572, alpha=0.814, r2_100=0.997
  Step 256: rankme=17.649, alpha=1.564, r2_100=0.997
  Step 87000: rankme=215.968, alpha=0.846, r2_100=0.997
  Step 99000: rankme=200.223, alpha=0.874, r2_100=0.998
  Step 119000: rankme=208.515, alpha=0.924, r2_100=0.997
  Step 3000: rankme=274.961, alpha=0.769, r2_100=0.999
  Step 125000: rankme=195.953, alpha=0.905, r2_100=0.998
  Step 64000: rankme=245.714, alpha=0.805, r2_100=0.997
  Step 131000: rankme=195.801, alpha=0.906, r2_100=0.998
  Step 6000: rankme=320.459, alpha=0.759, r2_100=0.999
  Step 76000: rankme=225.885, alpha=0.833, r2_100=0.998
  Step 41000: rankme=294.326, alpha=0.762, r2_100=0.998
  Step 90000: rankme=211.505, alpha=0.852, r2_100=0.997
  Step 58000: rankme=250.201, alpha=0.800, r2_100=0.998
  Step 85000: rankme=216.852, alpha=0.843, r2_100=0.997
  Step 61000: rankme=247.864, alpha=0.805, r2_100=0.997
  Step 44000: rankme=287.255, alpha=0.778, r2_100=0.998
  Step 128000: rankme=198.815, alpha=0.907, r2_100=0.998
  Step 73000: rankme=230.037, alpha=0.822, r2_100=0.996
  Step 47000: rankme=280.503, alpha=0.777, r2_100=0.998
  Step 35000: rankme=311.418, alpha=0.777, r2_100=0.998
  Step 64: rankme=8.308, alpha=1.689, r2_100=0.980
  Step 114000: rankme=196.017, alpha=0.912, r2_100=0.998
  Step 122000: rankme=203.619, alpha=0.913, r2_100=0.998
  Step 143000: rankme=193.538, alpha=0.910, r2_100=0.998
  Step 12000: rankme=356.546, alpha=0.750, r2_100=0.999
  Step 140000: rankme=189.982, alpha=0.911, r2_100=0.998
  Step 111000: rankme=193.510, alpha=0.908, r2_100=0.997
  Step 116000: rankme=197.693, alpha=0.911, r2_100=0.997
  Step 79000: rankme=224.948, alpha=0.829, r2_100=0.997
  Step 29000: rankme=329.961, alpha=0.748, r2_100=0.998
  Step 93000: rankme=204.340, alpha=0.859, r2_100=0.997
  Step 32: rankme=6.306, alpha=0.895, r2_100=0.985
  Step 134000: rankme=189.201, alpha=0.905, r2_100=0.998
  Step 27000: rankme=331.015, alpha=0.745, r2_100=0.999
  Step 50000: rankme=258.106, alpha=0.795, r2_100=0.999
  Step 8: rankme=134.028, alpha=0.707, r2_100=0.993
  Step 53000: rankme=266.159, alpha=0.795, r2_100=0.998
  Step 38000: rankme=300.228, alpha=0.761, r2_100=0.998
  Step 24000: rankme=344.496, alpha=0.736, r2_100=0.999
  Step 512: rankme=40.561, alpha=1.347, r2_100=0.993
  Step 15000: rankme=352.864, alpha=0.742, r2_100=0.999
  Step 137000: rankme=193.028, alpha=0.902, r2_100=0.998
  Step 102000: rankme=195.825, alpha=0.878, r2_100=0.998
  Step 18000: rankme=347.102, alpha=0.740, r2_100=0.999
  Step 9000: rankme=344.856, alpha=0.755, r2_100=0.999
  Step 108000: rankme=194.969, alpha=0.890, r2_100=0.998
  Step 21000: rankme=354.629, alpha=0.735, r2_100=0.999
  Step 1000: rankme=134.506, alpha=0.891, r2_100=0.997
  Step 56000: rankme=256.485, alpha=0.798, r2_100=0.998
  Step 105000: rankme=197.746, alpha=0.882, r2_100=0.997
  Step 67000: rankme=236.199, alpha=0.816, r2_100=0.997
Saved 58 results to results/results_pythia-410m.npy
--- pythia-410m-deduped ---
Computing metrics for 58/58 steps using 18 workers...
check0
check1
check2
check3
check4
check0
check1
check2
check3
check4
check0
check1
check2
check3
check4
check0
check1
check2
check3
check4
check0
check1
check2
check3
check4
check0
check1
check2
check3
check4
check0
check1
check2
check3
check4
check0
check1
check2
check3
check4
check0
check1
check2
check3
check4
check0
check1
check2
check3
check4
check0
check1
check2
check3
check4
check0
check1
check2
check3
check4
check0
check1
check2
check3
check4
check0
check1
check2
check3
check4
check0
check1
check2
check3
check4
check0
check1
check2
check3
check4
check0
check1
check2
check3
check4
check0
check1
check2
check3
check4
check0
check1
check2
check3
check4
check0
check1
check2
check3
check4
check0
check1
check2
check3
check4
check0
check1
check2
check3
check4
check0
check1
check2
check3
check4
check0
check1
check2
check3
check4
check0
check1
check2
check3
check4
check0
check1
check2
check3
check4
check0
check1
check2
check3
check4
check0
check1
check2
check3
check4
check0
check1
check2
check3
check4
check0
check1
check2
check3
check4
check0
check1
check2
check3
check4
check0
check1
check2
check3
check4
check0
check1
check2
check3
check4
check0
check1
check2
check3
check4
check0
check1
check2
check3
check4
check0
check1
check2
check3
check4
check0
check1
check2
check3
check4
check0
check1
check2
check3
check4
check0
check1
check2
check3
check4
check0
check1
check2
check3
check4
check0
check1
check2
check3
check4
check0
check1
check2
check3
check4
check0
check1
check2
check3
check4
check0
check1
check2
check3
check4
check0
check1
check2
check3
check4
check0
check1
check2
check3
check4
check0
check1
check2
check3
check4
check0
check1
check2
check3
check4
check0
check1
check2
check3
check4
check0
check1
check2
check3
check4
check0
check1
check2
check3
check4
check0
check1
check2
check3
check4
check0
check1
check2
check3
check4
check0
check1
check2
check3
check4
check0
check1
check2
check3
check4
check0
check1
check2
check3
check4
check0
check1
check2
check3
check4
check0
check1
check2
check3
check4
test
  Step 70000: rankme=210.922, alpha=0.773, r2_100=0.997
  Step 96000: rankme=188.201, alpha=0.807, r2_100=0.997
  Step 0: rankme=131.744, alpha=0.708, r2_100=0.993
  Step 76000: rankme=198.547, alpha=0.780, r2_100=0.997
  Step 82000: rankme=195.311, alpha=0.786, r2_100=0.998
  Step 32000: rankme=293.729, alpha=0.718, r2_100=0.998
  Step 131000: rankme=187.871, alpha=0.861, r2_100=0.997
  Step 256: rankme=18.310, alpha=1.567, r2_100=0.997
  Step 87000: rankme=193.422, alpha=0.792, r2_100=0.997
  Step 119000: rankme=192.514, alpha=0.863, r2_100=0.997
  Step 125000: rankme=188.377, alpha=0.867, r2_100=0.997
  Step 128: rankme=13.387, alpha=1.663, r2_100=0.993
  Step 99000: rankme=188.796, alpha=0.808, r2_100=0.998
  Step 64000: rankme=211.756, alpha=0.774, r2_100=0.997
  Step 41000: rankme=270.274, alpha=0.747, r2_100=0.997
  Step 3000: rankme=249.836, alpha=0.749, r2_100=1.000
  Step 6000: rankme=294.912, alpha=0.718, r2_100=0.999
  Step 16: rankme=98.017, alpha=0.709, r2_100=0.995
  Step 85000: rankme=191.801, alpha=0.794, r2_100=0.997
  Step 58000: rankme=216.455, alpha=0.766, r2_100=0.997
  Step 90000: rankme=191.807, alpha=0.802, r2_100=0.998
  Step 61000: rankme=215.002, alpha=0.762, r2_100=0.997
  Step 122000: rankme=186.914, alpha=0.882, r2_100=0.996
  Step 44000: rankme=260.710, alpha=0.743, r2_100=0.998
  Step 35000: rankme=271.977, alpha=0.721, r2_100=0.998
  Step 47000: rankme=237.405, alpha=0.756, r2_100=0.997
  Step 114000: rankme=190.098, alpha=0.856, r2_100=0.997
  Step 64: rankme=8.352, alpha=1.733, r2_100=0.978
  Step 143000: rankme=212.854, alpha=0.831, r2_100=0.998
  Step 128000: rankme=190.377, alpha=0.882, r2_100=0.996
  Step 73000: rankme=206.907, alpha=0.775, r2_100=0.998
  Step 12000: rankme=324.438, alpha=0.714, r2_100=0.999
  Step 111000: rankme=190.371, alpha=0.853, r2_100=0.997
  Step 140000: rankme=206.567, alpha=0.855, r2_100=0.998
  Step 116000: rankme=196.184, alpha=0.864, r2_100=0.997
  Step 79000: rankme=200.495, alpha=0.786, r2_100=0.997
  Step 29000: rankme=300.759, alpha=0.706, r2_100=0.999
  Step 93000: rankme=194.574, alpha=0.797, r2_100=0.997
  Step 50000: rankme=235.278, alpha=0.754, r2_100=0.997
  Step 32: rankme=5.985, alpha=0.892, r2_100=0.984
  Step 38000: rankme=272.989, alpha=0.725, r2_100=0.998
  Step 53000: rankme=230.334, alpha=0.758, r2_100=0.997
  Step 134000: rankme=188.340, alpha=0.859, r2_100=0.997
  Step 8: rankme=134.195, alpha=0.707, r2_100=0.993
  Step 15000: rankme=320.473, alpha=0.716, r2_100=0.999
  Step 27000: rankme=296.510, alpha=0.712, r2_100=0.999
  Step 24000: rankme=318.836, alpha=0.701, r2_100=0.998
  Step 18000: rankme=322.338, alpha=0.710, r2_100=0.999
  Step 137000: rankme=195.314, alpha=0.855, r2_100=0.998
  Step 512: rankme=44.924, alpha=1.297, r2_100=0.993
  Step 102000: rankme=187.427, alpha=0.813, r2_100=0.998
  Step 9000: rankme=310.992, alpha=0.708, r2_100=0.999
  Step 21000: rankme=319.754, alpha=0.703, r2_100=0.999
  Step 108000: rankme=182.914, alpha=0.828, r2_100=0.998
  Step 1000: rankme=118.429, alpha=0.924, r2_100=0.997
  Step 105000: rankme=184.589, alpha=0.824, r2_100=0.998
  Step 56000: rankme=232.023, alpha=0.770, r2_100=0.997
  Step 67000: rankme=204.574, alpha=0.773, r2_100=0.996
Saved 58 results to results/results_pythia-410m-deduped.npy
--- pythia-1b ---
Computing metrics for 58/58 steps using 18 workers...
check0
check1
check2
check3
check4
check0
check1
check2
check3
check4
check0
check1
check2
check3
check4
check0
check1
check2
check3
check4
check0
check1
check2
check3
check4
check0
check1
check2
check3
check4
check0
check1
check2
check3
check4
check0
check1
check2
check3
check4
check0
check1
check2
check3
check4
check0
check1
check2
check3
check4
check0
check1
check2
check3
check4
check0
check1
check2
check3
check4
check0
check1
check2
check3
check4
check0
check1
check2
check3
check4
check0
check1
check2
check3
check4
check0
check1
check2
check3
check4
check0
check1
check2
check3
check4
check0
check1
check2
check3
check4
check0
check1
check2
check3
check4
check0
check1
check2
check3
check4
check0
check1
check2
check3
check4
check0
check1
check2
check3
check4
check0
check1
check2
check3
check4
check0
check1
check2
check3
check4
check0
check1
check2
check3
check4
check0
check1
check2
check3
check4
check0
check1
check2
check3
check4
check0
check1
check2
check3
check4
check0
check1
check2
check3
check4
check0
check1
check2
check3
check4
check0
check1
check2
check3
check4
check0
check1
check2
check3
check4
check0
check1
check2
check3
check4
check0
check1
check2
check3
check4
check0
check1
check2
check3
check4
check0
check1
check2
check3
check4
check0
check1
check2
check3
check4
check0
check1
check2
check3
check4
check0
check1
check2
check3
check4
check0
check1
check2
check3
check4
check0
check1
check2
check3
check4
check0
check1
check2
check3
check4
check0
check1
check2
check3
check4
check0
check1
check2
check3
check4
check0
check1
check2
check3
check4
check0
check1
check2
check3
check4
check0
check1
check2
check3
check4
check0
check1
check2
check3
check4
check0
check1
check2
check3
check4
check0
check1
check2
check3
check4
check0
check1
check2
check3
check4
check0
check1
check2
check3
check4
check0
check1
check2
check3
check4
check0
check1
check2
check3
check4
test
  Step 64000: rankme=354.026, alpha=0.800, r2_100=0.998
  Step 3000: rankme=411.035, alpha=0.779, r2_100=0.999
  Step 70000: rankme=332.170, alpha=0.799, r2_100=0.998
  Step 82000: rankme=299.075, alpha=0.819, r2_100=0.998
  Step 131000: rankme=245.342, alpha=0.906, r2_100=0.997
  Step 96000: rankme=272.463, alpha=0.845, r2_100=0.998
  Step 128: rankme=18.771, alpha=1.501, r2_100=0.998
  Step 41000: rankme=454.998, alpha=0.762, r2_100=0.998
  Step 16: rankme=137.842, alpha=0.753, r2_100=0.990
  Step 76000: rankme=316.958, alpha=0.810, r2_100=0.998
  Step 32000: rankme=500.293, alpha=0.761, r2_100=0.999
  Step 0: rankme=172.086, alpha=0.718, r2_100=0.995
  Step 6000: rankme=506.566, alpha=0.756, r2_100=0.999
  Step 99000: rankme=267.855, alpha=0.852, r2_100=0.998
  Step 87000: rankme=302.695, alpha=0.831, r2_100=0.998
  Step 125000: rankme=247.847, alpha=0.898, r2_100=0.998
  Step 256: rankme=33.573, alpha=1.431, r2_100=0.999
  Step 119000: rankme=249.854, alpha=0.894, r2_100=0.998
  Step 85000: rankme=298.179, alpha=0.825, r2_100=0.998
  Step 58000: rankme=365.492, alpha=0.786, r2_100=0.998
  Step 44000: rankme=427.525, alpha=0.773, r2_100=0.999
  Step 61000: rankme=352.027, alpha=0.791, r2_100=0.998
  Step 90000: rankme=288.814, alpha=0.839, r2_100=0.998
  Step 35000: rankme=479.106, alpha=0.767, r2_100=0.999
  Step 122000: rankme=250.968, alpha=0.895, r2_100=0.997
  Step 128000: rankme=248.067, alpha=0.901, r2_100=0.997
  Step 114000: rankme=253.668, alpha=0.885, r2_100=0.997
  Step 73000: rankme=319.803, alpha=0.806, r2_100=0.998
  Step 47000: rankme=420.218, alpha=0.767, r2_100=0.999
  Step 12000: rankme=558.110, alpha=0.757, r2_100=0.999
  Step 111000: rankme=253.198, alpha=0.883, r2_100=0.998
  Step 143000: rankme=238.540, alpha=0.918, r2_100=0.997
  Step 116000: rankme=157.555, alpha=0.955, r2_100=0.998
  Step 64: rankme=11.724, alpha=1.519, r2_100=0.985
  Step 140000: rankme=238.576, alpha=0.915, r2_100=0.997
  Step 79000: rankme=312.294, alpha=0.817, r2_100=0.997
  Step 29000: rankme=515.192, alpha=0.754, r2_100=0.999
  Step 93000: rankme=283.984, alpha=0.843, r2_100=0.998
  Step 32: rankme=14.829, alpha=0.918, r2_100=0.959
  Step 38000: rankme=470.172, alpha=0.762, r2_100=0.999
  Step 50000: rankme=400.775, alpha=0.773, r2_100=0.998
  Step 53000: rankme=383.962, alpha=0.781, r2_100=0.998
  Step 8: rankme=173.573, alpha=0.724, r2_100=0.994
  Step 27000: rankme=522.524, alpha=0.759, r2_100=0.998
  Step 134000: rankme=245.273, alpha=0.908, r2_100=0.997
  Step 137000: rankme=244.616, alpha=0.909, r2_100=0.997
  Step 15000: rankme=560.000, alpha=0.752, r2_100=0.999
  Step 512: rankme=75.447, alpha=1.151, r2_100=0.995
  Step 24000: rankme=528.623, alpha=0.751, r2_100=0.999
  Step 18000: rankme=554.341, alpha=0.751, r2_100=0.998
  Step 9000: rankme=543.636, alpha=0.750, r2_100=0.999
  Step 102000: rankme=268.117, alpha=0.859, r2_100=0.998
  Step 108000: rankme=267.345, alpha=0.872, r2_100=0.997
  Step 21000: rankme=534.197, alpha=0.749, r2_100=0.999
  Step 1000: rankme=175.463, alpha=0.895, r2_100=0.998
  Step 105000: rankme=266.625, alpha=0.862, r2_100=0.998
  Step 56000: rankme=386.755, alpha=0.778, r2_100=0.998
  Step 67000: rankme=340.634, alpha=0.792, r2_100=0.998
Saved 58 results to results/results_pythia-1b.npy
--- pythia-1b-deduped ---
Computing metrics for 58/58 steps using 18 workers...
