=== Computing metrics from saved activations ===
--- pythia-14m ---
Computing metrics for 58/58 steps using 18 workers...
  Step 256: rankme=6.975, alpha=1.975, r2_100=0.999
  Step 128: rankme=4.367, alpha=1.336, r2_100=0.936
  Step 99000: rankme=79.615, alpha=0.708, r2_100=0.976
  Step 70000: rankme=73.732, alpha=0.769, r2_100=0.966
  Step 41000: rankme=55.682, alpha=0.852, r2_100=0.991
  Step 32000: rankme=54.783, alpha=0.866, r2_100=0.993
  Step 3000: rankme=53.901, alpha=0.874, r2_100=0.992
  Step 119000: rankme=79.801, alpha=0.702, r2_100=0.977
  Step 131000: rankme=80.846, alpha=0.703, r2_100=0.979
  Step 82000: rankme=79.328, alpha=0.733, r2_100=0.973
  Step 6000: rankme=57.893, alpha=0.837, r2_100=0.988
  Step 16: rankme=40.842, alpha=1.584, r2_100=0.964
  Step 0: rankme=40.720, alpha=1.582, r2_100=0.964
  Step 87000: rankme=78.604, alpha=0.749, r2_100=0.971
  Step 125000: rankme=79.710, alpha=0.708, r2_100=0.982
  Step 76000: rankme=75.616, alpha=0.750, r2_100=0.971
  Step 64000: rankme=65.043, alpha=0.840, r2_100=0.964
  Step 96000: rankme=79.006, alpha=0.717, r2_100=0.975
  Step 58000: rankme=58.032, alpha=0.927, r2_100=0.987
  Step 111000: rankme=79.832, alpha=0.707, r2_100=0.978
  Step 44000: rankme=55.020, alpha=0.888, r2_100=0.989
  Step 122000: rankme=80.390, alpha=0.709, r2_100=0.978
  Step 143000: rankme=80.035, alpha=0.715, r2_100=0.981
  Step 61000: rankme=63.544, alpha=0.932, r2_100=0.972
  Step 128000: rankme=80.212, alpha=0.709, r2_100=0.982
  Step 35000: rankme=56.190, alpha=0.865, r2_100=0.992
  Step 85000: rankme=79.088, alpha=0.726, r2_100=0.979
  Step 79000: rankme=77.575, alpha=0.728, r2_100=0.974
  Step 73000: rankme=75.135, alpha=0.746, r2_100=0.969
  Step 90000: rankme=78.141, alpha=0.730, r2_100=0.979
  Step 140000: rankme=80.037, alpha=0.700, r2_100=0.982
  Step 114000: rankme=79.643, alpha=0.717, r2_100=0.981
  Step 47000: rankme=56.054, alpha=0.885, r2_100=0.988
  Step 12000: rankme=58.724, alpha=0.826, r2_100=0.982
  Step 64: rankme=23.477, alpha=1.600, r2_100=0.941
  Step 116000: rankme=80.142, alpha=0.704, r2_100=0.978
  Step 93000: rankme=78.635, alpha=0.733, r2_100=0.976
  Step 38000: rankme=54.604, alpha=0.875, r2_100=0.994
  Step 29000: rankme=53.026, alpha=0.872, r2_100=0.992
  Step 134000: rankme=81.214, alpha=0.712, r2_100=0.978
  Step 50000: rankme=55.877, alpha=0.894, r2_100=0.988
  Step 53000: rankme=55.130, alpha=0.917, r2_100=0.988
  Step 8: rankme=40.743, alpha=1.582, r2_100=0.964
  Step 32: rankme=41.486, alpha=1.606, r2_100=0.961
  Step 102000: rankme=77.502, alpha=0.722, r2_100=0.978
  Step 137000: rankme=80.306, alpha=0.704, r2_100=0.980
  Step 27000: rankme=57.451, alpha=0.854, r2_100=0.980
  Step 24000: rankme=58.714, alpha=0.808, r2_100=0.977
  Step 108000: rankme=80.288, alpha=0.711, r2_100=0.980
  Step 18000: rankme=60.338, alpha=0.815, r2_100=0.981
  Step 15000: rankme=57.331, alpha=0.844, r2_100=0.978
  Step 512: rankme=18.982, alpha=1.725, r2_100=0.983
  Step 21000: rankme=58.611, alpha=0.819, r2_100=0.981
  Step 9000: rankme=57.786, alpha=0.838, r2_100=0.984
  Step 1000: rankme=36.598, alpha=1.343, r2_100=0.964
  Step 105000: rankme=79.445, alpha=0.720, r2_100=0.978
  Step 56000: rankme=55.259, alpha=0.941, r2_100=0.989
  Step 67000: rankme=69.844, alpha=0.811, r2_100=0.970
Saved 58 results to results/results_pythia-14m.npy
--- pythia-31m ---
Computing metrics for 58/58 steps using 18 workers...
  Step 82000: rankme=120.210, alpha=0.715, r2_100=0.999
  Step 32000: rankme=108.814, alpha=0.756, r2_100=0.999
  Step 0: rankme=50.335, alpha=1.095, r2_100=0.971
  Step 41000: rankme=100.799, alpha=0.761, r2_100=0.999
  Step 128: rankme=6.568, alpha=1.309, r2_100=0.989
  Step 6000: rankme=107.793, alpha=0.784, r2_100=0.999
  Step 131000: rankme=121.877, alpha=0.667, r2_100=0.999
  Step 125000: rankme=126.758, alpha=0.674, r2_100=0.999
  Step 3000: rankme=97.181, alpha=0.798, r2_100=0.999
  Step 87000: rankme=128.764, alpha=0.690, r2_100=0.999
  Step 70000: rankme=81.905, alpha=0.865, r2_100=0.999
  Step 119000: rankme=125.235, alpha=0.653, r2_100=0.998
  Step 99000: rankme=133.558, alpha=0.646, r2_100=0.999
  Step 16: rankme=52.464, alpha=1.098, r2_100=0.971
  Step 76000: rankme=103.472, alpha=0.760, r2_100=0.999
  Step 96000: rankme=132.015, alpha=0.661, r2_100=0.999
  Step 64000: rankme=85.460, alpha=0.848, r2_100=0.999
  Step 256: rankme=12.385, alpha=1.589, r2_100=0.998
  Step 47000: rankme=88.366, alpha=0.807, r2_100=0.999
  Step 61000: rankme=84.637, alpha=0.829, r2_100=0.999
  Step 128000: rankme=127.927, alpha=0.664, r2_100=0.999
  Step 90000: rankme=129.888, alpha=0.675, r2_100=0.998
  Step 140000: rankme=122.950, alpha=0.679, r2_100=0.999
  Step 122000: rankme=126.247, alpha=0.666, r2_100=0.999
  Step 44000: rankme=89.355, alpha=0.787, r2_100=0.999
  Step 12000: rankme=110.504, alpha=0.763, r2_100=0.999
  Step 73000: rankme=82.452, alpha=0.868, r2_100=0.999
  Step 143000: rankme=127.057, alpha=0.675, r2_100=0.999
  Step 58000: rankme=84.062, alpha=0.833, r2_100=0.998
  Step 85000: rankme=126.306, alpha=0.695, r2_100=0.998
  Step 114000: rankme=133.288, alpha=0.669, r2_100=0.999
  Step 116000: rankme=131.102, alpha=0.659, r2_100=0.999
  Step 79000: rankme=112.404, alpha=0.734, r2_100=0.999
  Step 64: rankme=9.572, alpha=0.994, r2_100=0.963
  Step 111000: rankme=125.937, alpha=0.671, r2_100=0.999
  Step 35000: rankme=101.873, alpha=0.778, r2_100=1.000
  Step 29000: rankme=106.448, alpha=0.743, r2_100=0.999
  Step 93000: rankme=131.943, alpha=0.668, r2_100=0.998
  Step 50000: rankme=89.189, alpha=0.795, r2_100=0.999
  Step 32: rankme=55.493, alpha=1.092, r2_100=0.968
  Step 24000: rankme=109.399, alpha=0.753, r2_100=0.999
  Step 27000: rankme=110.164, alpha=0.729, r2_100=0.999
  Step 134000: rankme=121.478, alpha=0.675, r2_100=0.999
  Step 38000: rankme=102.200, alpha=0.772, r2_100=0.999
  Step 53000: rankme=85.333, alpha=0.816, r2_100=0.999
  Step 8: rankme=50.724, alpha=1.096, r2_100=0.971
  Step 137000: rankme=122.336, alpha=0.674, r2_100=0.999
  Step 15000: rankme=114.536, alpha=0.732, r2_100=0.999
  Step 512: rankme=37.377, alpha=1.372, r2_100=0.993
  Step 102000: rankme=133.014, alpha=0.644, r2_100=0.999
  Step 21000: rankme=113.323, alpha=0.737, r2_100=0.999
  Step 18000: rankme=113.937, alpha=0.732, r2_100=0.999
  Step 108000: rankme=127.393, alpha=0.669, r2_100=0.999
  Step 9000: rankme=111.953, alpha=0.751, r2_100=0.999
  Step 56000: rankme=84.051, alpha=0.830, r2_100=0.999
  Step 67000: rankme=82.063, alpha=0.850, r2_100=0.999
  Step 1000: rankme=69.510, alpha=0.983, r2_100=0.993
  Step 105000: rankme=134.448, alpha=0.653, r2_100=0.999
Saved 58 results to results/results_pythia-31m.npy
--- pythia-70m ---
Computing metrics for 58/58 steps using 18 workers...
  Step 0: rankme=79.687, alpha=0.811, r2_100=0.983
  Step 16: rankme=77.328, alpha=0.809, r2_100=0.981
  Step 6000: rankme=206.431, alpha=0.732, r2_100=0.997
  Step 125000: rankme=230.525, alpha=0.632, r2_100=0.999
  Step 41000: rankme=129.710, alpha=0.778, r2_100=0.996
  Step 99000: rankme=193.214, alpha=0.714, r2_100=0.999
  Step 128: rankme=12.795, alpha=1.667, r2_100=0.997
  Step 64000: rankme=100.534, alpha=0.879, r2_100=0.991
  Step 3000: rankme=184.053, alpha=0.769, r2_100=0.999
  Step 87000: rankme=152.837, alpha=0.818, r2_100=0.999
  Step 256: rankme=28.589, alpha=1.367, r2_100=0.999
  Step 76000: rankme=110.675, alpha=0.905, r2_100=0.995
  Step 119000: rankme=227.168, alpha=0.641, r2_100=0.999
  Step 96000: rankme=189.113, alpha=0.721, r2_100=0.999
  Step 131000: rankme=236.791, alpha=0.634, r2_100=0.999
  Step 32000: rankme=142.765, alpha=0.753, r2_100=0.996
  Step 82000: rankme=132.676, alpha=0.873, r2_100=0.997
  Step 70000: rankme=100.896, alpha=0.900, r2_100=0.991
  Step 61000: rankme=95.740, alpha=0.842, r2_100=0.993
  Step 85000: rankme=141.766, alpha=0.858, r2_100=0.998
  Step 73000: rankme=106.320, alpha=0.886, r2_100=0.990
  Step 90000: rankme=164.659, alpha=0.789, r2_100=0.999
  Step 44000: rankme=124.394, alpha=0.771, r2_100=0.995
  Step 58000: rankme=101.489, alpha=0.826, r2_100=0.994
  Step 47000: rankme=118.699, alpha=0.785, r2_100=0.996
  Step 143000: rankme=241.888, alpha=0.636, r2_100=0.999
  Step 12000: rankme=195.463, alpha=0.730, r2_100=0.995
  Step 122000: rankme=228.767, alpha=0.635, r2_100=0.999
  Step 111000: rankme=216.484, alpha=0.650, r2_100=0.999
  Step 128000: rankme=233.676, alpha=0.631, r2_100=0.999
  Step 64: rankme=6.034, alpha=0.912, r2_100=0.991
  Step 114000: rankme=221.082, alpha=0.649, r2_100=0.999
  Step 35000: rankme=140.357, alpha=0.769, r2_100=0.997
  Step 140000: rankme=238.481, alpha=0.641, r2_100=0.999
  Step 79000: rankme=120.972, alpha=0.888, r2_100=0.996
  Step 116000: rankme=225.892, alpha=0.646, r2_100=0.999
  Step 29000: rankme=149.706, alpha=0.762, r2_100=0.996
  Step 93000: rankme=177.513, alpha=0.769, r2_100=1.000
  Step 38000: rankme=132.043, alpha=0.780, r2_100=0.996
  Step 32: rankme=38.617, alpha=0.782, r2_100=0.981
  Step 50000: rankme=115.490, alpha=0.778, r2_100=0.995
  Step 134000: rankme=239.233, alpha=0.623, r2_100=0.999
  Step 53000: rankme=110.961, alpha=0.783, r2_100=0.996
  Step 8: rankme=79.087, alpha=0.812, r2_100=0.983
  Step 15000: rankme=193.641, alpha=0.721, r2_100=0.996
  Step 137000: rankme=238.475, alpha=0.636, r2_100=1.000
  Step 27000: rankme=154.721, alpha=0.756, r2_100=0.995
  Step 24000: rankme=169.652, alpha=0.734, r2_100=0.996
  Step 108000: rankme=214.041, alpha=0.664, r2_100=0.999
  Step 18000: rankme=185.234, alpha=0.728, r2_100=0.996
  Step 9000: rankme=204.174, alpha=0.712, r2_100=0.997
  Step 21000: rankme=171.167, alpha=0.743, r2_100=0.996
  Step 512: rankme=68.951, alpha=1.128, r2_100=0.998
  Step 102000: rankme=204.957, alpha=0.681, r2_100=0.999
  Step 56000: rankme=104.260, alpha=0.802, r2_100=0.995
  Step 105000: rankme=207.578, alpha=0.679, r2_100=0.999
  Step 1000: rankme=120.371, alpha=0.888, r2_100=0.999
  Step 67000: rankme=102.633, alpha=0.873, r2_100=0.989
Saved 58 results to results/results_pythia-70m.npy
--- pythia-160m ---
Computing metrics for 58/58 steps using 18 workers...
  Step 16: rankme=101.756, alpha=0.724, r2_100=0.987
  Step 131000: rankme=288.371, alpha=0.686, r2_100=0.996
  Step 119000: rankme=279.705, alpha=0.686, r2_100=0.993
  Step 32000: rankme=247.387, alpha=0.773, r2_100=0.998
  Step 64000: rankme=214.050, alpha=0.801, r2_100=0.997
  Step 99000: rankme=275.395, alpha=0.754, r2_100=0.996
  Step 256: rankme=25.209, alpha=1.463, r2_100=0.999
  Step 87000: rankme=196.978, alpha=0.833, r2_100=0.996
  Step 3000: rankme=215.434, alpha=0.766, r2_100=0.999
  Step 82000: rankme=179.281, alpha=0.833, r2_100=0.996
  Step 41000: rankme=229.082, alpha=0.774, r2_100=0.998
  Step 70000: rankme=212.721, alpha=0.806, r2_100=0.997
  Step 128: rankme=15.925, alpha=1.625, r2_100=0.994
  Step 96000: rankme=263.990, alpha=0.759, r2_100=0.996
  Step 125000: rankme=281.870, alpha=0.673, r2_100=0.995
  Step 6000: rankme=255.036, alpha=0.756, r2_100=0.998
  Step 76000: rankme=203.433, alpha=0.814, r2_100=0.996
  Step 0: rankme=95.415, alpha=0.728, r2_100=0.989
  Step 122000: rankme=283.180, alpha=0.696, r2_100=0.995
  Step 44000: rankme=237.616, alpha=0.781, r2_100=0.997
  Step 61000: rankme=216.426, alpha=0.792, r2_100=0.996
  Step 47000: rankme=229.558, alpha=0.779, r2_100=0.997
  Step 85000: rankme=186.098, alpha=0.835, r2_100=0.996
  Step 12000: rankme=261.396, alpha=0.747, r2_100=0.999
  Step 140000: rankme=282.110, alpha=0.683, r2_100=0.996
  Step 114000: rankme=278.064, alpha=0.697, r2_100=0.995
  Step 58000: rankme=217.593, alpha=0.797, r2_100=0.997
  Step 90000: rankme=222.151, alpha=0.818, r2_100=0.995
  Step 143000: rankme=276.954, alpha=0.679, r2_100=0.997
  Step 73000: rankme=201.746, alpha=0.808, r2_100=0.997
  Step 64: rankme=9.102, alpha=1.406, r2_100=0.978
  Step 35000: rankme=241.381, alpha=0.767, r2_100=0.998
  Step 128000: rankme=287.900, alpha=0.691, r2_100=0.996
  Step 111000: rankme=290.410, alpha=0.681, r2_100=0.996
  Step 79000: rankme=194.904, alpha=0.817, r2_100=0.997
  Step 116000: rankme=283.908, alpha=0.683, r2_100=0.995
  Step 93000: rankme=248.639, alpha=0.781, r2_100=0.995
  Step 38000: rankme=232.812, alpha=0.779, r2_100=0.998
  Step 29000: rankme=238.703, alpha=0.774, r2_100=0.998
  Step 18000: rankme=252.965, alpha=0.765, r2_100=0.997
  Step 134000: rankme=269.007, alpha=0.677, r2_100=0.996
  Step 53000: rankme=221.436, alpha=0.792, r2_100=0.997
  Step 512: rankme=70.354, alpha=1.158, r2_100=0.994
  Step 8: rankme=101.785, alpha=0.729, r2_100=0.988
  Step 50000: rankme=230.555, alpha=0.780, r2_100=0.997
  Step 32: rankme=16.934, alpha=0.737, r2_100=0.993
  Step 24000: rankme=251.511, alpha=0.762, r2_100=0.998
  Step 27000: rankme=243.124, alpha=0.776, r2_100=0.998
  Step 137000: rankme=300.231, alpha=0.670, r2_100=0.997
  Step 108000: rankme=287.080, alpha=0.703, r2_100=0.997
  Step 15000: rankme=261.729, alpha=0.755, r2_100=0.998
  Step 21000: rankme=251.695, alpha=0.757, r2_100=0.998
  Step 102000: rankme=277.632, alpha=0.711, r2_100=0.995
  Step 9000: rankme=264.119, alpha=0.752, r2_100=0.999
  Step 1000: rankme=125.819, alpha=0.893, r2_100=0.999
  Step 56000: rankme=224.934, alpha=0.787, r2_100=0.996
  Step 105000: rankme=277.582, alpha=0.691, r2_100=0.995
  Step 67000: rankme=203.667, alpha=0.804, r2_100=0.997
Saved 58 results to results/results_pythia-160m.npy
--- pythia-160m-deduped ---
Computing metrics for 58/58 steps using 18 workers...
  Step 119000: rankme=181.899, alpha=0.690, r2_100=0.996
  Step 41000: rankme=166.482, alpha=0.716, r2_100=0.998
  Step 64000: rankme=131.977, alpha=0.755, r2_100=0.998
  Step 0: rankme=95.415, alpha=0.728, r2_100=0.989
  Step 3000: rankme=221.536, alpha=0.755, r2_100=0.999
  Step 256: rankme=25.991, alpha=1.453, r2_100=0.999
  Step 99000: rankme=167.913, alpha=0.806, r2_100=0.997
  Step 6000: rankme=280.876, alpha=0.716, r2_100=0.999
  Step 87000: rankme=116.664, alpha=0.807, r2_100=0.996
  Step 76000: rankme=121.704, alpha=0.776, r2_100=0.998
  Step 125000: rankme=223.415, alpha=0.683, r2_100=0.995
  Step 82000: rankme=120.571, alpha=0.792, r2_100=0.997
  Step 128: rankme=15.586, alpha=1.624, r2_100=0.994
  Step 70000: rankme=137.697, alpha=0.760, r2_100=0.997
  Step 32000: rankme=189.342, alpha=0.704, r2_100=0.999
  Step 131000: rankme=245.248, alpha=0.660, r2_100=0.996
  Step 96000: rankme=147.363, alpha=0.808, r2_100=0.996
  Step 16: rankme=101.156, alpha=0.724, r2_100=0.987
  Step 85000: rankme=117.459, alpha=0.797, r2_100=0.996
  Step 58000: rankme=142.255, alpha=0.744, r2_100=0.998
  Step 73000: rankme=129.000, alpha=0.771, r2_100=0.998
  Step 128000: rankme=252.225, alpha=0.682, r2_100=0.995
  Step 122000: rankme=185.052, alpha=0.683, r2_100=0.995
  Step 12000: rankme=264.359, alpha=0.702, r2_100=0.999
  Step 90000: rankme=119.140, alpha=0.810, r2_100=0.998
  Step 61000: rankme=139.152, alpha=0.745, r2_100=0.998
  Step 44000: rankme=157.851, alpha=0.723, r2_100=0.998
  Step 111000: rankme=238.049, alpha=0.692, r2_100=0.996
  Step 47000: rankme=154.332, alpha=0.720, r2_100=0.998
  Step 79000: rankme=126.414, alpha=0.785, r2_100=0.997
  Step 114000: rankme=258.143, alpha=0.680, r2_100=0.996
  Step 35000: rankme=177.898, alpha=0.719, r2_100=0.998
  Step 143000: rankme=285.373, alpha=0.640, r2_100=0.998
  Step 64: rankme=8.535, alpha=1.421, r2_100=0.973
  Step 140000: rankme=264.327, alpha=0.675, r2_100=0.996
  Step 116000: rankme=226.908, alpha=0.677, r2_100=0.996
  Step 29000: rankme=189.609, alpha=0.717, r2_100=0.998
  Step 93000: rankme=130.883, alpha=0.809, r2_100=0.996
  Step 32: rankme=16.449, alpha=0.734, r2_100=0.993
  Step 53000: rankme=147.200, alpha=0.736, r2_100=0.998
  Step 38000: rankme=166.924, alpha=0.725, r2_100=0.999
  Step 8: rankme=101.686, alpha=0.729, r2_100=0.988
  Step 27000: rankme=200.038, alpha=0.712, r2_100=0.998
  Step 512: rankme=66.153, alpha=1.150, r2_100=0.995
  Step 24000: rankme=206.707, alpha=0.695, r2_100=0.998
  Step 15000: rankme=244.517, alpha=0.696, r2_100=0.999
  Step 102000: rankme=186.689, alpha=0.785, r2_100=0.996
  Step 134000: rankme=280.125, alpha=0.676, r2_100=0.997
  Step 18000: rankme=231.707, alpha=0.686, r2_100=0.999
  Step 50000: rankme=147.743, alpha=0.736, r2_100=0.998
  Step 137000: rankme=283.951, alpha=0.667, r2_100=0.996
  Step 21000: rankme=216.169, alpha=0.696, r2_100=0.999
  Step 108000: rankme=225.418, alpha=0.720, r2_100=0.995
  Step 9000: rankme=278.104, alpha=0.704, r2_100=0.999
  Step 1000: rankme=127.894, alpha=0.869, r2_100=0.997
  Step 105000: rankme=213.515, alpha=0.751, r2_100=0.996
  Step 56000: rankme=140.591, alpha=0.746, r2_100=0.999
  Step 67000: rankme=130.795, alpha=0.760, r2_100=0.998
Saved 58 results to results/results_pythia-160m-deduped.npy
--- pythia-410m ---
Computing metrics for 58/58 steps using 18 workers...
