usage: compute_metrics.py [--config CONFIG] [--num_workers NUM_WORKERS]
                          [--recompute {true,false}]
                          model_name
tip: For details of accepted options run: compute_metrics.py --help
error: Unrecognized arguments: --model_name

real	0m7.646s
user	0m6.881s
sys	0m1.155s
usage: compute_metrics.py [--config CONFIG] [--num_workers NUM_WORKERS]
                          [--recompute {true,false}]
                          model_name
tip: For details of accepted options run: compute_metrics.py --help
error: Unrecognized arguments: --model_name

real	0m3.770s
user	0m6.765s
sys	0m0.732s
usage: compute_metrics.py [--config CONFIG] [--num_workers NUM_WORKERS]
                          [--recompute {true,false}]
                          model_name
tip: For details of accepted options run: compute_metrics.py --help
error: Unrecognized arguments: --model_name

real	0m3.829s
user	0m6.762s
sys	0m0.752s
usage: compute_metrics.py [--config CONFIG] [--num_workers NUM_WORKERS]
                          [--recompute {true,false}]
                          model_name
tip: For details of accepted options run: compute_metrics.py --help
error: Unrecognized arguments: --model_name

real	0m3.820s
user	0m6.780s
sys	0m0.755s
usage: compute_metrics.py [--config CONFIG] [--num_workers NUM_WORKERS]
                          [--recompute {true,false}]
                          model_name
tip: For details of accepted options run: compute_metrics.py --help
error: Unrecognized arguments: --model_name

real	0m3.918s
user	0m6.825s
sys	0m0.802s
usage: compute_metrics.py [--config CONFIG] [--num_workers NUM_WORKERS]
                          [--recompute {true,false}]
                          model_name
tip: For details of accepted options run: compute_metrics.py --help
error: Unrecognized arguments: --model_name

real	0m3.777s
user	0m6.763s
sys	0m0.736s
usage: compute_metrics.py [--config CONFIG] [--num_workers NUM_WORKERS]
                          [--recompute {true,false}]
                          model_name
tip: For details of accepted options run: compute_metrics.py --help
error: Unrecognized arguments: --model_name

real	0m3.783s
user	0m6.772s
sys	0m0.735s
usage: compute_metrics.py [--config CONFIG] [--num_workers NUM_WORKERS]
                          [--recompute {true,false}]
                          model_name
tip: For details of accepted options run: compute_metrics.py --help
error: Unrecognized arguments: --model_name

real	0m3.796s
user	0m6.775s
sys	0m0.746s
usage: compute_metrics.py [--config CONFIG] [--num_workers NUM_WORKERS]
                          [--recompute {true,false}]
                          model_name
tip: For details of accepted options run: compute_metrics.py --help
error: Unrecognized arguments: --model_name

real	0m3.948s
user	0m6.866s
sys	0m0.795s
usage: compute_metrics.py [--config CONFIG] [--num_workers NUM_WORKERS]
                          [--recompute {true,false}]
                          model_name
tip: For details of accepted options run: compute_metrics.py --help
error: Unrecognized arguments: --model_name

real	0m3.805s
user	0m6.777s
sys	0m0.750s
usage: compute_metrics.py [--config CONFIG] [--num_workers NUM_WORKERS]
                          [--recompute {true,false}]
                          model_name
tip: For details of accepted options run: compute_metrics.py --help
error: Unrecognized arguments: --model_name

real	0m3.804s
user	0m6.786s
sys	0m0.743s
usage: compute_metrics.py [--config CONFIG] [--num_workers NUM_WORKERS]
                          [--recompute {true,false}]
                          model_name
tip: For details of accepted options run: compute_metrics.py --help
error: Unrecognized arguments: --model_name

real	0m3.798s
user	0m6.766s
sys	0m0.755s
usage: compute_metrics.py [--config CONFIG] [--num_workers NUM_WORKERS]
                          [--recompute {true,false}]
                          model_name
tip: For details of accepted options run: compute_metrics.py --help
error: Unrecognized arguments: --model_name

real	0m3.876s
user	0m6.842s
sys	0m0.752s
usage: compute_metrics.py [--config CONFIG] [--num_workers NUM_WORKERS]
                          [--recompute {true,false}]
                          model_name
tip: For details of accepted options run: compute_metrics.py --help
error: Unrecognized arguments: --model_name

real	0m3.805s
user	0m6.789s
sys	0m0.737s
usage: compute_metrics.py [--config CONFIG] [--num_workers NUM_WORKERS]
                          [--recompute {true,false}]
                          model_name
tip: For details of accepted options run: compute_metrics.py --help
error: Unrecognized arguments: --model_name

real	0m3.864s
user	0m6.769s
sys	0m0.758s
usage: compute_metrics.py [--config CONFIG] [--num_workers NUM_WORKERS]
                          [--recompute {true,false}]
                          model_name
tip: For details of accepted options run: compute_metrics.py --help
error: Unrecognized arguments: --model_name

real	0m4.202s
user	0m6.950s
sys	0m0.745s
usage: compute_metrics.py [--config CONFIG] [--num_workers NUM_WORKERS]
                          [--recompute {true,false}]
                          model_name
tip: For details of accepted options run: compute_metrics.py --help
error: Unrecognized arguments: --model_name

real	0m3.879s
user	0m6.813s
sys	0m0.746s
