=== Computing metrics from saved activations ===
--- pythia-14m ---
All 58 steps already have metrics in results/results_pythia-14m.npy
--- pythia-31m ---
All 58 steps already have metrics in results/results_pythia-31m.npy
--- pythia-70m ---
All 58 steps already have metrics in results/results_pythia-70m.npy
--- pythia-160m ---
All 58 steps already have metrics in results/results_pythia-160m.npy
--- pythia-160m-deduped ---
All 58 steps already have metrics in results/results_pythia-160m-deduped.npy
--- pythia-410m ---
All 58 steps already have metrics in results/results_pythia-410m.npy
--- pythia-410m-deduped ---
All 58 steps already have metrics in results/results_pythia-410m-deduped.npy
--- pythia-1b ---
All 58 steps already have metrics in results/results_pythia-1b.npy
--- pythia-1b-deduped ---
Computing metrics for 58/58 steps using 18 workers...
  Step 99000: rankme=156.380, alpha=0.858, r2_100=0.997
  Step 256: rankme=34.148, alpha=1.429, r2_100=0.999
  Step 6000: rankme=473.945, alpha=0.712, r2_100=0.999
  Step 0: rankme=172.017, alpha=0.718, r2_100=0.995
  Step 119000: rankme=150.489, alpha=0.897, r2_100=0.997
  Step 87000: rankme=165.372, alpha=0.840, r2_100=0.996
  Step 96000: rankme=154.987, alpha=0.857, r2_100=0.997
  Step 128: rankme=18.040, alpha=1.528, r2_100=0.999
  Step 32000: rankme=387.014, alpha=0.725, r2_100=0.999
  Step 16: rankme=130.125, alpha=0.751, r2_100=0.990
  Step 76000: rankme=185.809, alpha=0.817, r2_100=0.996
  Step 41000: rankme=320.758, alpha=0.740, r2_100=0.999
  Step 3000: rankme=372.613, alpha=0.748, r2_100=1.000
  Step 82000: rankme=178.841, alpha=0.827, r2_100=0.997
  Step 70000: rankme=204.288, alpha=0.804, r2_100=0.997
  Step 131000: rankme=146.713, alpha=0.912, r2_100=0.997
  Step 125000: rankme=148.405, alpha=0.910, r2_100=0.997
  Step 64000: rankme=215.431, alpha=0.796, r2_100=0.997
  Step 58000: rankme=238.806, alpha=0.795, r2_100=0.997
  Step 85000: rankme=173.998, alpha=0.832, r2_100=0.997
  Step 44000: rankme=292.559, alpha=0.752, r2_100=0.998
  Step 73000: rankme=194.774, alpha=0.815, r2_100=0.997
  Step 61000: rankme=226.356, alpha=0.791, r2_100=0.997
  Step 90000: rankme=166.130, alpha=0.839, r2_100=0.997
  Step 114000: rankme=152.160, alpha=0.892, r2_100=0.997
  Step 122000: rankme=145.572, alpha=0.903, r2_100=0.997
  Step 35000: rankme=343.845, alpha=0.730, r2_100=0.999
  Step 47000: rankme=264.253, alpha=0.771, r2_100=0.998
  Step 143000: rankme=144.250, alpha=0.924, r2_100=0.997
  Step 140000: rankme=145.857, alpha=0.920, r2_100=0.997
  Step 12000: rankme=530.154, alpha=0.710, r2_100=0.998
  Step 128000: rankme=147.255, alpha=0.912, r2_100=0.997
  Step 116000: rankme=151.290, alpha=0.898, r2_100=0.997
  Step 64: rankme=11.490, alpha=1.499, r2_100=0.981
  Step 111000: rankme=151.048, alpha=0.886, r2_100=0.997
  Step 79000: rankme=185.239, alpha=0.819, r2_100=0.997
  Step 29000: rankme=394.231, alpha=0.712, r2_100=0.999
  Step 93000: rankme=165.507, alpha=0.845, r2_100=0.996
  Step 32: rankme=9.876, alpha=0.978, r2_100=0.942
  Step 50000: rankme=262.597, alpha=0.778, r2_100=0.997
  Step 53000: rankme=250.302, alpha=0.787, r2_100=0.997
  Step 38000: rankme=320.578, alpha=0.735, r2_100=0.998
  Step 8: rankme=174.051, alpha=0.727, r2_100=0.993
  Step 134000: rankme=143.811, alpha=0.915, r2_100=0.997
  Step 27000: rankme=406.444, alpha=0.719, r2_100=0.999
  Step 15000: rankme=498.783, alpha=0.715, r2_100=0.999
  Step 21000: rankme=461.753, alpha=0.707, r2_100=0.999
  Step 137000: rankme=147.578, alpha=0.920, r2_100=0.997
  Step 24000: rankme=430.839, alpha=0.712, r2_100=0.999
  Step 102000: rankme=158.263, alpha=0.865, r2_100=0.997
  Step 512: rankme=83.373, alpha=1.150, r2_100=0.998
  Step 18000: rankme=486.276, alpha=0.710, r2_100=0.999
  Step 9000: rankme=498.837, alpha=0.717, r2_100=0.999
  Step 108000: rankme=157.712, alpha=0.877, r2_100=0.997
  Step 1000: rankme=186.821, alpha=0.872, r2_100=0.999
  Step 105000: rankme=152.238, alpha=0.874, r2_100=0.997
  Step 56000: rankme=248.401, alpha=0.791, r2_100=0.997
  Step 67000: rankme=213.335, alpha=0.805, r2_100=0.996
Saved 58 results to results/results_pythia-1b-deduped.npy
--- pythia-1.4b ---
Computing metrics for 58/58 steps using 18 workers...
  Step 41000: rankme=509.288, alpha=0.755, r2_100=0.999
  Step 70000: rankme=356.364, alpha=0.827, r2_100=0.997
  Step 32000: rankme=547.767, alpha=0.755, r2_100=0.999
  Step 3000: rankme=350.875, alpha=0.803, r2_100=0.999
  Step 76000: rankme=341.314, alpha=0.841, r2_100=0.998
  Step 16: rankme=108.855, alpha=0.752, r2_100=0.987
  Step 0: rankme=175.432, alpha=0.699, r2_100=0.994
  Step 256: rankme=19.017, alpha=1.600, r2_100=0.993
  Step 128: rankme=13.729, alpha=1.622, r2_100=0.998
  Step 6000: rankme=484.091, alpha=0.772, r2_100=0.999
  Step 119000: rankme=245.013, alpha=0.935, r2_100=0.997
  Step 87000: rankme=306.196, alpha=0.865, r2_100=0.997
  Step 125000: rankme=243.037, alpha=0.943, r2_100=0.997
  Step 64000: rankme=394.251, alpha=0.811, r2_100=0.997
  Step 82000: rankme=315.144, alpha=0.850, r2_100=0.997
  Step 99000: rankme=271.736, alpha=0.896, r2_100=0.997
  Step 96000: rankme=287.950, alpha=0.882, r2_100=0.997
  Step 131000: rankme=236.414, alpha=0.947, r2_100=0.997
  Step 85000: rankme=310.132, alpha=0.858, r2_100=0.997
  Step 58000: rankme=417.200, alpha=0.797, r2_100=0.998
  Step 61000: rankme=394.202, alpha=0.806, r2_100=0.997
  Step 73000: rankme=355.781, alpha=0.825, r2_100=0.997
  Step 90000: rankme=291.017, alpha=0.873, r2_100=0.997
  Step 35000: rankme=529.474, alpha=0.761, r2_100=0.999
  Step 122000: rankme=245.460, alpha=0.940, r2_100=0.997
  Step 128000: rankme=240.702, alpha=0.944, r2_100=0.997
  Step 114000: rankme=252.475, alpha=0.927, r2_100=0.997
  Step 44000: rankme=472.179, alpha=0.774, r2_100=0.998
  Step 64: rankme=9.346, alpha=1.653, r2_100=0.986
  Step 143000: rankme=231.075, alpha=0.954, r2_100=0.997
  Step 12000: rankme=562.597, alpha=0.759, r2_100=0.999
  Step 47000: rankme=458.795, alpha=0.778, r2_100=0.998
  Step 79000: rankme=329.762, alpha=0.840, r2_100=0.997
  Step 140000: rankme=233.755, alpha=0.953, r2_100=0.997
  Step 111000: rankme=251.366, alpha=0.921, r2_100=0.997
  Step 116000: rankme=254.275, alpha=0.929, r2_100=0.996
  Step 29000: rankme=562.904, alpha=0.752, r2_100=0.999
  Step 93000: rankme=288.470, alpha=0.878, r2_100=0.997
  Step 32: rankme=6.135, alpha=1.065, r2_100=0.928
  Step 50000: rankme=434.767, alpha=0.786, r2_100=0.998
  Step 38000: rankme=514.328, alpha=0.758, r2_100=0.998
  Step 8: rankme=168.390, alpha=0.711, r2_100=0.992
  Step 53000: rankme=436.636, alpha=0.786, r2_100=0.998
  Step 27000: rankme=561.826, alpha=0.756, r2_100=0.999
  Step 15000: rankme=573.804, alpha=0.755, r2_100=0.999
  Step 134000: rankme=234.116, alpha=0.951, r2_100=0.997
  Step 137000: rankme=235.745, alpha=0.951, r2_100=0.997
  Step 512: rankme=59.737, alpha=1.204, r2_100=0.995
  Step 24000: rankme=560.623, alpha=0.760, r2_100=0.999
  Step 18000: rankme=570.069, alpha=0.762, r2_100=0.999
  Step 102000: rankme=265.237, alpha=0.903, r2_100=0.997
  Step 9000: rankme=531.398, alpha=0.763, r2_100=0.999
  Step 21000: rankme=572.152, alpha=0.753, r2_100=0.999
  Step 108000: rankme=259.118, alpha=0.915, r2_100=0.997
  Step 1000: rankme=165.193, alpha=0.898, r2_100=0.998
  Step 105000: rankme=261.367, alpha=0.905, r2_100=0.997
  Step 56000: rankme=414.585, alpha=0.792, r2_100=0.998
  Step 67000: rankme=369.955, alpha=0.816, r2_100=0.998
Saved 58 results to results/results_pythia-1.4b.npy
--- pythia-1.4b-deduped ---
Computing metrics for 58/58 steps using 18 workers...
  Step 41000: rankme=380.580, alpha=0.736, r2_100=0.998
  Step 119000: rankme=212.414, alpha=0.874, r2_100=0.999
  Step 128: rankme=12.668, alpha=1.623, r2_100=0.997
  Step 6000: rankme=462.052, alpha=0.718, r2_100=1.000
  Step 64000: rankme=266.073, alpha=0.769, r2_100=0.998
  Step 87000: rankme=235.560, alpha=0.812, r2_100=0.999
  Step 131000: rankme=209.576, alpha=0.903, r2_100=0.999
  Step 70000: rankme=257.588, alpha=0.779, r2_100=0.999
  Step 3000: rankme=377.093, alpha=0.745, r2_100=1.000
  Step 99000: rankme=231.026, alpha=0.832, r2_100=0.998
  Step 32000: rankme=413.882, alpha=0.713, r2_100=0.999
  Step 0: rankme=175.432, alpha=0.699, r2_100=0.994
  Step 96000: rankme=222.609, alpha=0.823, r2_100=0.998
  Step 82000: rankme=230.147, alpha=0.799, r2_100=0.998
  Step 16: rankme=197.241, alpha=0.920, r2_100=0.999
  Step 125000: rankme=214.292, alpha=0.894, r2_100=0.999
  Step 256: rankme=21.960, alpha=1.574, r2_100=0.993
  Step 76000: rankme=239.227, alpha=0.791, r2_100=0.998
  Step 85000: rankme=230.876, alpha=0.809, r2_100=0.998
  Step 58000: rankme=283.076, alpha=0.768, r2_100=0.999
  Step 44000: rankme=341.507, alpha=0.744, r2_100=0.998
  Step 61000: rankme=285.083, alpha=0.761, r2_100=0.998
  Step 73000: rankme=241.865, alpha=0.782, r2_100=0.999
  Step 90000: rankme=232.189, alpha=0.812, r2_100=0.999
  Step 35000: rankme=385.822, alpha=0.723, r2_100=0.999
  Step 122000: rankme=207.110, alpha=0.880, r2_100=0.999
  Step 114000: rankme=219.982, alpha=0.873, r2_100=0.999
  Step 47000: rankme=334.500, alpha=0.748, r2_100=0.998
  Step 128000: rankme=212.941, alpha=0.898, r2_100=0.999
  Step 12000: rankme=509.613, alpha=0.704, r2_100=0.999
  Step 64: rankme=9.287, alpha=1.641, r2_100=0.982
  Step 140000: rankme=204.208, alpha=0.910, r2_100=0.998
  Step 143000: rankme=197.241, alpha=0.920, r2_100=0.999
  Step 79000: rankme=237.703, alpha=0.793, r2_100=0.998
  Step 111000: rankme=217.141, alpha=0.853, r2_100=0.999
  Step 116000: rankme=219.692, alpha=0.878, r2_100=0.999
  Step 29000: rankme=429.895, alpha=0.709, r2_100=0.999
  Step 93000: rankme=227.124, alpha=0.821, r2_100=0.998
  Step 32: rankme=6.037, alpha=1.046, r2_100=0.931
  Step 38000: rankme=377.926, alpha=0.733, r2_100=0.999
  Step 50000: rankme=319.482, alpha=0.753, r2_100=0.998
  Step 53000: rankme=313.174, alpha=0.753, r2_100=0.998
  Step 134000: rankme=206.496, alpha=0.906, r2_100=0.999
  Step 24000: rankme=463.379, alpha=0.707, r2_100=0.999
  Step 27000: rankme=431.760, alpha=0.712, r2_100=0.999
  Step 15000: rankme=498.526, alpha=0.707, r2_100=0.999
  Step 8: rankme=168.424, alpha=0.711, r2_100=0.992
  Step 137000: rankme=202.643, alpha=0.911, r2_100=0.998
  Step 18000: rankme=488.251, alpha=0.710, r2_100=0.999
  Step 9000: rankme=497.775, alpha=0.716, r2_100=0.999
  Step 102000: rankme=227.326, alpha=0.839, r2_100=0.998
  Step 512: rankme=53.080, alpha=1.225, r2_100=0.996
  Step 21000: rankme=466.689, alpha=0.707, r2_100=0.999
  Step 108000: rankme=222.812, alpha=0.859, r2_100=0.999
  Step 1000: rankme=154.834, alpha=0.871, r2_100=0.997
  Step 105000: rankme=215.185, alpha=0.846, r2_100=0.998
  Step 56000: rankme=289.705, alpha=0.762, r2_100=0.998
  Step 67000: rankme=264.424, alpha=0.773, r2_100=0.998
Saved 58 results to results/results_pythia-1.4b-deduped.npy
--- pythia-2.8b ---
Computing metrics for 58/58 steps using 18 workers...
  Step 6000: rankme=270.959, alpha=0.945, r2_100=0.998
  Step 0: rankme=270.959, alpha=0.945, r2_100=0.998
  Step 99000: rankme=311.870, alpha=0.879, r2_100=0.998
  Step 128: rankme=270.959, alpha=0.945, r2_100=0.998
  Step 70000: rankme=270.959, alpha=0.945, r2_100=0.998
  Step 16: rankme=270.959, alpha=0.945, r2_100=0.998
  Step 32000: rankme=270.959, alpha=0.945, r2_100=0.998
  Step 41000: rankme=270.959, alpha=0.945, r2_100=0.998
  Step 87000: rankme=334.645, alpha=0.850, r2_100=0.998
  Step 76000: rankme=352.340, alpha=0.840, r2_100=0.998
  Step 256: rankme=270.959, alpha=0.945, r2_100=0.998
  Step 96000: rankme=319.613, alpha=0.866, r2_100=0.998
  Step 64000: rankme=270.959, alpha=0.945, r2_100=0.998
  Step 125000: rankme=281.611, alpha=0.929, r2_100=0.998
  Step 3000: rankme=270.959, alpha=0.945, r2_100=0.998
  Step 119000: rankme=289.449, alpha=0.915, r2_100=0.998
  Step 82000: rankme=331.247, alpha=0.845, r2_100=0.997
  Step 131000: rankme=283.548, alpha=0.928, r2_100=0.998
  Step 85000: rankme=329.376, alpha=0.851, r2_100=0.998
  Step 44000: rankme=270.959, alpha=0.945, r2_100=0.998
  Step 58000: rankme=270.959, alpha=0.945, r2_100=0.998
  Step 61000: rankme=270.959, alpha=0.945, r2_100=0.998
  Step 128000: rankme=282.951, alpha=0.928, r2_100=0.998
  Step 35000: rankme=270.959, alpha=0.945, r2_100=0.998
  Step 114000: rankme=296.331, alpha=0.905, r2_100=0.998
  Step 122000: rankme=284.816, alpha=0.920, r2_100=0.997
  Step 90000: rankme=270.959, alpha=0.945, r2_100=0.998
  Step 73000: rankme=364.240, alpha=0.833, r2_100=0.998
  Step 143000: rankme=270.959, alpha=0.945, r2_100=0.998
  Step 111000: rankme=292.711, alpha=0.905, r2_100=0.997
  Step 64: rankme=270.959, alpha=0.945, r2_100=0.998
  Step 140000: rankme=270.959, alpha=0.945, r2_100=0.998
  Step 116000: rankme=291.486, alpha=0.913, r2_100=0.997
  Step 47000: rankme=270.959, alpha=0.945, r2_100=0.998
  Step 79000: rankme=347.136, alpha=0.843, r2_100=0.998
  Step 12000: rankme=270.959, alpha=0.945, r2_100=0.998
  Step 29000: rankme=270.959, alpha=0.945, r2_100=0.998
  Step 32: rankme=270.959, alpha=0.945, r2_100=0.998
  Step 93000: rankme=319.271, alpha=0.867, r2_100=0.998
  Step 38000: rankme=270.959, alpha=0.945, r2_100=0.998
  Step 50000: rankme=270.959, alpha=0.945, r2_100=0.998
  Step 134000: rankme=278.229, alpha=0.932, r2_100=0.998
  Step 8: rankme=270.959, alpha=0.945, r2_100=0.998
  Step 27000: rankme=270.959, alpha=0.945, r2_100=0.998
  Step 53000: rankme=270.959, alpha=0.945, r2_100=0.998
  Step 137000: rankme=277.381, alpha=0.936, r2_100=0.998
  Step 15000: rankme=270.959, alpha=0.945, r2_100=0.998
  Step 512: rankme=270.959, alpha=0.945, r2_100=0.998
  Step 24000: rankme=270.959, alpha=0.945, r2_100=0.998
  Step 9000: rankme=270.959, alpha=0.945, r2_100=0.998
  Step 102000: rankme=305.422, alpha=0.887, r2_100=0.998
  Step 108000: rankme=300.635, alpha=0.897, r2_100=0.997
  Step 18000: rankme=270.959, alpha=0.945, r2_100=0.998
  Step 21000: rankme=270.959, alpha=0.945, r2_100=0.998
  Step 1000: rankme=270.959, alpha=0.945, r2_100=0.998
  Step 105000: rankme=302.222, alpha=0.889, r2_100=0.997
  Step 56000: rankme=270.959, alpha=0.945, r2_100=0.998
  Step 67000: rankme=371.390, alpha=0.823, r2_100=0.998
Saved 58 results to results/results_pythia-2.8b.npy
--- pythia-2.8b-deduped ---
Computing metrics for 58/58 steps using 18 workers...
  Step 128: rankme=13.503, alpha=1.708, r2_100=0.998
  Step 3000: rankme=419.149, alpha=0.787, r2_100=0.999
  Step 16: rankme=87.834, alpha=0.763, r2_100=0.987
  Step 82000: rankme=338.987, alpha=0.841, r2_100=0.997
  Step 6000: rankme=526.741, alpha=0.761, r2_100=0.999
  Step 0: rankme=211.838, alpha=0.686, r2_100=0.996
  Step 256: rankme=14.963, alpha=1.919, r2_100=0.991
  Step 41000: rankme=500.969, alpha=0.768, r2_100=0.999
  Step 87000: rankme=333.935, alpha=0.852, r2_100=0.998
  Step 96000: rankme=315.594, alpha=0.868, r2_100=0.998
  Step 70000: rankme=374.062, alpha=0.820, r2_100=0.998
  Step 64000: rankme=379.267, alpha=0.819, r2_100=0.998
  Step 99000: rankme=315.273, alpha=0.876, r2_100=0.998
  Step 119000: rankme=289.057, alpha=0.914, r2_100=0.998
  Step 76000: rankme=360.395, alpha=0.831, r2_100=0.998
  Step 32000: rankme=547.270, alpha=0.764, r2_100=0.998
  Step 125000: rankme=282.497, alpha=0.926, r2_100=0.998
  Step 131000: rankme=282.886, alpha=0.928, r2_100=0.998
  Step 58000: rankme=410.296, alpha=0.804, r2_100=0.998
  Step 85000: rankme=327.457, alpha=0.851, r2_100=0.998
  Step 61000: rankme=394.971, alpha=0.805, r2_100=0.998
  Step 44000: rankme=465.326, alpha=0.785, r2_100=0.998
  Step 35000: rankme=520.891, alpha=0.770, r2_100=0.999
  Step 73000: rankme=368.229, alpha=0.830, r2_100=0.998
  Step 90000: rankme=310.098, alpha=0.863, r2_100=0.998
  Step 128000: rankme=281.448, alpha=0.926, r2_100=0.998
  Step 114000: rankme=295.325, alpha=0.905, r2_100=0.998
  Step 122000: rankme=284.307, alpha=0.920, r2_100=0.997
  Step 47000: rankme=454.884, alpha=0.790, r2_100=0.998
  Step 143000: rankme=270.581, alpha=0.944, r2_100=0.998
  Step 140000: rankme=277.692, alpha=0.935, r2_100=0.998
  Step 111000: rankme=294.331, alpha=0.903, r2_100=0.998
  Step 12000: rankme=591.546, alpha=0.758, r2_100=0.999
  Step 79000: rankme=347.273, alpha=0.842, r2_100=0.998
  Step 64: rankme=9.029, alpha=1.731, r2_100=0.988
  Step 116000: rankme=291.133, alpha=0.912, r2_100=0.998
  Step 93000: rankme=320.141, alpha=0.866, r2_100=0.998
  Step 29000: rankme=559.725, alpha=0.764, r2_100=0.998
  Step 32: rankme=4.783, alpha=1.179, r2_100=0.931
  Step 38000: rankme=508.503, alpha=0.774, r2_100=0.998
  Step 50000: rankme=432.026, alpha=0.792, r2_100=0.998
  Step 8: rankme=187.203, alpha=0.708, r2_100=0.992
  Step 137000: rankme=277.332, alpha=0.934, r2_100=0.998
  Step 27000: rankme=573.377, alpha=0.759, r2_100=0.999
  Step 53000: rankme=421.079, alpha=0.795, r2_100=0.998
  Step 15000: rankme=601.471, alpha=0.754, r2_100=0.999
  Step 24000: rankme=576.118, alpha=0.759, r2_100=0.999
  Step 134000: rankme=277.875, alpha=0.931, r2_100=0.998
  Step 512: rankme=47.952, alpha=1.294, r2_100=0.991
  Step 18000: rankme=588.653, alpha=0.755, r2_100=0.999
  Step 102000: rankme=305.468, alpha=0.885, r2_100=0.998
  Step 9000: rankme=568.934, alpha=0.758, r2_100=0.999
  Step 21000: rankme=575.728, alpha=0.761, r2_100=0.999
  Step 108000: rankme=302.693, alpha=0.894, r2_100=0.997
  Step 1000: rankme=154.246, alpha=0.947, r2_100=0.998
  Step 105000: rankme=299.532, alpha=0.889, r2_100=0.997
  Step 56000: rankme=414.825, alpha=0.798, r2_100=0.998
  Step 67000: rankme=368.321, alpha=0.822, r2_100=0.998
Saved 58 results to results/results_pythia-2.8b-deduped.npy
--- pythia-6.9b ---
Computing metrics for 58/58 steps using 18 workers...
  Step 6000: rankme=435.230, alpha=0.834, r2_100=0.999
  Step 76000: rankme=430.294, alpha=0.814, r2_100=0.999
  Step 131000: rankme=297.643, alpha=0.922, r2_100=0.998
  Step 16: rankme=253.142, alpha=0.783, r2_100=0.978
  Step 70000: rankme=454.914, alpha=0.798, r2_100=0.999
  Step 82000: rankme=410.352, alpha=0.823, r2_100=0.999
  Step 128: rankme=11.501, alpha=1.463, r2_100=0.983
  Step 96000: rankme=360.215, alpha=0.854, r2_100=0.998
  Step 3000: rankme=300.043, alpha=0.916, r2_100=0.999
  Step 119000: rankme=310.249, alpha=0.909, r2_100=0.998
  Step 64000: rankme=503.574, alpha=0.783, r2_100=0.999
  Step 0: rankme=278.736, alpha=0.760, r2_100=0.980
  Step 256: rankme=11.211, alpha=1.752, r2_100=0.999
  Step 32000: rankme=623.695, alpha=0.759, r2_100=0.999
  Step 125000: rankme=304.131, alpha=0.917, r2_100=0.998
  Step 41000: rankme=585.117, alpha=0.769, r2_100=0.999
  Step 87000: rankme=393.939, alpha=0.835, r2_100=0.999
  Step 99000: rankme=351.256, alpha=0.864, r2_100=0.998
  Step 85000: rankme=401.208, alpha=0.827, r2_100=0.999
  Step 58000: rankme=524.121, alpha=0.782, r2_100=0.999
  Step 61000: rankme=498.045, alpha=0.784, r2_100=0.999
  Step 44000: rankme=575.892, alpha=0.766, r2_100=0.999
  Step 90000: rankme=367.739, alpha=0.847, r2_100=0.999
  Step 73000: rankme=446.154, alpha=0.815, r2_100=0.999
  Step 114000: rankme=316.805, alpha=0.900, r2_100=0.998
  Step 12000: rankme=543.539, alpha=0.791, r2_100=0.999
  Step 143000: rankme=288.178, alpha=0.935, r2_100=0.998
  Step 35000: rankme=614.443, alpha=0.768, r2_100=0.999
  Step 122000: rankme=307.113, alpha=0.916, r2_100=0.997
  Step 47000: rankme=561.124, alpha=0.774, r2_100=0.999
  Step 111000: rankme=322.047, alpha=0.896, r2_100=0.998
  Step 64: rankme=17.661, alpha=1.065, r2_100=0.964
  Step 128000: rankme=304.518, alpha=0.921, r2_100=0.998
  Step 140000: rankme=289.990, alpha=0.933, r2_100=0.997
  Step 116000: rankme=310.694, alpha=0.908, r2_100=0.998
  Step 79000: rankme=422.423, alpha=0.815, r2_100=0.999
  Step 29000: rankme=610.685, alpha=0.770, r2_100=0.999
  Step 50000: rankme=557.304, alpha=0.770, r2_100=0.999
  Step 32: rankme=140.602, alpha=0.847, r2_100=0.978
  Step 93000: rankme=368.479, alpha=0.853, r2_100=0.999
  Step 53000: rankme=541.135, alpha=0.772, r2_100=0.999
  Step 38000: rankme=609.416, alpha=0.761, r2_100=0.999
  Step 8: rankme=273.546, alpha=0.762, r2_100=0.980
  Step 134000: rankme=292.813, alpha=0.924, r2_100=0.998
  Step 27000: rankme=625.993, alpha=0.771, r2_100=0.999
  Step 15000: rankme=562.210, alpha=0.782, r2_100=0.999
  Step 102000: rankme=346.711, alpha=0.876, r2_100=0.998
  Step 512: rankme=22.769, alpha=1.725, r2_100=0.999
  Step 137000: rankme=294.129, alpha=0.928, r2_100=0.998
  Step 24000: rankme=606.443, alpha=0.773, r2_100=0.999
  Step 9000: rankme=485.539, alpha=0.812, r2_100=0.999
  Step 18000: rankme=580.626, alpha=0.778, r2_100=0.999
  Step 21000: rankme=607.874, alpha=0.770, r2_100=0.999
  Step 108000: rankme=331.987, alpha=0.884, r2_100=0.998
  Step 105000: rankme=332.611, alpha=0.883, r2_100=0.998
  Step 56000: rankme=541.496, alpha=0.774, r2_100=0.999
  Step 1000: rankme=83.767, alpha=1.212, r2_100=0.998
  Step 67000: rankme=461.958, alpha=0.796, r2_100=0.999
Saved 58 results to results/results_pythia-6.9b.npy
--- pythia-6.9b-deduped ---
Computing metrics for 58/58 steps using 18 workers...
  Step 6000: rankme=398.491, alpha=0.780, r2_100=0.999
  Step 119000: rankme=204.896, alpha=0.871, r2_100=0.998
  Step 87000: rankme=284.876, alpha=0.814, r2_100=0.998
  Step 256: rankme=11.545, alpha=1.749, r2_100=0.999
  Step 64000: rankme=386.574, alpha=0.761, r2_100=0.999
  Step 128: rankme=12.409, alpha=1.475, r2_100=0.979
  Step 70000: rankme=372.295, alpha=0.777, r2_100=0.999
  Step 3000: rankme=288.317, alpha=0.857, r2_100=0.998
  Step 96000: rankme=253.367, alpha=0.829, r2_100=0.999
  Step 0: rankme=278.736, alpha=0.760, r2_100=0.980
  Step 76000: rankme=324.284, alpha=0.790, r2_100=0.999
  Step 16: rankme=252.125, alpha=0.783, r2_100=0.978
  Step 82000: rankme=309.849, alpha=0.799, r2_100=0.998
  Step 32000: rankme=556.906, alpha=0.720, r2_100=0.999
  Step 131000: rankme=187.311, alpha=0.887, r2_100=0.998
  Step 125000: rankme=194.986, alpha=0.881, r2_100=0.998
  Step 99000: rankme=242.663, alpha=0.836, r2_100=0.998
  Step 41000: rankme=517.711, alpha=0.734, r2_100=0.999
  Step 85000: rankme=288.805, alpha=0.812, r2_100=0.998
  Step 58000: rankme=425.684, alpha=0.757, r2_100=0.999
  Step 44000: rankme=516.603, alpha=0.731, r2_100=0.999
  Step 90000: rankme=276.848, alpha=0.819, r2_100=0.999
  Step 73000: rankme=344.489, alpha=0.783, r2_100=0.999
  Step 61000: rankme=413.933, alpha=0.757, r2_100=0.999
  Step 143000: rankme=183.663, alpha=0.897, r2_100=0.998
  Step 35000: rankme=535.429, alpha=0.733, r2_100=0.999
  Step 128000: rankme=194.826, alpha=0.884, r2_100=0.998
  Step 122000: rankme=195.023, alpha=0.879, r2_100=0.998
  Step 64: rankme=15.967, alpha=1.081, r2_100=0.962
  Step 114000: rankme=208.430, alpha=0.868, r2_100=0.998
  Step 47000: rankme=464.878, alpha=0.744, r2_100=0.999
  Step 12000: rankme=510.239, alpha=0.738, r2_100=0.999
  Step 140000: rankme=180.169, alpha=0.898, r2_100=0.998
  Step 116000: rankme=207.134, alpha=0.870, r2_100=0.998
  Step 79000: rankme=323.833, alpha=0.791, r2_100=0.998
  Step 111000: rankme=220.554, alpha=0.857, r2_100=0.998
  Step 29000: rankme=553.256, alpha=0.725, r2_100=0.999
  Step 32: rankme=138.225, alpha=0.844, r2_100=0.979
  Step 93000: rankme=263.577, alpha=0.820, r2_100=0.998
  Step 50000: rankme=467.514, alpha=0.738, r2_100=0.999
  Step 8: rankme=273.310, alpha=0.762, r2_100=0.980
  Step 53000: rankme=452.703, alpha=0.744, r2_100=0.999
  Step 134000: rankme=184.494, alpha=0.892, r2_100=0.998
  Step 38000: rankme=522.316, alpha=0.733, r2_100=0.999
  Step 137000: rankme=189.100, alpha=0.892, r2_100=0.998
  Step 512: rankme=24.503, alpha=1.692, r2_100=0.999
  Step 15000: rankme=541.757, alpha=0.738, r2_100=0.999
  Step 27000: rankme=552.755, alpha=0.726, r2_100=0.999
  Step 24000: rankme=570.695, alpha=0.727, r2_100=0.999
  Step 18000: rankme=547.794, alpha=0.735, r2_100=0.999
  Step 9000: rankme=463.456, alpha=0.755, r2_100=0.999
  Step 21000: rankme=554.879, alpha=0.726, r2_100=0.999
  Step 108000: rankme=223.153, alpha=0.855, r2_100=0.998
  Step 102000: rankme=234.728, alpha=0.842, r2_100=0.998
  Step 1000: rankme=84.409, alpha=1.186, r2_100=0.998
  Step 105000: rankme=228.783, alpha=0.850, r2_100=0.998
  Step 56000: rankme=440.914, alpha=0.755, r2_100=0.999
  Step 67000: rankme=378.354, alpha=0.768, r2_100=0.999
Saved 58 results to results/results_pythia-6.9b-deduped.npy
--- OLMo-2-0425-1B ---
Computing metrics for 62/62 steps using 18 workers...
  Step 860000: rankme=301.047, alpha=1.070, r2_100=0.993
  Step 6000: rankme=537.917, alpha=0.750, r2_100=0.998
  Step 1630000: rankme=353.837, alpha=0.973, r2_100=0.997
  Step 900000: rankme=290.420, alpha=1.049, r2_100=0.994
  Step 0: rankme=919.961, alpha=0.470, r2_100=0.993
  Step 590000: rankme=250.800, alpha=1.058, r2_100=0.997
  Step 970000: rankme=282.210, alpha=1.049, r2_100=0.995
  Step 3000: rankme=413.552, alpha=0.758, r2_100=0.999
  Step 1010000: rankme=314.469, alpha=1.026, r2_100=0.996
  Step 1170000: rankme=321.234, alpha=1.019, r2_100=0.996
  Step 320000: rankme=283.307, alpha=1.081, r2_100=0.994
  Step 1430000: rankme=317.828, alpha=1.007, r2_100=0.996
  Step 1470000: rankme=326.889, alpha=1.022, r2_100=0.996
  Step 130000: rankme=280.494, alpha=1.030, r2_100=0.990
  Step 250000: rankme=278.878, alpha=1.096, r2_100=0.994
  Step 1320000: rankme=339.739, alpha=0.997, r2_100=0.997
  Step 740000: rankme=278.902, alpha=1.048, r2_100=0.995
  Step 1240000: rankme=323.967, alpha=0.996, r2_100=0.998
  Step 480000: rankme=258.363, alpha=1.065, r2_100=0.995
  Step 280000: rankme=290.554, alpha=1.085, r2_100=0.995
  Step 1510000: rankme=336.811, alpha=1.013, r2_100=0.996
  Step 1900000: rankme=381.322, alpha=0.959, r2_100=0.998
  Step 940000: rankme=271.665, alpha=1.049, r2_100=0.993
  Step 1590000: rankme=341.208, alpha=0.980, r2_100=0.996
  Step 630000: rankme=277.285, alpha=1.061, r2_100=0.997
  Step 7000: rankme=539.050, alpha=0.761, r2_100=0.998
  Step 90000: rankme=301.931, alpha=0.986, r2_100=0.991
  Step 1740000: rankme=375.215, alpha=0.955, r2_100=0.998
  Step 1090000: rankme=282.583, alpha=1.009, r2_100=0.997
  Step 820000: rankme=291.735, alpha=1.057, r2_100=0.996
  Step 170000: rankme=271.192, alpha=1.075, r2_100=0.989
  Step 8000: rankme=547.453, alpha=0.768, r2_100=0.997
  Step 10000: rankme=528.247, alpha=0.775, r2_100=0.998
  Step 1820000: rankme=372.971, alpha=0.962, r2_100=0.998
  Step 2000: rankme=305.191, alpha=0.877, r2_100=0.995
  Step 1360000: rankme=321.491, alpha=1.001, r2_100=0.997
  Step 360000: rankme=244.184, alpha=1.064, r2_100=0.994
  Step 1660000: rankme=363.940, alpha=0.963, r2_100=0.997
  Step 780000: rankme=253.531, alpha=1.063, r2_100=0.995
  Step 1400000: rankme=305.444, alpha=1.023, r2_100=0.996
  Step 1130000: rankme=307.495, alpha=1.017, r2_100=0.997
  Step 510000: rankme=261.237, alpha=1.076, r2_100=0.995
  Step 210000: rankme=276.136, alpha=1.084, r2_100=0.993
  Step 1280000: rankme=334.560, alpha=1.008, r2_100=0.998
  Step 1200000: rankme=338.004, alpha=0.997, r2_100=0.997
  Step 50000: rankme=356.520, alpha=0.908, r2_100=0.995
  Step 300: rankme=37.549, alpha=1.345, r2_100=0.997
  Step 5000: rankme=517.812, alpha=0.755, r2_100=0.999
  Step 4000: rankme=496.059, alpha=0.731, r2_100=0.999
  Step 1780000: rankme=357.955, alpha=0.962, r2_100=0.998
  Step 710000: rankme=280.464, alpha=1.056, r2_100=0.996
  Step 1700000: rankme=372.641, alpha=0.947, r2_100=0.998
  Step 1050000: rankme=329.104, alpha=1.025, r2_100=0.996
  Step 9000: rankme=538.056, alpha=0.769, r2_100=0.997
  Step 440000: rankme=249.556, alpha=1.045, r2_100=0.995
  Step 670000: rankme=295.834, alpha=1.057, r2_100=0.997
  Step 1860000: rankme=381.334, alpha=0.959, r2_100=0.998
  Step 400000: rankme=264.939, alpha=1.061, r2_100=0.996
  Step 1000: rankme=180.656, alpha=1.139, r2_100=0.999
  Step 1550000: rankme=353.564, alpha=0.996, r2_100=0.997
  Step 20000: rankme=486.533, alpha=0.814, r2_100=0.997
  Step 550000: rankme=237.570, alpha=1.060, r2_100=0.997
Saved 62 results to results/results_OLMo-2-0425-1B.npy
--- OLMo-2-1124-7B ---
Computing metrics for 66/66 steps using 18 workers...
  Step 860000: rankme=371.562, alpha=1.070, r2_100=0.996
  Step 730000: rankme=337.995, alpha=1.116, r2_100=0.996
  Step 120000: rankme=355.937, alpha=1.019, r2_100=0.996
  Step 320000: rankme=294.902, alpha=1.099, r2_100=0.998
  Step 3000: rankme=618.014, alpha=0.718, r2_100=0.999
  Step 190000: rankme=320.254, alpha=1.053, r2_100=0.998
  Step 850: rankme=176.057, alpha=1.118, r2_100=0.998
  Step 640000: rankme=332.247, alpha=1.132, r2_100=0.996
  Step 610000: rankme=317.703, alpha=1.145, r2_100=0.997
  Step 410000: rankme=309.735, alpha=1.135, r2_100=0.998
  Step 150000: rankme=335.285, alpha=1.052, r2_100=0.996
  Step 900000: rankme=389.978, alpha=1.041, r2_100=0.996
  Step 590000: rankme=312.647, alpha=1.156, r2_100=0.997
  Step 700: rankme=127.720, alpha=1.250, r2_100=0.995
  Step 6000: rankme=733.853, alpha=0.727, r2_100=0.998
  Step 70000: rankme=407.357, alpha=0.945, r2_100=0.996
  Step 770000: rankme=336.113, alpha=1.127, r2_100=0.996
  Step 2150: rankme=529.568, alpha=0.720, r2_100=0.999
  Step 240000: rankme=296.643, alpha=1.078, r2_100=0.998
  Step 480000: rankme=313.170, alpha=1.146, r2_100=0.998
  Step 350000: rankme=299.624, alpha=1.110, r2_100=0.999
  Step 220000: rankme=289.701, alpha=1.072, r2_100=0.997
  Step 130000: rankme=350.204, alpha=1.028, r2_100=0.996
  Step 280000: rankme=315.663, alpha=1.105, r2_100=0.998
  Step 500000: rankme=313.971, alpha=1.146, r2_100=0.998
  Step 370000: rankme=291.930, alpha=1.113, r2_100=0.998
  Step 90000: rankme=363.357, alpha=0.992, r2_100=0.996
  Step 840000: rankme=368.769, alpha=1.077, r2_100=0.996
  Step 530000: rankme=312.378, alpha=1.149, r2_100=0.998
  Step 30000: rankme=674.100, alpha=0.790, r2_100=0.997
  Step 660000: rankme=329.566, alpha=1.116, r2_100=0.996
  Step 170000: rankme=316.856, alpha=1.051, r2_100=0.997
  Step 720000: rankme=345.714, alpha=1.110, r2_100=0.996
  Step 7000: rankme=756.060, alpha=0.729, r2_100=0.998
  Step 2000: rankme=500.867, alpha=0.720, r2_100=0.999
  Step 8000: rankme=774.289, alpha=0.726, r2_100=0.997
  Step 680000: rankme=337.656, alpha=1.120, r2_100=0.996
  Step 570000: rankme=295.828, alpha=1.157, r2_100=0.998
  Step 820000: rankme=353.240, alpha=1.096, r2_100=0.996
  Step 920000: rankme=391.716, alpha=1.041, r2_100=0.996
  Step 210000: rankme=288.014, alpha=1.073, r2_100=0.997
  Step 10000: rankme=793.199, alpha=0.727, r2_100=0.997
  Step 460000: rankme=294.466, alpha=1.133, r2_100=0.998
  Step 4000: rankme=657.031, alpha=0.740, r2_100=0.998
  Step 150: rankme=21.865, alpha=1.202, r2_100=0.989
  Step 50000: rankme=512.923, alpha=0.880, r2_100=0.996
  Step 330000: rankme=289.745, alpha=1.104, r2_100=0.998
  Step 520000: rankme=314.025, alpha=1.148, r2_100=0.998
  Step 900: rankme=183.209, alpha=1.074, r2_100=0.996
  Step 790000: rankme=343.090, alpha=1.116, r2_100=0.996
  Step 5000: rankme=700.307, alpha=0.729, r2_100=0.998
  Step 420000: rankme=321.760, alpha=1.136, r2_100=0.998
  Step 750000: rankme=328.532, alpha=1.129, r2_100=0.995
  Step 390000: rankme=303.126, alpha=1.118, r2_100=0.998
  Step 700000: rankme=342.736, alpha=1.113, r2_100=0.996
  Step 620000: rankme=322.371, alpha=1.147, r2_100=0.996
  Step 9000: rankme=784.516, alpha=0.729, r2_100=0.997
  Step 880000: rankme=387.670, alpha=1.046, r2_100=0.996
  Step 440000: rankme=298.248, alpha=1.144, r2_100=0.998
  Step 600: rankme=100.749, alpha=1.404, r2_100=0.996
  Step 810000: rankme=351.566, alpha=1.102, r2_100=0.996
  Step 1000: rankme=214.707, alpha=0.976, r2_100=0.994
  Step 550000: rankme=300.692, alpha=1.152, r2_100=0.998
  Step 20000: rankme=775.352, alpha=0.737, r2_100=0.998
  Step 260000: rankme=318.910, alpha=1.095, r2_100=0.998
  Step 300000: rankme=283.892, alpha=1.100, r2_100=0.999
Saved 66 results to results/results_OLMo-2-1124-7B.npy
=== Done ===
