=== Running model: allenai/OLMo-2-0425-1B with 1b_revisions.txt (array task 0, batch_size 512) ===
Opening checkpoint file: 1b_revisions.txt
Found 204 checkpoints
Subsampled later checkpoints to 50
Total checkpoints: 62 (12 early + 50 later)
Loaded 5000 cached sequences from data/cache/filtered_texts_fineweb_5000.json
Processing 62 remaining checkpoints...
Running model allenai/OLMo-2-0425-1B/stage1-step0-tokens0B
Step 0: saved (5000, 2048) to activations/OLMo-2-0425-1B/step0.npy
Running model allenai/OLMo-2-0425-1B/stage1-step300-tokens1B
Step 300: saved (5000, 2048) to activations/OLMo-2-0425-1B/step300.npy
Running model allenai/OLMo-2-0425-1B-early-training/stage1-step1000-tokens3B
Step 1000: saved (5000, 2048) to activations/OLMo-2-0425-1B/step1000.npy
Running model allenai/OLMo-2-0425-1B-early-training/stage1-step2000-tokens5B
Step 2000: saved (5000, 2048) to activations/OLMo-2-0425-1B/step2000.npy
Running model allenai/OLMo-2-0425-1B-early-training/stage1-step3000-tokens7B
Step 3000: saved (5000, 2048) to activations/OLMo-2-0425-1B/step3000.npy
Running model allenai/OLMo-2-0425-1B-early-training/stage1-step4000-tokens9B
Step 4000: saved (5000, 2048) to activations/OLMo-2-0425-1B/step4000.npy
Running model allenai/OLMo-2-0425-1B-early-training/stage1-step5000-tokens11B
Step 5000: saved (5000, 2048) to activations/OLMo-2-0425-1B/step5000.npy
Running model allenai/OLMo-2-0425-1B-early-training/stage1-step6000-tokens13B
Step 6000: saved (5000, 2048) to activations/OLMo-2-0425-1B/step6000.npy
Running model allenai/OLMo-2-0425-1B-early-training/stage1-step7000-tokens15B
Step 7000: saved (5000, 2048) to activations/OLMo-2-0425-1B/step7000.npy
Running model allenai/OLMo-2-0425-1B-early-training/stage1-step8000-tokens17B
Step 8000: saved (5000, 2048) to activations/OLMo-2-0425-1B/step8000.npy
Running model allenai/OLMo-2-0425-1B-early-training/stage1-step9000-tokens19B
Step 9000: saved (5000, 2048) to activations/OLMo-2-0425-1B/step9000.npy
Running model allenai/OLMo-2-0425-1B-early-training/stage1-step10000-tokens21B
Step 10000: saved (5000, 2048) to activations/OLMo-2-0425-1B/step10000.npy
Running model allenai/OLMo-2-0425-1B/stage1-step20000-tokens42B
Step 20000: saved (5000, 2048) to activations/OLMo-2-0425-1B/step20000.npy
Running model allenai/OLMo-2-0425-1B/stage1-step50000-tokens105B
Step 50000: saved (5000, 2048) to activations/OLMo-2-0425-1B/step50000.npy
Running model allenai/OLMo-2-0425-1B/stage1-step90000-tokens189B
Step 90000: saved (5000, 2048) to activations/OLMo-2-0425-1B/step90000.npy
Running model allenai/OLMo-2-0425-1B/stage1-step130000-tokens273B
Step 130000: saved (5000, 2048) to activations/OLMo-2-0425-1B/step130000.npy
Running model allenai/OLMo-2-0425-1B/stage1-step170000-tokens357B
Step 170000: saved (5000, 2048) to activations/OLMo-2-0425-1B/step170000.npy
Running model allenai/OLMo-2-0425-1B/stage1-step210000-tokens441B
Step 210000: saved (5000, 2048) to activations/OLMo-2-0425-1B/step210000.npy
Running model allenai/OLMo-2-0425-1B/stage1-step250000-tokens525B
Step 250000: saved (5000, 2048) to activations/OLMo-2-0425-1B/step250000.npy
Running model allenai/OLMo-2-0425-1B/stage1-step280000-tokens588B
Step 280000: saved (5000, 2048) to activations/OLMo-2-0425-1B/step280000.npy
Running model allenai/OLMo-2-0425-1B/stage1-step320000-tokens672B
Step 320000: saved (5000, 2048) to activations/OLMo-2-0425-1B/step320000.npy
Running model allenai/OLMo-2-0425-1B/stage1-step360000-tokens755B
Step 360000: saved (5000, 2048) to activations/OLMo-2-0425-1B/step360000.npy
Running model allenai/OLMo-2-0425-1B/stage1-step400000-tokens839B
Step 400000: saved (5000, 2048) to activations/OLMo-2-0425-1B/step400000.npy
Running model allenai/OLMo-2-0425-1B/stage1-step440000-tokens923B
Step 440000: saved (5000, 2048) to activations/OLMo-2-0425-1B/step440000.npy
Running model allenai/OLMo-2-0425-1B/stage1-step480000-tokens1007B
Step 480000: saved (5000, 2048) to activations/OLMo-2-0425-1B/step480000.npy
Running model allenai/OLMo-2-0425-1B/stage1-step510000-tokens1070B
Step 510000: saved (5000, 2048) to activations/OLMo-2-0425-1B/step510000.npy
Running model allenai/OLMo-2-0425-1B/stage1-step550000-tokens1154B
Step 550000: saved (5000, 2048) to activations/OLMo-2-0425-1B/step550000.npy
Running model allenai/OLMo-2-0425-1B/stage1-step590000-tokens1238B
Step 590000: saved (5000, 2048) to activations/OLMo-2-0425-1B/step590000.npy
Running model allenai/OLMo-2-0425-1B/stage1-step630000-tokens1322B
Step 630000: saved (5000, 2048) to activations/OLMo-2-0425-1B/step630000.npy
Running model allenai/OLMo-2-0425-1B/stage1-step670000-tokens1406B
Step 670000: saved (5000, 2048) to activations/OLMo-2-0425-1B/step670000.npy
Running model allenai/OLMo-2-0425-1B/stage1-step710000-tokens1489B
Step 710000: saved (5000, 2048) to activations/OLMo-2-0425-1B/step710000.npy
Running model allenai/OLMo-2-0425-1B/stage1-step740000-tokens1552B
Step 740000: saved (5000, 2048) to activations/OLMo-2-0425-1B/step740000.npy
Running model allenai/OLMo-2-0425-1B/stage1-step780000-tokens1636B
Step 780000: saved (5000, 2048) to activations/OLMo-2-0425-1B/step780000.npy
Running model allenai/OLMo-2-0425-1B/stage1-step820000-tokens1720B
Step 820000: saved (5000, 2048) to activations/OLMo-2-0425-1B/step820000.npy
Running model allenai/OLMo-2-0425-1B/stage1-step860000-tokens1804B
Step 860000: saved (5000, 2048) to activations/OLMo-2-0425-1B/step860000.npy
Running model allenai/OLMo-2-0425-1B/stage1-step900000-tokens1888B
Step 900000: saved (5000, 2048) to activations/OLMo-2-0425-1B/step900000.npy
Running model allenai/OLMo-2-0425-1B/stage1-step940000-tokens1972B
Step 940000: saved (5000, 2048) to activations/OLMo-2-0425-1B/step940000.npy
Running model allenai/OLMo-2-0425-1B/stage1-step970000-tokens2035B
Step 970000: saved (5000, 2048) to activations/OLMo-2-0425-1B/step970000.npy
Running model allenai/OLMo-2-0425-1B/stage1-step1010000-tokens2119B
Step 1010000: saved (5000, 2048) to activations/OLMo-2-0425-1B/step1010000.npy
Running model allenai/OLMo-2-0425-1B/stage1-step1050000-tokens2203B
Step 1050000: saved (5000, 2048) to activations/OLMo-2-0425-1B/step1050000.npy
Running model allenai/OLMo-2-0425-1B/stage1-step1090000-tokens2286B
Step 1090000: saved (5000, 2048) to activations/OLMo-2-0425-1B/step1090000.npy
Running model allenai/OLMo-2-0425-1B/stage1-step1130000-tokens2370B
Step 1130000: saved (5000, 2048) to activations/OLMo-2-0425-1B/step1130000.npy
Running model allenai/OLMo-2-0425-1B/stage1-step1170000-tokens2454B
Step 1170000: saved (5000, 2048) to activations/OLMo-2-0425-1B/step1170000.npy
Running model allenai/OLMo-2-0425-1B/stage1-step1200000-tokens2517B
Step 1200000: saved (5000, 2048) to activations/OLMo-2-0425-1B/step1200000.npy
Running model allenai/OLMo-2-0425-1B/stage1-step1240000-tokens2601B
Step 1240000: saved (5000, 2048) to activations/OLMo-2-0425-1B/step1240000.npy
Running model allenai/OLMo-2-0425-1B/stage1-step1280000-tokens2685B
Step 1280000: saved (5000, 2048) to activations/OLMo-2-0425-1B/step1280000.npy
Running model allenai/OLMo-2-0425-1B/stage1-step1320000-tokens2769B
Step 1320000: saved (5000, 2048) to activations/OLMo-2-0425-1B/step1320000.npy
Running model allenai/OLMo-2-0425-1B/stage1-step1360000-tokens2853B
Step 1360000: saved (5000, 2048) to activations/OLMo-2-0425-1B/step1360000.npy
Running model allenai/OLMo-2-0425-1B/stage1-step1400000-tokens2937B
Step 1400000: saved (5000, 2048) to activations/OLMo-2-0425-1B/step1400000.npy
Running model allenai/OLMo-2-0425-1B/stage1-step1430000-tokens2999B
Step 1430000: saved (5000, 2048) to activations/OLMo-2-0425-1B/step1430000.npy
Running model allenai/OLMo-2-0425-1B/stage1-step1470000-tokens3083B
Step 1470000: saved (5000, 2048) to activations/OLMo-2-0425-1B/step1470000.npy
Running model allenai/OLMo-2-0425-1B/stage1-step1510000-tokens3167B
Step 1510000: saved (5000, 2048) to activations/OLMo-2-0425-1B/step1510000.npy
Running model allenai/OLMo-2-0425-1B/stage1-step1550000-tokens3251B
Step 1550000: saved (5000, 2048) to activations/OLMo-2-0425-1B/step1550000.npy
Running model allenai/OLMo-2-0425-1B/stage1-step1590000-tokens3335B
Step 1590000: saved (5000, 2048) to activations/OLMo-2-0425-1B/step1590000.npy
Running model allenai/OLMo-2-0425-1B/stage1-step1630000-tokens3419B
Step 1630000: saved (5000, 2048) to activations/OLMo-2-0425-1B/step1630000.npy
Running model allenai/OLMo-2-0425-1B/stage1-step1660000-tokens3482B
Step 1660000: saved (5000, 2048) to activations/OLMo-2-0425-1B/step1660000.npy
Running model allenai/OLMo-2-0425-1B/stage1-step1700000-tokens3566B
Step 1700000: saved (5000, 2048) to activations/OLMo-2-0425-1B/step1700000.npy
Running model allenai/OLMo-2-0425-1B/stage1-step1740000-tokens3650B
Step 1740000: saved (5000, 2048) to activations/OLMo-2-0425-1B/step1740000.npy
Running model allenai/OLMo-2-0425-1B/stage1-step1780000-tokens3733B
Step 1780000: saved (5000, 2048) to activations/OLMo-2-0425-1B/step1780000.npy
Running model allenai/OLMo-2-0425-1B/stage1-step1820000-tokens3817B
Step 1820000: saved (5000, 2048) to activations/OLMo-2-0425-1B/step1820000.npy
Running model allenai/OLMo-2-0425-1B/stage1-step1860000-tokens3901B
Step 1860000: saved (5000, 2048) to activations/OLMo-2-0425-1B/step1860000.npy
Running model allenai/OLMo-2-0425-1B/stage1-step1900000-tokens3985B
Step 1900000: saved (5000, 2048) to activations/OLMo-2-0425-1B/step1900000.npy
Completed! Activations saved to activations/OLMo-2-0425-1B
=== Done: allenai/OLMo-2-0425-1B ===
