=== Running model: allenai/OLMo-2-1124-7B with 7b_revisions.txt (array task 1, batch_size 512) ===
Opening checkpoint file: 7b_revisions.txt
Found 928 checkpoints
Subsampled later checkpoints to 50
Total checkpoints: 66 (16 early + 50 later)
Filtered and cached 5000 sequences to data/cache/filtered_texts_fineweb_5000.json
Processing 66 remaining checkpoints...
Running model allenai/OLMo-2-1124-7B/stage1-step150-tokens1B
Error at step 150: CUDA out of memory. Tried to allocate 4.00 GiB. GPU 0 has a total capacity of 93.09 GiB of which 1.78 GiB is free. Including non-PyTorch memory, this process has 91.30 GiB memory in use. Of the allocated memory 78.99 GiB is allocated by PyTorch, and 11.64 GiB is reserved by PyTorch but unallocated. If reserved but unallocated memory is large try setting PYTORCH_ALLOC_CONF=expandable_segments:True to avoid fragmentation.  See documentation for Memory Management  (https://pytorch.org/docs/stable/notes/cuda.html#environment-variables)
Running model allenai/OLMo-2-1124-7B/stage1-step600-tokens3B
Error at step 600: CUDA out of memory. Tried to allocate 5.38 GiB. GPU 0 has a total capacity of 93.09 GiB of which 4.53 GiB is free. Including non-PyTorch memory, this process has 88.55 GiB memory in use. Of the allocated memory 77.74 GiB is allocated by PyTorch, and 10.14 GiB is reserved by PyTorch but unallocated. If reserved but unallocated memory is large try setting PYTORCH_ALLOC_CONF=expandable_segments:True to avoid fragmentation.  See documentation for Memory Management  (https://pytorch.org/docs/stable/notes/cuda.html#environment-variables)
Running model allenai/OLMo-2-1124-7B/stage1-step700-tokens3B
Error at step 700: Error while deserializing header: invalid JSON in header: EOF while parsing a value at line 1 column 0
Running model allenai/OLMo-2-1124-7B/stage1-step850-tokens4B
Error at step 850: CUDA out of memory. Tried to allocate 4.00 GiB. GPU 0 has a total capacity of 93.09 GiB of which 1.78 GiB is free. Including non-PyTorch memory, this process has 91.30 GiB memory in use. Of the allocated memory 78.99 GiB is allocated by PyTorch, and 11.64 GiB is reserved by PyTorch but unallocated. If reserved but unallocated memory is large try setting PYTORCH_ALLOC_CONF=expandable_segments:True to avoid fragmentation.  See documentation for Memory Management  (https://pytorch.org/docs/stable/notes/cuda.html#environment-variables)
Running model allenai/OLMo-2-1124-7B/stage1-step900-tokens4B
Error at step 900: Error while deserializing header: invalid JSON in header: EOF while parsing a value at line 1 column 0
Running model allenai/OLMo-2-1124-7B/stage1-step1000-tokens5B
Error at step 1000: CUDA out of memory. Tried to allocate 4.00 GiB. GPU 0 has a total capacity of 93.09 GiB of which 1.78 GiB is free. Including non-PyTorch memory, this process has 91.30 GiB memory in use. Of the allocated memory 78.99 GiB is allocated by PyTorch, and 11.64 GiB is reserved by PyTorch but unallocated. If reserved but unallocated memory is large try setting PYTORCH_ALLOC_CONF=expandable_segments:True to avoid fragmentation.  See documentation for Memory Management  (https://pytorch.org/docs/stable/notes/cuda.html#environment-variables)
Running model allenai/OLMo-2-1124-7B/stage1-step2000-tokens9B
Error at step 2000: Error while deserializing header: invalid JSON in header: EOF while parsing a value at line 1 column 0
Running model allenai/OLMo-2-1124-7B/stage1-step2150-tokens10B
Error at step 2150: CUDA out of memory. Tried to allocate 4.00 GiB. GPU 0 has a total capacity of 93.09 GiB of which 1.78 GiB is free. Including non-PyTorch memory, this process has 91.30 GiB memory in use. Of the allocated memory 78.99 GiB is allocated by PyTorch, and 11.64 GiB is reserved by PyTorch but unallocated. If reserved but unallocated memory is large try setting PYTORCH_ALLOC_CONF=expandable_segments:True to avoid fragmentation.  See documentation for Memory Management  (https://pytorch.org/docs/stable/notes/cuda.html#environment-variables)
Running model allenai/OLMo-2-1124-7B/stage1-step3000-tokens13B
Error at step 3000: Error while deserializing header: invalid JSON in header: EOF while parsing a value at line 1 column 0
Running model allenai/OLMo-2-1124-7B/stage1-step4000-tokens17B
Error at step 4000: CUDA out of memory. Tried to allocate 4.00 GiB. GPU 0 has a total capacity of 93.09 GiB of which 1.78 GiB is free. Including non-PyTorch memory, this process has 91.30 GiB memory in use. Of the allocated memory 78.99 GiB is allocated by PyTorch, and 11.64 GiB is reserved by PyTorch but unallocated. If reserved but unallocated memory is large try setting PYTORCH_ALLOC_CONF=expandable_segments:True to avoid fragmentation.  See documentation for Memory Management  (https://pytorch.org/docs/stable/notes/cuda.html#environment-variables)
Running model allenai/OLMo-2-1124-7B/stage1-step5000-tokens21B
Error at step 5000: Error while deserializing header: invalid JSON in header: EOF while parsing a value at line 1 column 0
Running model allenai/OLMo-2-1124-7B/stage1-step6000-tokens26B
Error at step 6000: CUDA out of memory. Tried to allocate 4.00 GiB. GPU 0 has a total capacity of 93.09 GiB of which 1.78 GiB is free. Including non-PyTorch memory, this process has 91.30 GiB memory in use. Of the allocated memory 78.99 GiB is allocated by PyTorch, and 11.64 GiB is reserved by PyTorch but unallocated. If reserved but unallocated memory is large try setting PYTORCH_ALLOC_CONF=expandable_segments:True to avoid fragmentation.  See documentation for Memory Management  (https://pytorch.org/docs/stable/notes/cuda.html#environment-variables)
Running model allenai/OLMo-2-1124-7B/stage1-step7000-tokens30B
Error at step 7000: Error while deserializing header: invalid JSON in header: EOF while parsing a value at line 1 column 0
Running model allenai/OLMo-2-1124-7B/stage1-step8000-tokens34B
Error at step 8000: CUDA out of memory. Tried to allocate 4.00 GiB. GPU 0 has a total capacity of 93.09 GiB of which 1.78 GiB is free. Including non-PyTorch memory, this process has 91.30 GiB memory in use. Of the allocated memory 78.99 GiB is allocated by PyTorch, and 11.64 GiB is reserved by PyTorch but unallocated. If reserved but unallocated memory is large try setting PYTORCH_ALLOC_CONF=expandable_segments:True to avoid fragmentation.  See documentation for Memory Management  (https://pytorch.org/docs/stable/notes/cuda.html#environment-variables)
Running model allenai/OLMo-2-1124-7B/stage1-step9000-tokens38B
Error at step 9000: Error while deserializing header: invalid JSON in header: EOF while parsing a value at line 1 column 0
Running model allenai/OLMo-2-1124-7B/stage1-step10000-tokens42B
Error at step 10000: CUDA out of memory. Tried to allocate 4.00 GiB. GPU 0 has a total capacity of 93.09 GiB of which 1.78 GiB is free. Including non-PyTorch memory, this process has 91.30 GiB memory in use. Of the allocated memory 78.99 GiB is allocated by PyTorch, and 11.64 GiB is reserved by PyTorch but unallocated. If reserved but unallocated memory is large try setting PYTORCH_ALLOC_CONF=expandable_segments:True to avoid fragmentation.  See documentation for Memory Management  (https://pytorch.org/docs/stable/notes/cuda.html#environment-variables)
Running model allenai/OLMo-2-1124-7B/stage1-step20000-tokens84B
Error at step 20000: Error while deserializing header: invalid JSON in header: EOF while parsing a value at line 1 column 0
Running model allenai/OLMo-2-1124-7B/stage1-step30000-tokens126B
Error at step 30000: CUDA out of memory. Tried to allocate 4.00 GiB. GPU 0 has a total capacity of 93.09 GiB of which 1.78 GiB is free. Including non-PyTorch memory, this process has 91.30 GiB memory in use. Of the allocated memory 78.99 GiB is allocated by PyTorch, and 11.64 GiB is reserved by PyTorch but unallocated. If reserved but unallocated memory is large try setting PYTORCH_ALLOC_CONF=expandable_segments:True to avoid fragmentation.  See documentation for Memory Management  (https://pytorch.org/docs/stable/notes/cuda.html#environment-variables)
Running model allenai/OLMo-2-1124-7B/stage1-step50000-tokens210B
