=== Running model: allenai/OLMo-2-1124-7B with 7b_revisions.txt (array task 1, batch_size 200) ===
Opening checkpoint file: 7b_revisions.txt
Found 928 checkpoints
Subsampled later checkpoints to 50
Total checkpoints: 66 (16 early + 50 later)
Loaded 5000 cached sequences from data/cache/filtered_texts_fineweb_5000.json
Processing 66 remaining checkpoints...
Running model allenai/OLMo-2-1124-7B/stage1-step150-tokens1B
Step 150: saved (5000, 4096) to activations/OLMo-2-1124-7B/step150.npy
Running model allenai/OLMo-2-1124-7B/stage1-step600-tokens3B
Step 600: saved (5000, 4096) to activations/OLMo-2-1124-7B/step600.npy
Running model allenai/OLMo-2-1124-7B/stage1-step700-tokens3B
Step 700: saved (5000, 4096) to activations/OLMo-2-1124-7B/step700.npy
Running model allenai/OLMo-2-1124-7B/stage1-step850-tokens4B
Step 850: saved (5000, 4096) to activations/OLMo-2-1124-7B/step850.npy
Running model allenai/OLMo-2-1124-7B/stage1-step900-tokens4B
Step 900: saved (5000, 4096) to activations/OLMo-2-1124-7B/step900.npy
Running model allenai/OLMo-2-1124-7B/stage1-step1000-tokens5B
Step 1000: saved (5000, 4096) to activations/OLMo-2-1124-7B/step1000.npy
Running model allenai/OLMo-2-1124-7B/stage1-step2000-tokens9B
Step 2000: saved (5000, 4096) to activations/OLMo-2-1124-7B/step2000.npy
Running model allenai/OLMo-2-1124-7B/stage1-step2150-tokens10B
Step 2150: saved (5000, 4096) to activations/OLMo-2-1124-7B/step2150.npy
Running model allenai/OLMo-2-1124-7B/stage1-step3000-tokens13B
Step 3000: saved (5000, 4096) to activations/OLMo-2-1124-7B/step3000.npy
Running model allenai/OLMo-2-1124-7B/stage1-step4000-tokens17B
Step 4000: saved (5000, 4096) to activations/OLMo-2-1124-7B/step4000.npy
Running model allenai/OLMo-2-1124-7B/stage1-step5000-tokens21B
Step 5000: saved (5000, 4096) to activations/OLMo-2-1124-7B/step5000.npy
Running model allenai/OLMo-2-1124-7B/stage1-step6000-tokens26B
Step 6000: saved (5000, 4096) to activations/OLMo-2-1124-7B/step6000.npy
Running model allenai/OLMo-2-1124-7B/stage1-step7000-tokens30B
Step 7000: saved (5000, 4096) to activations/OLMo-2-1124-7B/step7000.npy
Running model allenai/OLMo-2-1124-7B/stage1-step8000-tokens34B
Step 8000: saved (5000, 4096) to activations/OLMo-2-1124-7B/step8000.npy
Running model allenai/OLMo-2-1124-7B/stage1-step9000-tokens38B
Step 9000: saved (5000, 4096) to activations/OLMo-2-1124-7B/step9000.npy
Running model allenai/OLMo-2-1124-7B/stage1-step10000-tokens42B
Step 10000: saved (5000, 4096) to activations/OLMo-2-1124-7B/step10000.npy
Running model allenai/OLMo-2-1124-7B/stage1-step20000-tokens84B
Step 20000: saved (5000, 4096) to activations/OLMo-2-1124-7B/step20000.npy
Running model allenai/OLMo-2-1124-7B/stage1-step30000-tokens126B
Step 30000: saved (5000, 4096) to activations/OLMo-2-1124-7B/step30000.npy
Running model allenai/OLMo-2-1124-7B/stage1-step50000-tokens210B
Step 50000: saved (5000, 4096) to activations/OLMo-2-1124-7B/step50000.npy
Running model allenai/OLMo-2-1124-7B/stage1-step70000-tokens294B
Step 70000: saved (5000, 4096) to activations/OLMo-2-1124-7B/step70000.npy
Running model allenai/OLMo-2-1124-7B/stage1-step90000-tokens378B
Step 90000: saved (5000, 4096) to activations/OLMo-2-1124-7B/step90000.npy
Running model allenai/OLMo-2-1124-7B/stage1-step120000-tokens504B
Step 120000: saved (5000, 4096) to activations/OLMo-2-1124-7B/step120000.npy
Running model allenai/OLMo-2-1124-7B/stage1-step130000-tokens546B
Step 130000: saved (5000, 4096) to activations/OLMo-2-1124-7B/step130000.npy
Running model allenai/OLMo-2-1124-7B/stage1-step150000-tokens630B
Step 150000: saved (5000, 4096) to activations/OLMo-2-1124-7B/step150000.npy
Running model allenai/OLMo-2-1124-7B/stage1-step170000-tokens714B
Step 170000: saved (5000, 4096) to activations/OLMo-2-1124-7B/step170000.npy
Running model allenai/OLMo-2-1124-7B/stage1-step190000-tokens797B
Step 190000: saved (5000, 4096) to activations/OLMo-2-1124-7B/step190000.npy
Running model allenai/OLMo-2-1124-7B/stage1-step210000-tokens881B
Step 210000: saved (5000, 4096) to activations/OLMo-2-1124-7B/step210000.npy
Running model allenai/OLMo-2-1124-7B/stage1-step220000-tokens923B
Step 220000: saved (5000, 4096) to activations/OLMo-2-1124-7B/step220000.npy
Running model allenai/OLMo-2-1124-7B/stage1-step240000-tokens1007B
Step 240000: saved (5000, 4096) to activations/OLMo-2-1124-7B/step240000.npy
Running model allenai/OLMo-2-1124-7B/stage1-step260000-tokens1091B
Step 260000: saved (5000, 4096) to activations/OLMo-2-1124-7B/step260000.npy
Running model allenai/OLMo-2-1124-7B/stage1-step280000-tokens1175B
Step 280000: saved (5000, 4096) to activations/OLMo-2-1124-7B/step280000.npy
Running model allenai/OLMo-2-1124-7B/stage1-step300000-tokens1259B
Step 300000: saved (5000, 4096) to activations/OLMo-2-1124-7B/step300000.npy
Running model allenai/OLMo-2-1124-7B/stage1-step320000-tokens1343B
Step 320000: saved (5000, 4096) to activations/OLMo-2-1124-7B/step320000.npy
Running model allenai/OLMo-2-1124-7B/stage1-step330000-tokens1385B
Step 330000: saved (5000, 4096) to activations/OLMo-2-1124-7B/step330000.npy
Running model allenai/OLMo-2-1124-7B/stage1-step350000-tokens1469B
Step 350000: saved (5000, 4096) to activations/OLMo-2-1124-7B/step350000.npy
Running model allenai/OLMo-2-1124-7B/stage1-step370000-tokens1552B
Step 370000: saved (5000, 4096) to activations/OLMo-2-1124-7B/step370000.npy
Running model allenai/OLMo-2-1124-7B/stage1-step390000-tokens1636B
Step 390000: saved (5000, 4096) to activations/OLMo-2-1124-7B/step390000.npy
Running model allenai/OLMo-2-1124-7B/stage1-step410000-tokens1720B
Step 410000: saved (5000, 4096) to activations/OLMo-2-1124-7B/step410000.npy
Running model allenai/OLMo-2-1124-7B/stage1-step420000-tokens1762B
Step 420000: saved (5000, 4096) to activations/OLMo-2-1124-7B/step420000.npy
Running model allenai/OLMo-2-1124-7B/stage1-step440000-tokens1846B
Step 440000: saved (5000, 4096) to activations/OLMo-2-1124-7B/step440000.npy
Running model allenai/OLMo-2-1124-7B/stage1-step460000-tokens1930B
Step 460000: saved (5000, 4096) to activations/OLMo-2-1124-7B/step460000.npy
Running model allenai/OLMo-2-1124-7B/stage1-step480000-tokens2014B
Step 480000: saved (5000, 4096) to activations/OLMo-2-1124-7B/step480000.npy
Running model allenai/OLMo-2-1124-7B/stage1-step500000-tokens2098B
Step 500000: saved (5000, 4096) to activations/OLMo-2-1124-7B/step500000.npy
Running model allenai/OLMo-2-1124-7B/stage1-step520000-tokens2182B
Step 520000: saved (5000, 4096) to activations/OLMo-2-1124-7B/step520000.npy
Running model allenai/OLMo-2-1124-7B/stage1-step530000-tokens2223B
Step 530000: saved (5000, 4096) to activations/OLMo-2-1124-7B/step530000.npy
Running model allenai/OLMo-2-1124-7B/stage1-step550000-tokens2307B
Step 550000: saved (5000, 4096) to activations/OLMo-2-1124-7B/step550000.npy
Running model allenai/OLMo-2-1124-7B/stage1-step570000-tokens2391B
Step 570000: saved (5000, 4096) to activations/OLMo-2-1124-7B/step570000.npy
Running model allenai/OLMo-2-1124-7B/stage1-step590000-tokens2475B
Step 590000: saved (5000, 4096) to activations/OLMo-2-1124-7B/step590000.npy
Running model allenai/OLMo-2-1124-7B/stage1-step610000-tokens2559B
Step 610000: saved (5000, 4096) to activations/OLMo-2-1124-7B/step610000.npy
Running model allenai/OLMo-2-1124-7B/stage1-step620000-tokens2601B
Step 620000: saved (5000, 4096) to activations/OLMo-2-1124-7B/step620000.npy
Running model allenai/OLMo-2-1124-7B/stage1-step640000-tokens2685B
Step 640000: saved (5000, 4096) to activations/OLMo-2-1124-7B/step640000.npy
Running model allenai/OLMo-2-1124-7B/stage1-step660000-tokens2769B
Step 660000: saved (5000, 4096) to activations/OLMo-2-1124-7B/step660000.npy
Running model allenai/OLMo-2-1124-7B/stage1-step680000-tokens2853B
Step 680000: saved (5000, 4096) to activations/OLMo-2-1124-7B/step680000.npy
Running model allenai/OLMo-2-1124-7B/stage1-step700000-tokens2937B
Step 700000: saved (5000, 4096) to activations/OLMo-2-1124-7B/step700000.npy
Running model allenai/OLMo-2-1124-7B/stage1-step720000-tokens3020B
Step 720000: saved (5000, 4096) to activations/OLMo-2-1124-7B/step720000.npy
Running model allenai/OLMo-2-1124-7B/stage1-step730000-tokens3062B
Step 730000: saved (5000, 4096) to activations/OLMo-2-1124-7B/step730000.npy
Running model allenai/OLMo-2-1124-7B/stage1-step750000-tokens3146B
Step 750000: saved (5000, 4096) to activations/OLMo-2-1124-7B/step750000.npy
Running model allenai/OLMo-2-1124-7B/stage1-step770000-tokens3230B
Step 770000: saved (5000, 4096) to activations/OLMo-2-1124-7B/step770000.npy
Running model allenai/OLMo-2-1124-7B/stage1-step790000-tokens3314B
Step 790000: saved (5000, 4096) to activations/OLMo-2-1124-7B/step790000.npy
Running model allenai/OLMo-2-1124-7B/stage1-step810000-tokens3398B
Step 810000: saved (5000, 4096) to activations/OLMo-2-1124-7B/step810000.npy
Running model allenai/OLMo-2-1124-7B/stage1-step820000-tokens3440B
Step 820000: saved (5000, 4096) to activations/OLMo-2-1124-7B/step820000.npy
Running model allenai/OLMo-2-1124-7B/stage1-step840000-tokens3524B
Step 840000: saved (5000, 4096) to activations/OLMo-2-1124-7B/step840000.npy
Running model allenai/OLMo-2-1124-7B/stage1-step860000-tokens3608B
Step 860000: saved (5000, 4096) to activations/OLMo-2-1124-7B/step860000.npy
Running model allenai/OLMo-2-1124-7B/stage1-step880000-tokens3691B
Step 880000: saved (5000, 4096) to activations/OLMo-2-1124-7B/step880000.npy
Running model allenai/OLMo-2-1124-7B/stage1-step900000-tokens3775B
Step 900000: saved (5000, 4096) to activations/OLMo-2-1124-7B/step900000.npy
Running model allenai/OLMo-2-1124-7B/stage1-step920000-tokens3859B
Step 920000: saved (5000, 4096) to activations/OLMo-2-1124-7B/step920000.npy
Completed! Activations saved to activations/OLMo-2-1124-7B
=== Done: allenai/OLMo-2-1124-7B ===
