=== Running model: allenai/OLMo-2-1124-7B with 7b_revisions.txt (array task 1, batch_size 64) ===
Opening checkpoint file: 7b_revisions.txt
Found 928 checkpoints
Subsampled to 50 checkpoints
Loaded 2000 cached sequences from data/cache/filtered_texts_fineweb_2000.json
Processing 49 remaining checkpoints...
Running model allenai/OLMo-2-1124-7B/stage1-step700-tokens3B
Step 700: rankme=123.370, alpha=1.225, r2_100=0.996
Running model allenai/OLMo-2-1124-7B/stage1-step900-tokens4B
Step 900: rankme=175.074, alpha=1.052, r2_100=0.997
Running model allenai/OLMo-2-1124-7B/stage1-step2000-tokens9B
Step 2000: rankme=453.774, alpha=0.686, r2_100=0.999
Running model allenai/OLMo-2-1124-7B/stage1-step3000-tokens13B
Step 3000: rankme=545.207, alpha=0.663, r2_100=0.999
Running model allenai/OLMo-2-1124-7B/stage1-step5000-tokens21B
Error at step 5000: CUDA out of memory. Tried to allocate 6.12 GiB. GPU 0 has a total capacity of 93.09 GiB of which 2.95 GiB is free. Including non-PyTorch memory, this process has 90.12 GiB memory in use. Of the allocated memory 86.13 GiB is allocated by PyTorch, and 3.33 GiB is reserved by PyTorch but unallocated. If reserved but unallocated memory is large try setting PYTORCH_ALLOC_CONF=expandable_segments:True to avoid fragmentation.  See documentation for Memory Management  (https://pytorch.org/docs/stable/notes/cuda.html#environment-variables)
Running model allenai/OLMo-2-1124-7B/stage1-step7000-tokens30B
Error at step 7000: CUDA out of memory. Tried to allocate 512.00 MiB. GPU 0 has a total capacity of 93.09 GiB of which 285.00 MiB is free. Including non-PyTorch memory, this process has 92.80 GiB memory in use. Of the allocated memory 88.71 GiB is allocated by PyTorch, and 3.42 GiB is reserved by PyTorch but unallocated. If reserved but unallocated memory is large try setting PYTORCH_ALLOC_CONF=expandable_segments:True to avoid fragmentation.  See documentation for Memory Management  (https://pytorch.org/docs/stable/notes/cuda.html#environment-variables)
Running model allenai/OLMo-2-1124-7B/stage1-step10000-tokens42B
Error at step 10000: CUDA out of memory. Tried to allocate 512.00 MiB. GPU 0 has a total capacity of 93.09 GiB of which 107.00 MiB is free. Including non-PyTorch memory, this process has 92.97 GiB memory in use. Of the allocated memory 91.52 GiB is allocated by PyTorch, and 801.99 MiB is reserved by PyTorch but unallocated. If reserved but unallocated memory is large try setting PYTORCH_ALLOC_CONF=expandable_segments:True to avoid fragmentation.  See documentation for Memory Management  (https://pytorch.org/docs/stable/notes/cuda.html#environment-variables)
Running model allenai/OLMo-2-1124-7B/stage1-step30000-tokens126B
Error at step 30000: CUDA out of memory. Tried to allocate 512.00 MiB. GPU 0 has a total capacity of 93.09 GiB of which 45.00 MiB is free. Including non-PyTorch memory, this process has 93.03 GiB memory in use. Of the allocated memory 89.96 GiB is allocated by PyTorch, and 2.41 GiB is reserved by PyTorch but unallocated. If reserved but unallocated memory is large try setting PYTORCH_ALLOC_CONF=expandable_segments:True to avoid fragmentation.  See documentation for Memory Management  (https://pytorch.org/docs/stable/notes/cuda.html#environment-variables)
Running model allenai/OLMo-2-1124-7B/stage1-step50000-tokens210B
Error at step 50000: CUDA out of memory. Tried to allocate 86.00 MiB. GPU 0 has a total capacity of 93.09 GiB of which 49.00 MiB is free. Including non-PyTorch memory, this process has 93.03 GiB memory in use. Of the allocated memory 91.48 GiB is allocated by PyTorch, and 903.14 MiB is reserved by PyTorch but unallocated. If reserved but unallocated memory is large try setting PYTORCH_ALLOC_CONF=expandable_segments:True to avoid fragmentation.  See documentation for Memory Management  (https://pytorch.org/docs/stable/notes/cuda.html#environment-variables)
Running model allenai/OLMo-2-1124-7B/stage1-step70000-tokens294B
Error at step 70000: CUDA out of memory. Tried to allocate 86.00 MiB. GPU 0 has a total capacity of 93.09 GiB of which 49.00 MiB is free. Including non-PyTorch memory, this process has 93.03 GiB memory in use. Of the allocated memory 91.48 GiB is allocated by PyTorch, and 903.14 MiB is reserved by PyTorch but unallocated. If reserved but unallocated memory is large try setting PYTORCH_ALLOC_CONF=expandable_segments:True to avoid fragmentation.  See documentation for Memory Management  (https://pytorch.org/docs/stable/notes/cuda.html#environment-variables)
Running model allenai/OLMo-2-1124-7B/stage1-step90000-tokens378B
Error at step 90000: CUDA out of memory. Tried to allocate 86.00 MiB. GPU 0 has a total capacity of 93.09 GiB of which 49.00 MiB is free. Including non-PyTorch memory, this process has 93.03 GiB memory in use. Of the allocated memory 91.48 GiB is allocated by PyTorch, and 903.14 MiB is reserved by PyTorch but unallocated. If reserved but unallocated memory is large try setting PYTORCH_ALLOC_CONF=expandable_segments:True to avoid fragmentation.  See documentation for Memory Management  (https://pytorch.org/docs/stable/notes/cuda.html#environment-variables)
Running model allenai/OLMo-2-1124-7B/stage1-step120000-tokens504B
Error at step 120000: CUDA out of memory. Tried to allocate 86.00 MiB. GPU 0 has a total capacity of 93.09 GiB of which 49.00 MiB is free. Including non-PyTorch memory, this process has 93.03 GiB memory in use. Of the allocated memory 91.48 GiB is allocated by PyTorch, and 903.14 MiB is reserved by PyTorch but unallocated. If reserved but unallocated memory is large try setting PYTORCH_ALLOC_CONF=expandable_segments:True to avoid fragmentation.  See documentation for Memory Management  (https://pytorch.org/docs/stable/notes/cuda.html#environment-variables)
Running model allenai/OLMo-2-1124-7B/stage1-step140000-tokens588B
Error at step 140000: CUDA out of memory. Tried to allocate 86.00 MiB. GPU 0 has a total capacity of 93.09 GiB of which 49.00 MiB is free. Including non-PyTorch memory, this process has 93.03 GiB memory in use. Of the allocated memory 91.48 GiB is allocated by PyTorch, and 903.14 MiB is reserved by PyTorch but unallocated. If reserved but unallocated memory is large try setting PYTORCH_ALLOC_CONF=expandable_segments:True to avoid fragmentation.  See documentation for Memory Management  (https://pytorch.org/docs/stable/notes/cuda.html#environment-variables)
Running model allenai/OLMo-2-1124-7B/stage1-step170000-tokens714B
Step 170000: rankme=299.481, alpha=0.981, r2_100=0.992
Running model allenai/OLMo-2-1124-7B/stage1-step190000-tokens797B
