=== Running model: EleutherAI/pythia-2.8b (array task 9, batch_size 128) ===
EleutherAI/pythia-2.8b fineweb
Subsampled later checkpoints to 50
Total checkpoints: 58 (8 early + 50 later)
Loaded 2000 cached sequences from data/cache/filtered_texts_fineweb_2000.json
Processing 58 remaining checkpoints...
Skipping step 0: Asking to pad but the tokenizer does not have a padding token. Please select a token to use as `pad_token` `(tokenizer.pad_token = tokenizer.eos_token e.g.)` or add a new pad token via `tokenizer.add_special_tokens({'pad_token': '[PAD]'})`.
Skipping step 8: Asking to pad but the tokenizer does not have a padding token. Please select a token to use as `pad_token` `(tokenizer.pad_token = tokenizer.eos_token e.g.)` or add a new pad token via `tokenizer.add_special_tokens({'pad_token': '[PAD]'})`.
Warning: could not clean cache for step16: [Errno 39] Directory not empty: '/gpfs/work5/0/prjs1815/hf_cache/hub/models--EleutherAI--pythia-2.8b/blobs'
Skipping step 16: Asking to pad but the tokenizer does not have a padding token. Please select a token to use as `pad_token` `(tokenizer.pad_token = tokenizer.eos_token e.g.)` or add a new pad token via `tokenizer.add_special_tokens({'pad_token': '[PAD]'})`.
Skipping step 32: Asking to pad but the tokenizer does not have a padding token. Please select a token to use as `pad_token` `(tokenizer.pad_token = tokenizer.eos_token e.g.)` or add a new pad token via `tokenizer.add_special_tokens({'pad_token': '[PAD]'})`.
Skipping step 64: Asking to pad but the tokenizer does not have a padding token. Please select a token to use as `pad_token` `(tokenizer.pad_token = tokenizer.eos_token e.g.)` or add a new pad token via `tokenizer.add_special_tokens({'pad_token': '[PAD]'})`.
Skipping step 128: Asking to pad but the tokenizer does not have a padding token. Please select a token to use as `pad_token` `(tokenizer.pad_token = tokenizer.eos_token e.g.)` or add a new pad token via `tokenizer.add_special_tokens({'pad_token': '[PAD]'})`.
Skipping step 256: Asking to pad but the tokenizer does not have a padding token. Please select a token to use as `pad_token` `(tokenizer.pad_token = tokenizer.eos_token e.g.)` or add a new pad token via `tokenizer.add_special_tokens({'pad_token': '[PAD]'})`.
Skipping step 512: Asking to pad but the tokenizer does not have a padding token. Please select a token to use as `pad_token` `(tokenizer.pad_token = tokenizer.eos_token e.g.)` or add a new pad token via `tokenizer.add_special_tokens({'pad_token': '[PAD]'})`.
Skipping step 1000: Asking to pad but the tokenizer does not have a padding token. Please select a token to use as `pad_token` `(tokenizer.pad_token = tokenizer.eos_token e.g.)` or add a new pad token via `tokenizer.add_special_tokens({'pad_token': '[PAD]'})`.
Skipping step 3000: Asking to pad but the tokenizer does not have a padding token. Please select a token to use as `pad_token` `(tokenizer.pad_token = tokenizer.eos_token e.g.)` or add a new pad token via `tokenizer.add_special_tokens({'pad_token': '[PAD]'})`.
Skipping step 6000: Asking to pad but the tokenizer does not have a padding token. Please select a token to use as `pad_token` `(tokenizer.pad_token = tokenizer.eos_token e.g.)` or add a new pad token via `tokenizer.add_special_tokens({'pad_token': '[PAD]'})`.
Skipping step 9000: Asking to pad but the tokenizer does not have a padding token. Please select a token to use as `pad_token` `(tokenizer.pad_token = tokenizer.eos_token e.g.)` or add a new pad token via `tokenizer.add_special_tokens({'pad_token': '[PAD]'})`.
Skipping step 12000: Asking to pad but the tokenizer does not have a padding token. Please select a token to use as `pad_token` `(tokenizer.pad_token = tokenizer.eos_token e.g.)` or add a new pad token via `tokenizer.add_special_tokens({'pad_token': '[PAD]'})`.
Skipping step 15000: Asking to pad but the tokenizer does not have a padding token. Please select a token to use as `pad_token` `(tokenizer.pad_token = tokenizer.eos_token e.g.)` or add a new pad token via `tokenizer.add_special_tokens({'pad_token': '[PAD]'})`.
Skipping step 18000: Asking to pad but the tokenizer does not have a padding token. Please select a token to use as `pad_token` `(tokenizer.pad_token = tokenizer.eos_token e.g.)` or add a new pad token via `tokenizer.add_special_tokens({'pad_token': '[PAD]'})`.
Skipping step 21000: Asking to pad but the tokenizer does not have a padding token. Please select a token to use as `pad_token` `(tokenizer.pad_token = tokenizer.eos_token e.g.)` or add a new pad token via `tokenizer.add_special_tokens({'pad_token': '[PAD]'})`.
Skipping step 24000: Asking to pad but the tokenizer does not have a padding token. Please select a token to use as `pad_token` `(tokenizer.pad_token = tokenizer.eos_token e.g.)` or add a new pad token via `tokenizer.add_special_tokens({'pad_token': '[PAD]'})`.
Skipping step 27000: Asking to pad but the tokenizer does not have a padding token. Please select a token to use as `pad_token` `(tokenizer.pad_token = tokenizer.eos_token e.g.)` or add a new pad token via `tokenizer.add_special_tokens({'pad_token': '[PAD]'})`.
Skipping step 29000: Asking to pad but the tokenizer does not have a padding token. Please select a token to use as `pad_token` `(tokenizer.pad_token = tokenizer.eos_token e.g.)` or add a new pad token via `tokenizer.add_special_tokens({'pad_token': '[PAD]'})`.
Skipping step 32000: Asking to pad but the tokenizer does not have a padding token. Please select a token to use as `pad_token` `(tokenizer.pad_token = tokenizer.eos_token e.g.)` or add a new pad token via `tokenizer.add_special_tokens({'pad_token': '[PAD]'})`.
Skipping step 35000: Asking to pad but the tokenizer does not have a padding token. Please select a token to use as `pad_token` `(tokenizer.pad_token = tokenizer.eos_token e.g.)` or add a new pad token via `tokenizer.add_special_tokens({'pad_token': '[PAD]'})`.
Skipping step 38000: Asking to pad but the tokenizer does not have a padding token. Please select a token to use as `pad_token` `(tokenizer.pad_token = tokenizer.eos_token e.g.)` or add a new pad token via `tokenizer.add_special_tokens({'pad_token': '[PAD]'})`.
Skipping step 41000: Asking to pad but the tokenizer does not have a padding token. Please select a token to use as `pad_token` `(tokenizer.pad_token = tokenizer.eos_token e.g.)` or add a new pad token via `tokenizer.add_special_tokens({'pad_token': '[PAD]'})`.
Skipping step 44000: Asking to pad but the tokenizer does not have a padding token. Please select a token to use as `pad_token` `(tokenizer.pad_token = tokenizer.eos_token e.g.)` or add a new pad token via `tokenizer.add_special_tokens({'pad_token': '[PAD]'})`.
Skipping step 47000: Asking to pad but the tokenizer does not have a padding token. Please select a token to use as `pad_token` `(tokenizer.pad_token = tokenizer.eos_token e.g.)` or add a new pad token via `tokenizer.add_special_tokens({'pad_token': '[PAD]'})`.
Skipping step 50000: Asking to pad but the tokenizer does not have a padding token. Please select a token to use as `pad_token` `(tokenizer.pad_token = tokenizer.eos_token e.g.)` or add a new pad token via `tokenizer.add_special_tokens({'pad_token': '[PAD]'})`.
Skipping step 53000: Asking to pad but the tokenizer does not have a padding token. Please select a token to use as `pad_token` `(tokenizer.pad_token = tokenizer.eos_token e.g.)` or add a new pad token via `tokenizer.add_special_tokens({'pad_token': '[PAD]'})`.
Skipping step 56000: Asking to pad but the tokenizer does not have a padding token. Please select a token to use as `pad_token` `(tokenizer.pad_token = tokenizer.eos_token e.g.)` or add a new pad token via `tokenizer.add_special_tokens({'pad_token': '[PAD]'})`.
Skipping step 58000: Asking to pad but the tokenizer does not have a padding token. Please select a token to use as `pad_token` `(tokenizer.pad_token = tokenizer.eos_token e.g.)` or add a new pad token via `tokenizer.add_special_tokens({'pad_token': '[PAD]'})`.
Skipping step 61000: Asking to pad but the tokenizer does not have a padding token. Please select a token to use as `pad_token` `(tokenizer.pad_token = tokenizer.eos_token e.g.)` or add a new pad token via `tokenizer.add_special_tokens({'pad_token': '[PAD]'})`.
Skipping step 64000: Asking to pad but the tokenizer does not have a padding token. Please select a token to use as `pad_token` `(tokenizer.pad_token = tokenizer.eos_token e.g.)` or add a new pad token via `tokenizer.add_special_tokens({'pad_token': '[PAD]'})`.
Skipping step 67000: Can't load the model for 'EleutherAI/pythia-2.8b'. If you were trying to load it from 'https://huggingface.co/models', make sure you don't have a local directory with the same name. Otherwise, make sure 'EleutherAI/pythia-2.8b' is the correct path to a directory containing a file named pytorch_model.bin.
Skipping step 70000: Asking to pad but the tokenizer does not have a padding token. Please select a token to use as `pad_token` `(tokenizer.pad_token = tokenizer.eos_token e.g.)` or add a new pad token via `tokenizer.add_special_tokens({'pad_token': '[PAD]'})`.
Skipping step 73000: Can't load the model for 'EleutherAI/pythia-2.8b'. If you were trying to load it from 'https://huggingface.co/models', make sure you don't have a local directory with the same name. Otherwise, make sure 'EleutherAI/pythia-2.8b' is the correct path to a directory containing a file named pytorch_model.bin.
Skipping step 76000: Can't load the model for 'EleutherAI/pythia-2.8b'. If you were trying to load it from 'https://huggingface.co/models', make sure you don't have a local directory with the same name. Otherwise, make sure 'EleutherAI/pythia-2.8b' is the correct path to a directory containing a file named pytorch_model.bin.
Skipping step 79000: Can't load the model for 'EleutherAI/pythia-2.8b'. If you were trying to load it from 'https://huggingface.co/models', make sure you don't have a local directory with the same name. Otherwise, make sure 'EleutherAI/pythia-2.8b' is the correct path to a directory containing a file named pytorch_model.bin.
Skipping step 82000: Can't load the model for 'EleutherAI/pythia-2.8b'. If you were trying to load it from 'https://huggingface.co/models', make sure you don't have a local directory with the same name. Otherwise, make sure 'EleutherAI/pythia-2.8b' is the correct path to a directory containing a file named pytorch_model.bin.
Skipping step 85000: Can't load the model for 'EleutherAI/pythia-2.8b'. If you were trying to load it from 'https://huggingface.co/models', make sure you don't have a local directory with the same name. Otherwise, make sure 'EleutherAI/pythia-2.8b' is the correct path to a directory containing a file named pytorch_model.bin.
Skipping step 87000: Can't load the model for 'EleutherAI/pythia-2.8b'. If you were trying to load it from 'https://huggingface.co/models', make sure you don't have a local directory with the same name. Otherwise, make sure 'EleutherAI/pythia-2.8b' is the correct path to a directory containing a file named pytorch_model.bin.
Skipping step 90000: Asking to pad but the tokenizer does not have a padding token. Please select a token to use as `pad_token` `(tokenizer.pad_token = tokenizer.eos_token e.g.)` or add a new pad token via `tokenizer.add_special_tokens({'pad_token': '[PAD]'})`.
Skipping step 93000: Can't load the model for 'EleutherAI/pythia-2.8b'. If you were trying to load it from 'https://huggingface.co/models', make sure you don't have a local directory with the same name. Otherwise, make sure 'EleutherAI/pythia-2.8b' is the correct path to a directory containing a file named pytorch_model.bin.
Skipping step 96000: Can't load the model for 'EleutherAI/pythia-2.8b'. If you were trying to load it from 'https://huggingface.co/models', make sure you don't have a local directory with the same name. Otherwise, make sure 'EleutherAI/pythia-2.8b' is the correct path to a directory containing a file named pytorch_model.bin.
Skipping step 99000: Can't load the model for 'EleutherAI/pythia-2.8b'. If you were trying to load it from 'https://huggingface.co/models', make sure you don't have a local directory with the same name. Otherwise, make sure 'EleutherAI/pythia-2.8b' is the correct path to a directory containing a file named pytorch_model.bin.
Skipping step 102000: Can't load the model for 'EleutherAI/pythia-2.8b'. If you were trying to load it from 'https://huggingface.co/models', make sure you don't have a local directory with the same name. Otherwise, make sure 'EleutherAI/pythia-2.8b' is the correct path to a directory containing a file named pytorch_model.bin.
Skipping step 105000: Can't load the model for 'EleutherAI/pythia-2.8b'. If you were trying to load it from 'https://huggingface.co/models', make sure you don't have a local directory with the same name. Otherwise, make sure 'EleutherAI/pythia-2.8b' is the correct path to a directory containing a file named pytorch_model.bin.
Skipping step 108000: Can't load the model for 'EleutherAI/pythia-2.8b'. If you were trying to load it from 'https://huggingface.co/models', make sure you don't have a local directory with the same name. Otherwise, make sure 'EleutherAI/pythia-2.8b' is the correct path to a directory containing a file named pytorch_model.bin.
Warning: could not clean cache for step111000: [Errno 2] No such file or directory: '/gpfs/work5/0/prjs1815/hf_cache/hub/models--EleutherAI--pythia-1.4b/snapshots/f307dffa7a87cbe3b968a7859050ffc4d757ab7e'
Skipping step 111000: Can't load the model for 'EleutherAI/pythia-2.8b'. If you were trying to load it from 'https://huggingface.co/models', make sure you don't have a local directory with the same name. Otherwise, make sure 'EleutherAI/pythia-2.8b' is the correct path to a directory containing a file named pytorch_model.bin.
Skipping step 114000: Can't load the model for 'EleutherAI/pythia-2.8b'. If you were trying to load it from 'https://huggingface.co/models', make sure you don't have a local directory with the same name. Otherwise, make sure 'EleutherAI/pythia-2.8b' is the correct path to a directory containing a file named pytorch_model.bin.
Skipping step 116000: Can't load the model for 'EleutherAI/pythia-2.8b'. If you were trying to load it from 'https://huggingface.co/models', make sure you don't have a local directory with the same name. Otherwise, make sure 'EleutherAI/pythia-2.8b' is the correct path to a directory containing a file named pytorch_model.bin.
Skipping step 119000: Can't load the model for 'EleutherAI/pythia-2.8b'. If you were trying to load it from 'https://huggingface.co/models', make sure you don't have a local directory with the same name. Otherwise, make sure 'EleutherAI/pythia-2.8b' is the correct path to a directory containing a file named pytorch_model.bin.
Skipping step 122000: Can't load the model for 'EleutherAI/pythia-2.8b'. If you were trying to load it from 'https://huggingface.co/models', make sure you don't have a local directory with the same name. Otherwise, make sure 'EleutherAI/pythia-2.8b' is the correct path to a directory containing a file named pytorch_model.bin.
Skipping step 125000: Can't load the model for 'EleutherAI/pythia-2.8b'. If you were trying to load it from 'https://huggingface.co/models', make sure you don't have a local directory with the same name. Otherwise, make sure 'EleutherAI/pythia-2.8b' is the correct path to a directory containing a file named pytorch_model.bin.
Skipping step 128000: Can't load the model for 'EleutherAI/pythia-2.8b'. If you were trying to load it from 'https://huggingface.co/models', make sure you don't have a local directory with the same name. Otherwise, make sure 'EleutherAI/pythia-2.8b' is the correct path to a directory containing a file named pytorch_model.bin.
Skipping step 131000: Can't load the model for 'EleutherAI/pythia-2.8b'. If you were trying to load it from 'https://huggingface.co/models', make sure you don't have a local directory with the same name. Otherwise, make sure 'EleutherAI/pythia-2.8b' is the correct path to a directory containing a file named pytorch_model.bin.
Skipping step 134000: Can't load the model for 'EleutherAI/pythia-2.8b'. If you were trying to load it from 'https://huggingface.co/models', make sure you don't have a local directory with the same name. Otherwise, make sure 'EleutherAI/pythia-2.8b' is the correct path to a directory containing a file named pytorch_model.bin.
Skipping step 137000: Can't load the model for 'EleutherAI/pythia-2.8b'. If you were trying to load it from 'https://huggingface.co/models', make sure you don't have a local directory with the same name. Otherwise, make sure 'EleutherAI/pythia-2.8b' is the correct path to a directory containing a file named pytorch_model.bin.
Skipping step 140000: Asking to pad but the tokenizer does not have a padding token. Please select a token to use as `pad_token` `(tokenizer.pad_token = tokenizer.eos_token e.g.)` or add a new pad token via `tokenizer.add_special_tokens({'pad_token': '[PAD]'})`.
Skipping step 143000: Asking to pad but the tokenizer does not have a padding token. Please select a token to use as `pad_token` `(tokenizer.pad_token = tokenizer.eos_token e.g.)` or add a new pad token via `tokenizer.add_special_tokens({'pad_token': '[PAD]'})`.
Saving results to results/results_pythia-2.8b.npy
=== Done: EleutherAI/pythia-2.8b ===
