=== Running model: EleutherAI/pythia-2.8b-deduped (array task 12, batch_size 512) ===
EleutherAI/pythia-2.8b-deduped fineweb
Subsampled later checkpoints to 50
Total checkpoints: 58 (8 early + 50 later)
Loaded 5000 cached sequences from data/cache/filtered_texts_fineweb_5000.json
Processing 58 remaining checkpoints...
Skipping step 0: CUDA out of memory. Tried to allocate 5.00 GiB. GPU 0 has a total capacity of 93.09 GiB of which 2.24 GiB is free. Including non-PyTorch memory, this process has 90.84 GiB memory in use. Of the allocated memory 82.61 GiB is allocated by PyTorch, and 7.56 GiB is reserved by PyTorch but unallocated. If reserved but unallocated memory is large try setting PYTORCH_ALLOC_CONF=expandable_segments:True to avoid fragmentation.  See documentation for Memory Management  (https://pytorch.org/docs/stable/notes/cuda.html#environment-variables)
Skipping step 8: CUDA out of memory. Tried to allocate 5.00 GiB. GPU 0 has a total capacity of 93.09 GiB of which 2.24 GiB is free. Including non-PyTorch memory, this process has 90.84 GiB memory in use. Of the allocated memory 82.61 GiB is allocated by PyTorch, and 7.56 GiB is reserved by PyTorch but unallocated. If reserved but unallocated memory is large try setting PYTORCH_ALLOC_CONF=expandable_segments:True to avoid fragmentation.  See documentation for Memory Management  (https://pytorch.org/docs/stable/notes/cuda.html#environment-variables)
Skipping step 16: EleutherAI/pythia-2.8b-deduped does not appear to have files named ('model-00001-of-00003.safetensors', 'model-00002-of-00003.safetensors', 'model-00003-of-00003.safetensors'). Checkout 'https://huggingface.co/EleutherAI/pythia-2.8b-deduped/tree/step16' for available files.
Skipping step 32: EleutherAI/pythia-2.8b-deduped does not appear to have files named ('model-00001-of-00003.safetensors', 'model-00002-of-00003.safetensors', 'model-00003-of-00003.safetensors'). Checkout 'https://huggingface.co/EleutherAI/pythia-2.8b-deduped/tree/step32' for available files.
Skipping step 64: EleutherAI/pythia-2.8b-deduped does not appear to have files named ('model-00001-of-00003.safetensors', 'model-00002-of-00003.safetensors', 'model-00003-of-00003.safetensors'). Checkout 'https://huggingface.co/EleutherAI/pythia-2.8b-deduped/tree/step64' for available files.
Skipping step 128: EleutherAI/pythia-2.8b-deduped does not appear to have files named ('model-00001-of-00003.safetensors', 'model-00002-of-00003.safetensors', 'model-00003-of-00003.safetensors'). Checkout 'https://huggingface.co/EleutherAI/pythia-2.8b-deduped/tree/step128' for available files.
Skipping step 256: EleutherAI/pythia-2.8b-deduped does not appear to have files named ('model-00001-of-00003.safetensors', 'model-00002-of-00003.safetensors', 'model-00003-of-00003.safetensors'). Checkout 'https://huggingface.co/EleutherAI/pythia-2.8b-deduped/tree/step256' for available files.
Skipping step 512: EleutherAI/pythia-2.8b-deduped does not appear to have files named ('model-00001-of-00003.safetensors', 'model-00002-of-00003.safetensors', 'model-00003-of-00003.safetensors'). Checkout 'https://huggingface.co/EleutherAI/pythia-2.8b-deduped/tree/step512' for available files.
Skipping step 1000: EleutherAI/pythia-2.8b-deduped does not appear to have files named ('model-00001-of-00003.safetensors', 'model-00002-of-00003.safetensors', 'model-00003-of-00003.safetensors'). Checkout 'https://huggingface.co/EleutherAI/pythia-2.8b-deduped/tree/step1000' for available files.
Skipping step 3000: EleutherAI/pythia-2.8b-deduped does not appear to have files named ('model-00001-of-00003.safetensors', 'model-00002-of-00003.safetensors', 'model-00003-of-00003.safetensors'). Checkout 'https://huggingface.co/EleutherAI/pythia-2.8b-deduped/tree/step3000' for available files.
Skipping step 6000: EleutherAI/pythia-2.8b-deduped does not appear to have files named ('model-00001-of-00003.safetensors', 'model-00002-of-00003.safetensors', 'model-00003-of-00003.safetensors'). Checkout 'https://huggingface.co/EleutherAI/pythia-2.8b-deduped/tree/step6000' for available files.
Skipping step 9000: EleutherAI/pythia-2.8b-deduped does not appear to have files named ('model-00001-of-00003.safetensors', 'model-00002-of-00003.safetensors', 'model-00003-of-00003.safetensors'). Checkout 'https://huggingface.co/EleutherAI/pythia-2.8b-deduped/tree/step9000' for available files.
Skipping step 12000: EleutherAI/pythia-2.8b-deduped does not appear to have files named ('model-00001-of-00003.safetensors', 'model-00002-of-00003.safetensors', 'model-00003-of-00003.safetensors'). Checkout 'https://huggingface.co/EleutherAI/pythia-2.8b-deduped/tree/step12000' for available files.
Skipping step 15000: EleutherAI/pythia-2.8b-deduped does not appear to have files named ('model-00001-of-00003.safetensors', 'model-00002-of-00003.safetensors', 'model-00003-of-00003.safetensors'). Checkout 'https://huggingface.co/EleutherAI/pythia-2.8b-deduped/tree/step15000' for available files.
Skipping step 18000: EleutherAI/pythia-2.8b-deduped does not appear to have files named ('model-00001-of-00003.safetensors', 'model-00002-of-00003.safetensors', 'model-00003-of-00003.safetensors'). Checkout 'https://huggingface.co/EleutherAI/pythia-2.8b-deduped/tree/step18000' for available files.
Skipping step 21000: EleutherAI/pythia-2.8b-deduped does not appear to have files named ('model-00001-of-00003.safetensors', 'model-00002-of-00003.safetensors', 'model-00003-of-00003.safetensors'). Checkout 'https://huggingface.co/EleutherAI/pythia-2.8b-deduped/tree/step21000' for available files.
Skipping step 24000: EleutherAI/pythia-2.8b-deduped does not appear to have files named ('model-00001-of-00003.safetensors', 'model-00002-of-00003.safetensors', 'model-00003-of-00003.safetensors'). Checkout 'https://huggingface.co/EleutherAI/pythia-2.8b-deduped/tree/step24000' for available files.
Skipping step 27000: EleutherAI/pythia-2.8b-deduped does not appear to have files named ('model-00001-of-00003.safetensors', 'model-00002-of-00003.safetensors', 'model-00003-of-00003.safetensors'). Checkout 'https://huggingface.co/EleutherAI/pythia-2.8b-deduped/tree/step27000' for available files.
Skipping step 29000: EleutherAI/pythia-2.8b-deduped does not appear to have files named ('model-00001-of-00003.safetensors', 'model-00002-of-00003.safetensors', 'model-00003-of-00003.safetensors'). Checkout 'https://huggingface.co/EleutherAI/pythia-2.8b-deduped/tree/step29000' for available files.
Skipping step 32000: EleutherAI/pythia-2.8b-deduped does not appear to have files named ('model-00001-of-00003.safetensors', 'model-00002-of-00003.safetensors', 'model-00003-of-00003.safetensors'). Checkout 'https://huggingface.co/EleutherAI/pythia-2.8b-deduped/tree/step32000' for available files.
Skipping step 35000: EleutherAI/pythia-2.8b-deduped does not appear to have files named ('model-00001-of-00003.safetensors', 'model-00002-of-00003.safetensors', 'model-00003-of-00003.safetensors'). Checkout 'https://huggingface.co/EleutherAI/pythia-2.8b-deduped/tree/step35000' for available files.
Skipping step 38000: EleutherAI/pythia-2.8b-deduped does not appear to have files named ('model-00001-of-00003.safetensors', 'model-00002-of-00003.safetensors', 'model-00003-of-00003.safetensors'). Checkout 'https://huggingface.co/EleutherAI/pythia-2.8b-deduped/tree/step38000' for available files.
Skipping step 41000: EleutherAI/pythia-2.8b-deduped does not appear to have files named ('model-00001-of-00003.safetensors', 'model-00002-of-00003.safetensors', 'model-00003-of-00003.safetensors'). Checkout 'https://huggingface.co/EleutherAI/pythia-2.8b-deduped/tree/step41000' for available files.
Skipping step 44000: EleutherAI/pythia-2.8b-deduped does not appear to have files named ('model-00001-of-00003.safetensors', 'model-00002-of-00003.safetensors', 'model-00003-of-00003.safetensors'). Checkout 'https://huggingface.co/EleutherAI/pythia-2.8b-deduped/tree/step44000' for available files.
