=== Running model: EleutherAI/pythia-6.9b (array task 11, batch_size 128) ===
EleutherAI/pythia-6.9b fineweb
Subsampled later checkpoints to 50
Total checkpoints: 58 (8 early + 50 later)
Loaded 2000 cached sequences from data/cache/filtered_texts_fineweb_2000.json
Processing 58 remaining checkpoints...
Step 0: rankme=250.675, alpha=0.654, r2_100=0.980
Step 8: rankme=246.016, alpha=0.657, r2_100=0.979
Step 16: rankme=226.437, alpha=0.678, r2_100=0.975
Step 32: rankme=128.504, alpha=0.733, r2_100=0.973
Step 64: rankme=17.473, alpha=0.946, r2_100=0.958
Step 128: rankme=11.332, alpha=1.360, r2_100=0.974
Step 256: rankme=10.995, alpha=1.722, r2_100=0.999
Step 512: rankme=22.449, alpha=1.710, r2_100=0.999
Skipping step 1000: Data processing error: CAS service error : IO Error: Disk quota exceeded (os error 122)
Skipping step 3000: Data processing error: CAS service error : IO Error: Disk quota exceeded (os error 122)
Skipping step 6000: Data processing error: CAS service error : IO Error: Disk quota exceeded (os error 122)
Skipping step 9000: Data processing error: CAS service error : IO Error: Disk quota exceeded (os error 122)
Skipping step 12000: Data processing error: CAS service error : IO Error: Disk quota exceeded (os error 122)
Skipping step 15000: Data processing error: CAS service error : IO Error: Disk quota exceeded (os error 122)
Skipping step 18000: Data processing error: CAS service error : IO Error: Disk quota exceeded (os error 122)
Skipping step 21000: Data processing error: CAS service error : IO Error: Disk quota exceeded (os error 122)
Skipping step 24000: Data processing error: CAS service error : IO Error: Disk quota exceeded (os error 122)
Skipping step 27000: Data processing error: CAS service error : IO Error: Disk quota exceeded (os error 122)
Skipping step 29000: Data processing error: CAS service error : IO Error: Disk quota exceeded (os error 122)
Skipping step 32000: Data processing error: CAS service error : IO Error: Disk quota exceeded (os error 122)
Skipping step 35000: Data processing error: CAS service error : IO Error: Disk quota exceeded (os error 122)
Skipping step 38000: Data processing error: CAS service error : IO Error: Disk quota exceeded (os error 122)
Skipping step 41000: Data processing error: CAS service error : IO Error: Disk quota exceeded (os error 122)
Skipping step 44000: Data processing error: CAS service error : IO Error: Disk quota exceeded (os error 122)
Skipping step 47000: Data processing error: CAS service error : IO Error: Disk quota exceeded (os error 122)
Skipping step 50000: Data processing error: CAS service error : IO Error: Disk quota exceeded (os error 122)
Skipping step 53000: Data processing error: CAS service error : IO Error: Disk quota exceeded (os error 122)
Skipping step 56000: Data processing error: CAS service error : IO Error: Disk quota exceeded (os error 122)
Skipping step 58000: Data processing error: CAS service error : IO Error: Disk quota exceeded (os error 122)
Skipping step 61000: Data processing error: CAS service error : IO Error: Disk quota exceeded (os error 122)
Skipping step 64000: Data processing error: CAS service error : IO Error: Disk quota exceeded (os error 122)
Skipping step 67000: Data processing error: CAS service error : IO Error: Disk quota exceeded (os error 122)
Skipping step 70000: Data processing error: CAS service error : IO Error: Disk quota exceeded (os error 122)
Skipping step 73000: Data processing error: CAS service error : IO Error: Disk quota exceeded (os error 122)
Skipping step 76000: Data processing error: CAS service error : IO Error: Disk quota exceeded (os error 122)
Skipping step 79000: Data processing error: CAS service error : IO Error: Disk quota exceeded (os error 122)
Skipping step 82000: Data processing error: CAS service error : IO Error: Disk quota exceeded (os error 122)
Skipping step 85000: Data processing error: CAS service error : IO Error: Disk quota exceeded (os error 122)
Skipping step 87000: Data processing error: CAS service error : IO Error: Disk quota exceeded (os error 122)
Skipping step 90000: Data processing error: CAS service error : IO Error: Disk quota exceeded (os error 122)
Skipping step 93000: Data processing error: CAS service error : IO Error: Disk quota exceeded (os error 122)
Skipping step 96000: Data processing error: CAS service error : IO Error: Disk quota exceeded (os error 122)
Skipping step 99000: Data processing error: CAS service error : IO Error: Disk quota exceeded (os error 122)
Skipping step 102000: Data processing error: CAS service error : IO Error: Disk quota exceeded (os error 122)
Skipping step 105000: Data processing error: CAS service error : IO Error: Disk quota exceeded (os error 122)
Skipping step 108000: Data processing error: CAS service error : IO Error: Disk quota exceeded (os error 122)
Skipping step 111000: Data processing error: CAS service error : IO Error: Disk quota exceeded (os error 122)
Skipping step 114000: Data processing error: CAS service error : IO Error: Disk quota exceeded (os error 122)
Skipping step 116000: Data processing error: CAS service error : IO Error: Disk quota exceeded (os error 122)
Skipping step 119000: Data processing error: CAS service error : IO Error: Disk quota exceeded (os error 122)
Skipping step 122000: Data processing error: CAS service error : IO Error: Disk quota exceeded (os error 122)
Skipping step 125000: Data processing error: CAS service error : IO Error: Disk quota exceeded (os error 122)
Skipping step 128000: Data processing error: CAS service error : IO Error: Disk quota exceeded (os error 122)
Skipping step 131000: Data processing error: CAS service error : IO Error: Disk quota exceeded (os error 122)
Skipping step 134000: Data processing error: CAS service error : IO Error: Disk quota exceeded (os error 122)
Skipping step 137000: Data processing error: CAS service error : IO Error: Disk quota exceeded (os error 122)
Skipping step 140000: Data processing error: CAS service error : IO Error: Disk quota exceeded (os error 122)
Skipping step 143000: Data processing error: CAS service error : IO Error: Disk quota exceeded (os error 122)
Saving results to results/results_pythia-6.9b.npy
=== Done: EleutherAI/pythia-6.9b ===
