=== Running model: EleutherAI/pythia-160m-deduped (array task 4, batch_size 1024) ===
EleutherAI/pythia-160m-deduped fineweb
Subsampled later checkpoints to 50
Total checkpoints: 58 (8 early + 50 later)
Loaded 5000 cached sequences from data/cache/filtered_texts_fineweb_5000.json
Processing 58 remaining checkpoints...
Step 0: saved (5000, 768) to activations/pythia-160m-deduped/step0.npy
Step 8: saved (5000, 768) to activations/pythia-160m-deduped/step8.npy
Step 16: saved (5000, 768) to activations/pythia-160m-deduped/step16.npy
Step 32: saved (5000, 768) to activations/pythia-160m-deduped/step32.npy
Step 64: saved (5000, 768) to activations/pythia-160m-deduped/step64.npy
Step 128: saved (5000, 768) to activations/pythia-160m-deduped/step128.npy
Step 256: saved (5000, 768) to activations/pythia-160m-deduped/step256.npy
Step 512: saved (5000, 768) to activations/pythia-160m-deduped/step512.npy
Step 1000: saved (5000, 768) to activations/pythia-160m-deduped/step1000.npy
Step 3000: saved (5000, 768) to activations/pythia-160m-deduped/step3000.npy
Step 6000: saved (5000, 768) to activations/pythia-160m-deduped/step6000.npy
Step 9000: saved (5000, 768) to activations/pythia-160m-deduped/step9000.npy
Step 12000: saved (5000, 768) to activations/pythia-160m-deduped/step12000.npy
Step 15000: saved (5000, 768) to activations/pythia-160m-deduped/step15000.npy
Step 18000: saved (5000, 768) to activations/pythia-160m-deduped/step18000.npy
Step 21000: saved (5000, 768) to activations/pythia-160m-deduped/step21000.npy
Step 24000: saved (5000, 768) to activations/pythia-160m-deduped/step24000.npy
Step 27000: saved (5000, 768) to activations/pythia-160m-deduped/step27000.npy
Step 29000: saved (5000, 768) to activations/pythia-160m-deduped/step29000.npy
Step 32000: saved (5000, 768) to activations/pythia-160m-deduped/step32000.npy
Step 35000: saved (5000, 768) to activations/pythia-160m-deduped/step35000.npy
Step 38000: saved (5000, 768) to activations/pythia-160m-deduped/step38000.npy
Step 41000: saved (5000, 768) to activations/pythia-160m-deduped/step41000.npy
Step 44000: saved (5000, 768) to activations/pythia-160m-deduped/step44000.npy
Step 47000: saved (5000, 768) to activations/pythia-160m-deduped/step47000.npy
Step 50000: saved (5000, 768) to activations/pythia-160m-deduped/step50000.npy
Step 53000: saved (5000, 768) to activations/pythia-160m-deduped/step53000.npy
Step 56000: saved (5000, 768) to activations/pythia-160m-deduped/step56000.npy
Step 58000: saved (5000, 768) to activations/pythia-160m-deduped/step58000.npy
Step 61000: saved (5000, 768) to activations/pythia-160m-deduped/step61000.npy
Step 64000: saved (5000, 768) to activations/pythia-160m-deduped/step64000.npy
Step 67000: saved (5000, 768) to activations/pythia-160m-deduped/step67000.npy
Step 70000: saved (5000, 768) to activations/pythia-160m-deduped/step70000.npy
Step 73000: saved (5000, 768) to activations/pythia-160m-deduped/step73000.npy
Step 76000: saved (5000, 768) to activations/pythia-160m-deduped/step76000.npy
Step 79000: saved (5000, 768) to activations/pythia-160m-deduped/step79000.npy
Step 82000: saved (5000, 768) to activations/pythia-160m-deduped/step82000.npy
Step 85000: saved (5000, 768) to activations/pythia-160m-deduped/step85000.npy
Step 87000: saved (5000, 768) to activations/pythia-160m-deduped/step87000.npy
Step 90000: saved (5000, 768) to activations/pythia-160m-deduped/step90000.npy
Step 93000: saved (5000, 768) to activations/pythia-160m-deduped/step93000.npy
Step 96000: saved (5000, 768) to activations/pythia-160m-deduped/step96000.npy
Step 99000: saved (5000, 768) to activations/pythia-160m-deduped/step99000.npy
Step 102000: saved (5000, 768) to activations/pythia-160m-deduped/step102000.npy
Step 105000: saved (5000, 768) to activations/pythia-160m-deduped/step105000.npy
Step 108000: saved (5000, 768) to activations/pythia-160m-deduped/step108000.npy
Step 111000: saved (5000, 768) to activations/pythia-160m-deduped/step111000.npy
Step 114000: saved (5000, 768) to activations/pythia-160m-deduped/step114000.npy
Step 116000: saved (5000, 768) to activations/pythia-160m-deduped/step116000.npy
Step 119000: saved (5000, 768) to activations/pythia-160m-deduped/step119000.npy
Step 122000: saved (5000, 768) to activations/pythia-160m-deduped/step122000.npy
Step 125000: saved (5000, 768) to activations/pythia-160m-deduped/step125000.npy
Step 128000: saved (5000, 768) to activations/pythia-160m-deduped/step128000.npy
Step 131000: saved (5000, 768) to activations/pythia-160m-deduped/step131000.npy
Step 134000: saved (5000, 768) to activations/pythia-160m-deduped/step134000.npy
Step 137000: saved (5000, 768) to activations/pythia-160m-deduped/step137000.npy
Step 140000: saved (5000, 768) to activations/pythia-160m-deduped/step140000.npy
Step 143000: saved (5000, 768) to activations/pythia-160m-deduped/step143000.npy
Completed! Activations saved to activations/pythia-160m-deduped
=== Done: EleutherAI/pythia-160m-deduped ===
