=== Running model: EleutherAI/pythia-6.9b (array task 13, batch_size 256) ===
EleutherAI/pythia-6.9b fineweb
Subsampled later checkpoints to 50
Total checkpoints: 58 (8 early + 50 later)
Loaded 5000 cached sequences from data/cache/filtered_texts_fineweb_5000.json
Processing 58 remaining checkpoints...
Skipping step 0: CUDA out of memory. Tried to allocate 4.00 GiB. GPU 0 has a total capacity of 93.09 GiB of which 947.00 MiB is free. Including non-PyTorch memory, this process has 92.15 GiB memory in use. Of the allocated memory 84.48 GiB is allocated by PyTorch, and 7.00 GiB is reserved by PyTorch but unallocated. If reserved but unallocated memory is large try setting PYTORCH_ALLOC_CONF=expandable_segments:True to avoid fragmentation.  See documentation for Memory Management  (https://pytorch.org/docs/stable/notes/cuda.html#environment-variables)
Skipping step 8: CUDA out of memory. Tried to allocate 4.00 GiB. GPU 0 has a total capacity of 93.09 GiB of which 947.00 MiB is free. Including non-PyTorch memory, this process has 92.15 GiB memory in use. Of the allocated memory 84.48 GiB is allocated by PyTorch, and 7.00 GiB is reserved by PyTorch but unallocated. If reserved but unallocated memory is large try setting PYTORCH_ALLOC_CONF=expandable_segments:True to avoid fragmentation.  See documentation for Memory Management  (https://pytorch.org/docs/stable/notes/cuda.html#environment-variables)
Skipping step 16: EleutherAI/pythia-6.9b does not appear to have files named ('pytorch_model-00001-of-00002.bin', 'pytorch_model-00002-of-00002.bin'). Checkout 'https://huggingface.co/EleutherAI/pythia-6.9b/tree/step16' for available files.
Skipping step 32: EleutherAI/pythia-6.9b does not appear to have files named ('pytorch_model-00001-of-00002.bin', 'pytorch_model-00002-of-00002.bin'). Checkout 'https://huggingface.co/EleutherAI/pythia-6.9b/tree/step32' for available files.
Skipping step 64: EleutherAI/pythia-6.9b does not appear to have files named ('pytorch_model-00001-of-00002.bin', 'pytorch_model-00002-of-00002.bin'). Checkout 'https://huggingface.co/EleutherAI/pythia-6.9b/tree/step64' for available files.
Skipping step 128: EleutherAI/pythia-6.9b does not appear to have files named ('pytorch_model-00001-of-00002.bin', 'pytorch_model-00002-of-00002.bin'). Checkout 'https://huggingface.co/EleutherAI/pythia-6.9b/tree/step128' for available files.
Skipping step 256: EleutherAI/pythia-6.9b does not appear to have files named ('pytorch_model-00001-of-00002.bin', 'pytorch_model-00002-of-00002.bin'). Checkout 'https://huggingface.co/EleutherAI/pythia-6.9b/tree/step256' for available files.
Skipping step 512: EleutherAI/pythia-6.9b does not appear to have files named ('pytorch_model-00001-of-00002.bin', 'pytorch_model-00002-of-00002.bin'). Checkout 'https://huggingface.co/EleutherAI/pythia-6.9b/tree/step512' for available files.
Skipping step 1000: EleutherAI/pythia-6.9b does not appear to have files named ('pytorch_model-00001-of-00002.bin', 'pytorch_model-00002-of-00002.bin'). Checkout 'https://huggingface.co/EleutherAI/pythia-6.9b/tree/step1000' for available files.
Skipping step 3000: EleutherAI/pythia-6.9b does not appear to have files named ('pytorch_model-00001-of-00002.bin', 'pytorch_model-00002-of-00002.bin'). Checkout 'https://huggingface.co/EleutherAI/pythia-6.9b/tree/step3000' for available files.
Skipping step 6000: EleutherAI/pythia-6.9b does not appear to have files named ('pytorch_model-00001-of-00002.bin', 'pytorch_model-00002-of-00002.bin'). Checkout 'https://huggingface.co/EleutherAI/pythia-6.9b/tree/step6000' for available files.
Skipping step 9000: EleutherAI/pythia-6.9b does not appear to have files named ('pytorch_model-00001-of-00002.bin', 'pytorch_model-00002-of-00002.bin'). Checkout 'https://huggingface.co/EleutherAI/pythia-6.9b/tree/step9000' for available files.
Skipping step 12000: EleutherAI/pythia-6.9b does not appear to have files named ('pytorch_model-00001-of-00002.bin', 'pytorch_model-00002-of-00002.bin'). Checkout 'https://huggingface.co/EleutherAI/pythia-6.9b/tree/step12000' for available files.
Skipping step 15000: EleutherAI/pythia-6.9b does not appear to have files named ('pytorch_model-00001-of-00002.bin', 'pytorch_model-00002-of-00002.bin'). Checkout 'https://huggingface.co/EleutherAI/pythia-6.9b/tree/step15000' for available files.
Skipping step 18000: EleutherAI/pythia-6.9b does not appear to have files named ('pytorch_model-00001-of-00002.bin', 'pytorch_model-00002-of-00002.bin'). Checkout 'https://huggingface.co/EleutherAI/pythia-6.9b/tree/step18000' for available files.
Skipping step 21000: EleutherAI/pythia-6.9b does not appear to have files named ('pytorch_model-00001-of-00002.bin', 'pytorch_model-00002-of-00002.bin'). Checkout 'https://huggingface.co/EleutherAI/pythia-6.9b/tree/step21000' for available files.
Skipping step 24000: EleutherAI/pythia-6.9b does not appear to have files named ('pytorch_model-00001-of-00002.bin', 'pytorch_model-00002-of-00002.bin'). Checkout 'https://huggingface.co/EleutherAI/pythia-6.9b/tree/step24000' for available files.
Skipping step 27000: EleutherAI/pythia-6.9b does not appear to have files named ('pytorch_model-00001-of-00002.bin', 'pytorch_model-00002-of-00002.bin'). Checkout 'https://huggingface.co/EleutherAI/pythia-6.9b/tree/step27000' for available files.
