=== Running model: EleutherAI/pythia-70m (array task 2, batch_size 1024) ===
EleutherAI/pythia-70m fineweb
Subsampled later checkpoints to 50
Total checkpoints: 58 (8 early + 50 later)
Loaded 5000 cached sequences from data/cache/filtered_texts_fineweb_5000.json
Processing 58 remaining checkpoints...
Step 0: saved (5000, 512) to activations/pythia-70m/step0.npy
Step 8: saved (5000, 512) to activations/pythia-70m/step8.npy
Step 16: saved (5000, 512) to activations/pythia-70m/step16.npy
Step 32: saved (5000, 512) to activations/pythia-70m/step32.npy
Step 64: saved (5000, 512) to activations/pythia-70m/step64.npy
Step 128: saved (5000, 512) to activations/pythia-70m/step128.npy
Step 256: saved (5000, 512) to activations/pythia-70m/step256.npy
Step 512: saved (5000, 512) to activations/pythia-70m/step512.npy
Step 1000: saved (5000, 512) to activations/pythia-70m/step1000.npy
Step 3000: saved (5000, 512) to activations/pythia-70m/step3000.npy
Step 6000: saved (5000, 512) to activations/pythia-70m/step6000.npy
Step 9000: saved (5000, 512) to activations/pythia-70m/step9000.npy
Step 12000: saved (5000, 512) to activations/pythia-70m/step12000.npy
Step 15000: saved (5000, 512) to activations/pythia-70m/step15000.npy
Step 18000: saved (5000, 512) to activations/pythia-70m/step18000.npy
Step 21000: saved (5000, 512) to activations/pythia-70m/step21000.npy
Step 24000: saved (5000, 512) to activations/pythia-70m/step24000.npy
Step 27000: saved (5000, 512) to activations/pythia-70m/step27000.npy
Step 29000: saved (5000, 512) to activations/pythia-70m/step29000.npy
Step 32000: saved (5000, 512) to activations/pythia-70m/step32000.npy
Step 35000: saved (5000, 512) to activations/pythia-70m/step35000.npy
