=== Running model: EleutherAI/pythia-1.4b (array task 7, batch_size 128) ===
EleutherAI/pythia-1.4b fineweb
Subsampled later checkpoints to 50
Total checkpoints: 58 (8 early + 50 later)
Loaded 2000 cached sequences from data/cache/filtered_texts_fineweb_2000.json
Processing 58 remaining checkpoints...
Step 0: rankme=160.189, alpha=0.638, r2_100=0.997
Step 8: rankme=153.850, alpha=0.650, r2_100=0.996
Step 16: rankme=101.267, alpha=0.683, r2_100=0.992
Step 32: rankme=6.087, alpha=0.959, r2_100=0.954
Step 64: rankme=9.278, alpha=1.592, r2_100=0.985
Warning: could not clean cache for step128: [Errno 2] No such file or directory: '/gpfs/work5/0/prjs1815/hf_cache/hub/models--EleutherAI--pythia-160m-deduped/snapshots/54f58f09ff85a2c74ef127de294a4c282632db4c'
Step 128: rankme=13.427, alpha=1.606, r2_100=0.999
Step 256: rankme=18.689, alpha=1.602, r2_100=0.995
Step 512: rankme=57.586, alpha=1.218, r2_100=0.995
Step 1000: rankme=153.693, alpha=0.877, r2_100=0.997
Step 3000: rankme=302.304, alpha=0.754, r2_100=0.999
Step 6000: rankme=403.287, alpha=0.720, r2_100=0.998
Warning: could not clean cache for step9000: [Errno 2] No such file or directory: '/gpfs/work5/0/prjs1815/hf_cache/hub/models--EleutherAI--pythia-70m/snapshots/39d5f31352dce690d66d533cf7c5ba8a6327b008'
Step 9000: rankme=435.633, alpha=0.707, r2_100=0.999
Step 12000: rankme=457.402, alpha=0.697, r2_100=0.998
Step 15000: rankme=463.690, alpha=0.691, r2_100=0.998
Step 18000: rankme=460.701, alpha=0.693, r2_100=0.998
Step 21000: rankme=460.452, alpha=0.691, r2_100=0.998
Step 24000: rankme=452.794, alpha=0.696, r2_100=0.998
Step 27000: rankme=450.972, alpha=0.689, r2_100=0.997
Step 29000: rankme=451.679, alpha=0.682, r2_100=0.998
Step 32000: rankme=438.913, alpha=0.684, r2_100=0.997
Step 35000: rankme=425.585, alpha=0.692, r2_100=0.998
Step 38000: rankme=412.638, alpha=0.687, r2_100=0.997
Step 41000: rankme=407.246, alpha=0.681, r2_100=0.998
Step 44000: rankme=380.482, alpha=0.699, r2_100=0.997
Step 47000: rankme=369.976, alpha=0.705, r2_100=0.996
Skipping step 50000: Data processing error: CAS service error : IO Error: Disk quota exceeded (os error 122)
Skipping step 53000: Data processing error: CAS service error : IO Error: Disk quota exceeded (os error 122)
Skipping step 56000: Data processing error: CAS service error : IO Error: Disk quota exceeded (os error 122)
Skipping step 58000: Data processing error: CAS service error : IO Error: Disk quota exceeded (os error 122)
Skipping step 61000: Data processing error: CAS service error : IO Error: Disk quota exceeded (os error 122)
Skipping step 64000: Data processing error: CAS service error : IO Error: Disk quota exceeded (os error 122)
Skipping step 67000: Data processing error: CAS service error : IO Error: Disk quota exceeded (os error 122)
Skipping step 70000: Data processing error: CAS service error : IO Error: Disk quota exceeded (os error 122)
Skipping step 73000: Data processing error: CAS service error : IO Error: Disk quota exceeded (os error 122)
Skipping step 76000: Data processing error: CAS service error : IO Error: Disk quota exceeded (os error 122)
Skipping step 79000: Data processing error: CAS service error : IO Error: Disk quota exceeded (os error 122)
Skipping step 82000: Data processing error: CAS service error : IO Error: Disk quota exceeded (os error 122)
Skipping step 85000: Data processing error: CAS service error : IO Error: Disk quota exceeded (os error 122)
Skipping step 87000: Data processing error: CAS service error : IO Error: Disk quota exceeded (os error 122)
Skipping step 90000: Data processing error: CAS service error : IO Error: Disk quota exceeded (os error 122)
Skipping step 93000: Data processing error: CAS service error : IO Error: Disk quota exceeded (os error 122)
Skipping step 96000: Data processing error: CAS service error : IO Error: Disk quota exceeded (os error 122)
Skipping step 99000: Data processing error: CAS service error : IO Error: Disk quota exceeded (os error 122)
Skipping step 102000: Data processing error: CAS service error : IO Error: Disk quota exceeded (os error 122)
Skipping step 105000: Data processing error: CAS service error : IO Error: Disk quota exceeded (os error 122)
Skipping step 108000: Data processing error: CAS service error : IO Error: Disk quota exceeded (os error 122)
Skipping step 111000: Data processing error: CAS service error : IO Error: Disk quota exceeded (os error 122)
Skipping step 114000: Data processing error: CAS service error : IO Error: Disk quota exceeded (os error 122)
Skipping step 116000: Data processing error: CAS service error : IO Error: Disk quota exceeded (os error 122)
Skipping step 119000: Data processing error: CAS service error : IO Error: Disk quota exceeded (os error 122)
Skipping step 122000: Data processing error: CAS service error : IO Error: Disk quota exceeded (os error 122)
Skipping step 125000: Data processing error: CAS service error : IO Error: Disk quota exceeded (os error 122)
Skipping step 128000: Data processing error: CAS service error : IO Error: Disk quota exceeded (os error 122)
Skipping step 131000: Data processing error: CAS service error : IO Error: Disk quota exceeded (os error 122)
Skipping step 134000: Data processing error: CAS service error : IO Error: Disk quota exceeded (os error 122)
Skipping step 137000: Data processing error: CAS service error : IO Error: Disk quota exceeded (os error 122)
Skipping step 140000: Data processing error: CAS service error : IO Error: Disk quota exceeded (os error 122)
Skipping step 143000: Data processing error: CAS service error : IO Error: Disk quota exceeded (os error 122)
Saving results to results/results_pythia-1.4b.npy
=== Done: EleutherAI/pythia-1.4b ===
