=== Running model: EleutherAI/pythia-12b (array task 12, batch_size 128) ===
EleutherAI/pythia-12b fineweb
Subsampled later checkpoints to 50
Total checkpoints: 58 (8 early + 50 later)
Loaded 2000 cached sequences from data/cache/filtered_texts_fineweb_2000.json
Processing 58 remaining checkpoints...
Step 0: rankme=308.159, alpha=0.654, r2_100=0.968
Step 8: rankme=301.485, alpha=0.659, r2_100=0.967
Step 16: rankme=257.760, alpha=0.683, r2_100=0.963
Step 32: rankme=160.793, alpha=0.744, r2_100=0.956
Skipping step 64: Data processing error: CAS service error : IO Error: Disk quota exceeded (os error 122)
Skipping step 128: Data processing error: CAS service error : IO Error: Disk quota exceeded (os error 122)
Skipping step 256: Data processing error: CAS service error : IO Error: Disk quota exceeded (os error 122)
Skipping step 512: Data processing error: CAS service error : IO Error: Disk quota exceeded (os error 122)
Skipping step 1000: Data processing error: CAS service error : IO Error: Disk quota exceeded (os error 122)
Skipping step 3000: Data processing error: CAS service error : IO Error: Disk quota exceeded (os error 122)
Skipping step 6000: [Errno 122] Disk quota exceeded: '/projects/prjs1815/hf_cache/hub/.locks/models--EleutherAI--pythia-12b/3c8fa0ec174bfb60f8dde192394dcbd2e8128106.lock'
Skipping step 9000: [Errno 122] Disk quota exceeded
Skipping step 12000: [Errno 122] Disk quota exceeded
Skipping step 15000: [Errno 122] Disk quota exceeded
Skipping step 18000: [Errno 122] Disk quota exceeded: '/projects/prjs1815/hf_cache/hub/.locks/models--EleutherAI--pythia-12b/ff575668e41c8347eac365d8a33be9f49a0c6242eb64460a1549aa1418ec0a54.lock'
Skipping step 21000: Data processing error: CAS service error : IO Error: Disk quota exceeded (os error 122)
Skipping step 24000: Data processing error: CAS service error : IO Error: Disk quota exceeded (os error 122)
Skipping step 27000: Data processing error: CAS service error : IO Error: Disk quota exceeded (os error 122)
Skipping step 29000: Data processing error: CAS service error : IO Error: Disk quota exceeded (os error 122)
Skipping step 32000: Data processing error: CAS service error : IO Error: Disk quota exceeded (os error 122)
Skipping step 35000: Data processing error: CAS service error : IO Error: Disk quota exceeded (os error 122)
Skipping step 38000: Data processing error: CAS service error : IO Error: Disk quota exceeded (os error 122)
Skipping step 41000: Data processing error: CAS service error : IO Error: Disk quota exceeded (os error 122)
Skipping step 44000: Data processing error: CAS service error : IO Error: Disk quota exceeded (os error 122)
Skipping step 47000: [Errno 122] Disk quota exceeded
Skipping step 50000: [Errno 122] Disk quota exceeded
Skipping step 53000: [Errno 122] Disk quota exceeded
Skipping step 56000: Data processing error: CAS service error : IO Error: Disk quota exceeded (os error 122)
Skipping step 58000: Data processing error: CAS service error : IO Error: Disk quota exceeded (os error 122)
Skipping step 61000: Data processing error: CAS service error : IO Error: Disk quota exceeded (os error 122)
Skipping step 64000: Data processing error: CAS service error : IO Error: Disk quota exceeded (os error 122)
Skipping step 67000: Data processing error: CAS service error : IO Error: Disk quota exceeded (os error 122)
Skipping step 70000: Data processing error: CAS service error : IO Error: Disk quota exceeded (os error 122)
Skipping step 73000: Data processing error: CAS service error : IO Error: Disk quota exceeded (os error 122)
Skipping step 76000: Data processing error: CAS service error : IO Error: Disk quota exceeded (os error 122)
Skipping step 79000: Data processing error: CAS service error : IO Error: Disk quota exceeded (os error 122)
Skipping step 82000: Data processing error: CAS service error : IO Error: Disk quota exceeded (os error 122)
Skipping step 85000: Data processing error: CAS service error : IO Error: Disk quota exceeded (os error 122)
Skipping step 87000: Data processing error: CAS service error : IO Error: Disk quota exceeded (os error 122)
Skipping step 90000: Data processing error: CAS service error : IO Error: Disk quota exceeded (os error 122)
Skipping step 93000: Data processing error: CAS service error : IO Error: Disk quota exceeded (os error 122)
Skipping step 96000: Data processing error: CAS service error : IO Error: Disk quota exceeded (os error 122)
Skipping step 99000: Data processing error: CAS service error : IO Error: Disk quota exceeded (os error 122)
Skipping step 102000: Data processing error: CAS service error : IO Error: Disk quota exceeded (os error 122)
Skipping step 105000: Data processing error: CAS service error : IO Error: Disk quota exceeded (os error 122)
Warning: could not clean cache for step108000: [Errno 2] No such file or directory: '/gpfs/work5/0/prjs1815/hf_cache/hub/models--EleutherAI--pythia-6.9b/snapshots/f5403f05aa02e6270ab41a3b15cc25accfbf40b2'
Skipping step 108000: Data processing error: CAS service error : IO Error: Disk quota exceeded (os error 122)
Skipping step 111000: Data processing error: CAS service error : IO Error: Disk quota exceeded (os error 122)
Skipping step 114000: Data processing error: CAS service error : IO Error: Disk quota exceeded (os error 122)
Skipping step 116000: Data processing error: CAS service error : IO Error: Disk quota exceeded (os error 122)
Skipping step 119000: Data processing error: CAS service error : IO Error: Disk quota exceeded (os error 122)
Skipping step 122000: Data processing error: CAS service error : IO Error: Disk quota exceeded (os error 122)
Warning: could not clean cache for step125000: [Errno 2] No such file or directory: '/gpfs/work5/0/prjs1815/hf_cache/hub/models--EleutherAI--pythia-6.9b/snapshots/cd21170d5cd536fed247ad6492affe196f8b5075'
Skipping step 125000: Data processing error: CAS service error : IO Error: Disk quota exceeded (os error 122)
Skipping step 128000: Data processing error: CAS service error : IO Error: Disk quota exceeded (os error 122)
Skipping step 131000: Data processing error: CAS service error : IO Error: Disk quota exceeded (os error 122)
Skipping step 134000: Data processing error: CAS service error : IO Error: Disk quota exceeded (os error 122)
Skipping step 137000: Data processing error: CAS service error : IO Error: Disk quota exceeded (os error 122)
Skipping step 140000: Data processing error: CAS service error : IO Error: Disk quota exceeded (os error 122)
Skipping step 143000: Data processing error: CAS service error : IO Error: Disk quota exceeded (os error 122)
Saving results to results/results_pythia-12b.npy
=== Done: EleutherAI/pythia-12b ===
