=== Running model: EleutherAI/pythia-2.8b-deduped (array task 10, batch_size 128) ===
EleutherAI/pythia-2.8b-deduped fineweb
Subsampled later checkpoints to 50
Total checkpoints: 58 (8 early + 50 later)
Loaded 2000 cached sequences from data/cache/filtered_texts_fineweb_2000.json
Processing 58 remaining checkpoints...
Step 0: rankme=190.884, alpha=0.617, r2_100=0.998
Step 8: rankme=169.241, alpha=0.635, r2_100=0.997
Step 16: rankme=81.755, alpha=0.684, r2_100=0.991
Step 32: rankme=4.751, alpha=1.062, r2_100=0.946
Step 64: rankme=8.948, alpha=1.676, r2_100=0.985
Step 128: rankme=13.199, alpha=1.698, r2_100=0.999
Skipping step 256: Data processing error: CAS service error : IO Error: Disk quota exceeded (os error 122)
Skipping step 512: Data processing error: CAS service error : IO Error: Disk quota exceeded (os error 122)
Skipping step 1000: Data processing error: CAS service error : IO Error: Disk quota exceeded (os error 122)
Skipping step 3000: Data processing error: CAS service error : IO Error: Disk quota exceeded (os error 122)
Skipping step 6000: Data processing error: CAS service error : IO Error: Disk quota exceeded (os error 122)
Skipping step 9000: Data processing error: CAS service error : IO Error: Disk quota exceeded (os error 122)
Skipping step 12000: Data processing error: CAS service error : IO Error: Disk quota exceeded (os error 122)
Skipping step 15000: Data processing error: CAS service error : IO Error: Disk quota exceeded (os error 122)
Skipping step 18000: Data processing error: CAS service error : IO Error: Disk quota exceeded (os error 122)
Skipping step 21000: Data processing error: CAS service error : IO Error: Disk quota exceeded (os error 122)
Warning: could not clean cache for step24000: [Errno 2] No such file or directory: '/gpfs/work5/0/prjs1815/hf_cache/hub/models--EleutherAI--pythia-1.4b/snapshots/f307dffa7a87cbe3b968a7859050ffc4d757ab7e'
Skipping step 24000: Data processing error: CAS service error : IO Error: Disk quota exceeded (os error 122)
Skipping step 27000: Data processing error: CAS service error : IO Error: Disk quota exceeded (os error 122)
Skipping step 29000: Data processing error: CAS service error : IO Error: Disk quota exceeded (os error 122)
Skipping step 32000: Data processing error: CAS service error : IO Error: Disk quota exceeded (os error 122)
Skipping step 35000: Data processing error: CAS service error : IO Error: Disk quota exceeded (os error 122)
Skipping step 38000: Data processing error: CAS service error : IO Error: Disk quota exceeded (os error 122)
Skipping step 41000: Data processing error: CAS service error : IO Error: Disk quota exceeded (os error 122)
Skipping step 44000: Data processing error: CAS service error : IO Error: Disk quota exceeded (os error 122)
Skipping step 47000: Data processing error: CAS service error : IO Error: Disk quota exceeded (os error 122)
Skipping step 50000: Data processing error: CAS service error : IO Error: Disk quota exceeded (os error 122)
Skipping step 53000: Data processing error: CAS service error : IO Error: Disk quota exceeded (os error 122)
Skipping step 56000: Data processing error: CAS service error : IO Error: Disk quota exceeded (os error 122)
Skipping step 58000: Data processing error: CAS service error : IO Error: Disk quota exceeded (os error 122)
Skipping step 61000: Data processing error: CAS service error : IO Error: Disk quota exceeded (os error 122)
Skipping step 64000: Can't load the model for 'EleutherAI/pythia-2.8b-deduped'. If you were trying to load it from 'https://huggingface.co/models', make sure you don't have a local directory with the same name. Otherwise, make sure 'EleutherAI/pythia-2.8b-deduped' is the correct path to a directory containing a file named pytorch_model.bin.
Skipping step 67000: Can't load the model for 'EleutherAI/pythia-2.8b-deduped'. If you were trying to load it from 'https://huggingface.co/models', make sure you don't have a local directory with the same name. Otherwise, make sure 'EleutherAI/pythia-2.8b-deduped' is the correct path to a directory containing a file named pytorch_model.bin.
Skipping step 70000: Can't load the model for 'EleutherAI/pythia-2.8b-deduped'. If you were trying to load it from 'https://huggingface.co/models', make sure you don't have a local directory with the same name. Otherwise, make sure 'EleutherAI/pythia-2.8b-deduped' is the correct path to a directory containing a file named pytorch_model.bin.
Skipping step 73000: Can't load the model for 'EleutherAI/pythia-2.8b-deduped'. If you were trying to load it from 'https://huggingface.co/models', make sure you don't have a local directory with the same name. Otherwise, make sure 'EleutherAI/pythia-2.8b-deduped' is the correct path to a directory containing a file named pytorch_model.bin.
Skipping step 76000: Can't load the model for 'EleutherAI/pythia-2.8b-deduped'. If you were trying to load it from 'https://huggingface.co/models', make sure you don't have a local directory with the same name. Otherwise, make sure 'EleutherAI/pythia-2.8b-deduped' is the correct path to a directory containing a file named pytorch_model.bin.
Skipping step 79000: Can't load the model for 'EleutherAI/pythia-2.8b-deduped'. If you were trying to load it from 'https://huggingface.co/models', make sure you don't have a local directory with the same name. Otherwise, make sure 'EleutherAI/pythia-2.8b-deduped' is the correct path to a directory containing a file named pytorch_model.bin.
Skipping step 82000: Can't load the model for 'EleutherAI/pythia-2.8b-deduped'. If you were trying to load it from 'https://huggingface.co/models', make sure you don't have a local directory with the same name. Otherwise, make sure 'EleutherAI/pythia-2.8b-deduped' is the correct path to a directory containing a file named pytorch_model.bin.
Skipping step 85000: Can't load the model for 'EleutherAI/pythia-2.8b-deduped'. If you were trying to load it from 'https://huggingface.co/models', make sure you don't have a local directory with the same name. Otherwise, make sure 'EleutherAI/pythia-2.8b-deduped' is the correct path to a directory containing a file named pytorch_model.bin.
Skipping step 87000: Can't load the model for 'EleutherAI/pythia-2.8b-deduped'. If you were trying to load it from 'https://huggingface.co/models', make sure you don't have a local directory with the same name. Otherwise, make sure 'EleutherAI/pythia-2.8b-deduped' is the correct path to a directory containing a file named pytorch_model.bin.
Skipping step 90000: Can't load the model for 'EleutherAI/pythia-2.8b-deduped'. If you were trying to load it from 'https://huggingface.co/models', make sure you don't have a local directory with the same name. Otherwise, make sure 'EleutherAI/pythia-2.8b-deduped' is the correct path to a directory containing a file named pytorch_model.bin.
Skipping step 93000: [Errno 122] Disk quota exceeded: '/projects/prjs1815/hf_cache/hub/models--EleutherAI--pythia-2.8b-deduped/snapshots/b4692ed1d531bb63c50f5664236d4226e29c567d'
Skipping step 96000: [Errno 122] Disk quota exceeded: '/projects/prjs1815/hf_cache/hub/models--EleutherAI--pythia-2.8b-deduped/snapshots/b51952f40567a4ec3ce4dce20a5280840f6ae227'
Skipping step 99000: [Errno 122] Disk quota exceeded: '/projects/prjs1815/hf_cache/hub/models--EleutherAI--pythia-2.8b-deduped/snapshots/f049796e71da489ea54cd2530b7b92db69203ebc'
Skipping step 102000: [Errno 122] Disk quota exceeded: '/projects/prjs1815/hf_cache/hub/models--EleutherAI--pythia-2.8b-deduped/snapshots/d9e5843b670984309f2ea72565d35d7c5af7b90e'
Skipping step 105000: [Errno 122] Disk quota exceeded: '/projects/prjs1815/hf_cache/hub/models--EleutherAI--pythia-2.8b-deduped/snapshots/f790e2d305a67dfe160805773d767012b5846852'
Skipping step 108000: [Errno 122] Disk quota exceeded: '/projects/prjs1815/hf_cache/hub/models--EleutherAI--pythia-2.8b-deduped/snapshots/571818bd0e318e5e864375cd2d042c7be85ae1a1'
Skipping step 111000: [Errno 122] Disk quota exceeded: '/projects/prjs1815/hf_cache/hub/models--EleutherAI--pythia-2.8b-deduped/snapshots/1fd30cc6dfde9b1a8cdea364a22d615fe6ee3ef9'
Skipping step 114000: [Errno 122] Disk quota exceeded: '/projects/prjs1815/hf_cache/hub/models--EleutherAI--pythia-2.8b-deduped/snapshots/5c18abac4b20c4ddccfa8286fb58702a4cac02c3'
Skipping step 116000: [Errno 122] Disk quota exceeded: '/projects/prjs1815/hf_cache/hub/models--EleutherAI--pythia-2.8b-deduped/snapshots/4c2e36d7b78db20060d9549075d7c92ec1d216b0'
Skipping step 119000: [Errno 122] Disk quota exceeded: '/projects/prjs1815/hf_cache/hub/models--EleutherAI--pythia-2.8b-deduped/snapshots/b7a19d425b06e6e5c3709a6a8e82f4b61df8ed0d'
Skipping step 122000: [Errno 122] Disk quota exceeded: '/projects/prjs1815/hf_cache/hub/models--EleutherAI--pythia-2.8b-deduped/snapshots/280992d04da46619bbd7835227371c077a43d115'
Skipping step 125000: [Errno 122] Disk quota exceeded: '/projects/prjs1815/hf_cache/hub/models--EleutherAI--pythia-2.8b-deduped/snapshots/1ea6b197fdcd7282a6a447ed2717de2ba0e2b15b'
Skipping step 128000: [Errno 122] Disk quota exceeded: '/projects/prjs1815/hf_cache/hub/models--EleutherAI--pythia-2.8b-deduped/snapshots/aaea429327a68fcc565a54653c07a7db15eab8f9'
Skipping step 131000: [Errno 122] Disk quota exceeded: '/projects/prjs1815/hf_cache/hub/models--EleutherAI--pythia-2.8b-deduped/snapshots/b5b21fd8face2ef1836d5346990316c4c7b056e6'
Skipping step 134000: [Errno 122] Disk quota exceeded: '/projects/prjs1815/hf_cache/hub/models--EleutherAI--pythia-2.8b-deduped/snapshots/9233e24ae09c67da3620b26a21fc621dd5653d90'
Skipping step 137000: [Errno 122] Disk quota exceeded: '/projects/prjs1815/hf_cache/hub/models--EleutherAI--pythia-2.8b-deduped/snapshots/1a55bef5e8414d28fd73b08037663dbede118e42'
Skipping step 140000: [Errno 122] Disk quota exceeded: '/projects/prjs1815/hf_cache/hub/models--EleutherAI--pythia-2.8b-deduped/snapshots/42e7ac50f5da2f01061f2b27146fb399cde172de'
Skipping step 143000: [Errno 122] Disk quota exceeded: '/projects/prjs1815/hf_cache/hub/models--EleutherAI--pythia-2.8b-deduped/snapshots/346f515745789fe4b4acbc74b105707cc9d5a36d'
Saving results to results/results_pythia-2.8b-deduped.npy
=== Done: EleutherAI/pythia-2.8b-deduped ===
